[0.         0.011547   0.02309401 0.03464101 0.04618802 0.05773502
 0.06928202 0.08082903 0.09237603 0.10392304 0.11547004 0.12701704
 0.13856405 0.15011105 0.16165806 0.17320506 0.18475206 0.19629907
 0.20784607 0.21939308 0.23094008 0.24248708 0.25403409 0.26558109
 0.2771281  0.2886751  0.3002221  0.31176911 0.32331611 0.33486312
 0.34641012 0.35795713 0.36950413 0.38105113 0.39259814 0.40414514
 0.41569215 0.42723915 0.43878615 0.45033316 0.46188016 0.47342717
 0.48497417 0.49652117 0.50806818 0.51961518 0.53116219 0.54270919
 0.55425619 0.5658032  0.5773502  0.58401687 0.59068353 0.59735019
 0.60401686 0.61068352 0.61735018 0.62401685 0.63068351 0.63735017
 0.64401684 0.6506835  0.65735016 0.66401683 0.67068349 0.67735015
 0.68401682 0.69068348 0.69735014 0.70401681 0.71068347 0.71735013
 0.7240168  0.73068346 0.73735012 0.74401679 0.75068345 0.75735011
 0.76401678 0.77068344 0.77735011 0.78401677 0.79068343 0.7973501
 0.80401676 0.81068342 0.81735009 0.82401675 0.83068341 0.83735008
 0.84401674 0.8506834  0.85735007 0.86401673 0.87068339 0.87735006
 0.88401672 0.89068338 0.89735005 0.90401671 0.91068337 0.9240167
 0.93735002 0.95068334 0.96401666 0.97734998 0.9906833  1.00401662
 1.01734994 1.03068326 1.04401659 1.05734991 1.07068323 1.08401655
 1.09734987 1.11068319 1.12401651 1.13734983 1.15068315 1.16401648
 1.1773498  1.19068312 1.20401644 1.21734976 1.23068308 1.2440164
 1.25734972 1.27068304 1.28401637 1.29734969 1.31068301 1.32401633
 1.33734965 1.35068297 1.36401629 1.37734961 1.39068293 1.40401626
 1.41734958 1.4306829  1.44401622 1.45734954 1.47068286 1.48401618
 1.4973495  1.51068282 1.52401615 1.53734947 1.55068279 1.56401611
 1.57734943]
Guardado graphene_bandak_cm.dat
Traceback (most recent call last):
  File "/home/TFG_24-25/maranas/CALCULATIONS/Grafenoa/DFPT/4x4x1/bandak_cm.py", line 42, in <module>
    fig, ax = plt.subplots(figsize=(8 * (1 + np.sqrt(5) / 2), 10))
  File "/home/TFG_24-25/maranas/Python_envs/base/lib/python3.10/site-packages/matplotlib/pyplot.py", line 1759, in subplots
    fig = figure(**fig_kw)
  File "/home/TFG_24-25/maranas/Python_envs/base/lib/python3.10/site-packages/matplotlib/pyplot.py", line 1027, in figure
    manager = new_figure_manager(
  File "/home/TFG_24-25/maranas/Python_envs/base/lib/python3.10/site-packages/matplotlib/pyplot.py", line 549, in new_figure_manager
    _warn_if_gui_out_of_main_thread()
  File "/home/TFG_24-25/maranas/Python_envs/base/lib/python3.10/site-packages/matplotlib/pyplot.py", line 526, in _warn_if_gui_out_of_main_thread
    canvas_class = cast(type[FigureCanvasBase], _get_backend_mod().FigureCanvas)
  File "/home/TFG_24-25/maranas/Python_envs/base/lib/python3.10/site-packages/matplotlib/pyplot.py", line 358, in _get_backend_mod
    switch_backend(rcParams._get("backend"))
  File "/home/TFG_24-25/maranas/Python_envs/base/lib/python3.10/site-packages/matplotlib/pyplot.py", line 384, in switch_backend
    current_framework = cbook._get_running_interactive_framework()
  File "/home/TFG_24-25/maranas/Python_envs/base/lib/python3.10/site-packages/matplotlib/cbook.py", line 80, in _get_running_interactive_framework
    if not _c_internal_utils.display_is_valid():
KeyboardInterrupt
