
     Program PHONON v.7.4 starts on 14May2026 at 11:55:13 

     This program is part of the open-source Quantum ESPRESSO suite
     for quantum simulation of materials; please cite
         "P. Giannozzi et al., J. Phys.:Condens. Matter 21 395502 (2009);
         "P. Giannozzi et al., J. Phys.:Condens. Matter 29 465901 (2017);
         "P. Giannozzi et al., J. Chem. Phys. 152 154105 (2020);
          URL http://www.quantum-espresso.org", 
     in publications or presentations arising from this work. More details at
     http://www.quantum-espresso.org/quote

     Parallel version (MPI), running on    12 processors

     MPI processes distributed on     1 nodes
     160950 MiB available memory on the printing compute node when the environment starts
 
     Reading input from c.ph.in

     Reading xml data from directory:

     ./tmp/graphene.save/
 
     R & G space division:  proc/nbgrp/npool/nimage =      12
     Subspace diagonalization in iterative solution of the eigenvalue problem:
     a serial algorithm will be used

read_pp_mesh; mismatch in mesh size, discarding the one in header

     IMPORTANT: XC functional enforced from input :
     Exchange-correlation= PW
                           (   1   4   0   0   0   0   0)
     Any further DFT definition will be discarded
     Please, verify this is what you really want

 
     Parallelization info
     --------------------
     sticks:   dense  smooth     PW     G-vecs:    dense   smooth      PW
     Min          49      49     14                 7111     7111    1110
     Max          50      50     15                 7132     7132    1134
     Sum         595     595    169                85433    85433   13473
 
     Using Slab Decomposition
 
 ----2D----2D----2D----2D----2D----2D----2D----2D----2D----2D----2D----2D
  The code is running with the 2D cutoff
  Please refer to:
  Sohier, T., Calandra, M., & Mauri, F. (2017), 
  Density functional perturbation theory for gated two-dimensional heterostructu
 res:
  Theoretical developments and application to flexural phonons in graphene.
  Physical Review B, 96(7), 75448. https://doi.org/10.1103/PhysRevB.96.075448
 ----2D----2D----2D----2D----2D----2D----2D----2D----2D----2D----2D----2D

     Check: negative core charge=   -0.000011

     negative rho (up, down):  4.548E-05 0.000E+00
     Reading collected, re-writing distributed wavefunctions in ./tmp/


     Dynamical matrices for ( 4, 4, 1)  uniform grid of q-points
     (   4 q-points):
       N         xq(1)         xq(2)         xq(3) 
       1   0.000000000   0.000000000   0.000000000
       2   0.000000000   0.288675135   0.000000000
       3   0.000000000  -0.577350269   0.000000000
       4   0.250000000   0.433012702   0.000000000

     Number and degeneracy of irreps per q-point
       N         xq(1)         xq(2)         xq(3)   N irreps
       1   0.000000000   0.000000000   0.000000000       4
        1   2   1   2
       2   0.000000000   0.288675135   0.000000000       6
     No degeneracy
       3   0.000000000  -0.577350269   0.000000000       6
     No degeneracy
       4   0.250000000   0.433012702   0.000000000       6
     No degeneracy

     Calculation of q =    0.0000000   0.0000000   0.0000000

     Phonon graphene                                                            

     bravais-lattice index     =            0
     lattice parameter (alat)  =       4.6588  a.u.
     unit-cell volume          =     632.2598 (a.u.)^3
     number of atoms/cell      =            2
     number of atomic types    =            1
     kinetic-energy cut-off    =     100.0000  Ry
     charge density cut-off    =     400.0000  Ry
     convergence threshold     =      1.0E-14
     beta                      =       0.7000
     number of iterations used =            4
     Exchange-correlation= PW
                           (   1   4   0   0   0   0   0)


     celldm(1)=    4.65879  celldm(2)=    0.00000  celldm(3)=    0.00000
     celldm(4)=    0.00000  celldm(5)=    0.00000  celldm(6)=    0.00000

     crystal axes: (cart. coord. in units of alat)
               a(1) = (  1.0000  0.0000  0.0000 )  
               a(2) = ( -0.5000  0.8660  0.0000 )  
               a(3) = (  0.0000  0.0000  7.2201 )  

     reciprocal axes: (cart. coord. in units 2 pi/alat)
               b(1) = (  1.0000  0.5774  0.0000 )  
               b(2) = (  0.0000  1.1547  0.0000 )  
               b(3) = (  0.0000  0.0000  0.1385 )  


     Atoms inside the unit cell: 

     Cartesian axes

     site n.  atom      mass           positions (alat units)
        1  C      12.0107   tau(    1) = (   -0.00000    0.57735    3.61007  )
        2  C      12.0107   tau(    2) = (    0.50000    0.28868    3.61007  )

     Computing dynamical matrix for 
                    q = (   0.0000000   0.0000000   0.0000000 )
 
     25 Sym.Ops. (with q -> -q+G )


     G cutoff =  219.9107  (   7111 G-vectors)     FFT grid: ( 30, 30,216)

     number of k points=    80  Marzari-Vanderbilt smearing, width (Ry)=  0.0200

     PseudoPot. # 1 for C  read from file:
     ./C.upf
     MD5 check sum: 1b594deb0bcc8b4bffb8cfaf75c62b92
     Pseudo is Projector augmented-wave + core cor, Zval =  4.0
     Generated using ATOMPAW code
     Shape of augmentation charge: SINC**2
     Using radial grid of 2342 points,  4 beta functions with: 
                l(1) =   0
                l(2) =   0
                l(3) =   1
                l(4) =   1
     Q(r) pseudized with 0 coefficients 


     Mode symmetry, D_6h(6/mmm) point group:


     Atomic displacements:
     There are    4 irreducible representations

     Representation     1      1 modes -  To be done

     Representation     2      2 modes -  To be done

     Representation     3      1 modes -  To be done

     Representation     4      2 modes -  To be done



     Alpha used in Ewald sum =   2.8000

     negative rho (up, down):  4.548E-05 0.000E+00
     PHONON       :      1.08s CPU      1.19s WALL



     Representation #   1 mode #   1

     Self-consistent Calculation
 
     Pert. #  1: Fermi energy shift (Ry) =     5.5145E-25     9.7958E-40

      iter #   1 total cpu time :     2.5 secs   av.it.:   3.9
      thresh= 1.000E-02 alpha_mix =  0.700 |ddv_scf|^2 =  2.926E-06
 
     Pert. #  1: Fermi energy shift (Ry) =    -1.1029E-24     4.8979E-40

      iter #   2 total cpu time :     3.8 secs   av.it.:   6.5
      thresh= 1.710E-04 alpha_mix =  0.700 |ddv_scf|^2 =  2.634E-07
 
     Pert. #  1: Fermi energy shift (Ry) =     5.5145E-25     0.0000E+00

      iter #   3 total cpu time :     5.0 secs   av.it.:   5.7
      thresh= 5.132E-05 alpha_mix =  0.700 |ddv_scf|^2 =  1.221E-12
 
     Pert. #  1: Fermi energy shift (Ry) =     0.0000E+00     0.0000E+00

      iter #   4 total cpu time :     6.6 secs   av.it.:   9.3
      thresh= 1.105E-07 alpha_mix =  0.700 |ddv_scf|^2 =  5.726E-15

     End of self-consistent calculation

     Convergence has been achieved 


     Representation #   2 modes #   2   3

     Self-consistent Calculation
 
     Pert. #  1: Fermi energy shift (Ry) =    -8.0954E-18     1.1326E-39
     Pert. #  2: Fermi energy shift (Ry) =     2.0817E-17    -1.2245E-40

      iter #   1 total cpu time :     9.4 secs   av.it.:   5.0
      thresh= 1.000E-02 alpha_mix =  0.700 |ddv_scf|^2 =  3.020E-06
 
     Pert. #  1: Fermi energy shift (Ry) =     5.2042E-18     2.4489E-39
     Pert. #  2: Fermi energy shift (Ry) =    -2.0817E-17    -4.8979E-40

      iter #   2 total cpu time :    12.3 secs   av.it.:   8.2
      thresh= 1.738E-04 alpha_mix =  0.700 |ddv_scf|^2 =  2.710E-07
 
     Pert. #  1: Fermi energy shift (Ry) =     2.3130E-17     3.6734E-40
     Pert. #  2: Fermi energy shift (Ry) =    -1.6769E-17     1.1632E-39

      iter #   3 total cpu time :    14.9 secs   av.it.:   6.4
      thresh= 5.206E-05 alpha_mix =  0.700 |ddv_scf|^2 =  3.321E-12
 
     Pert. #  1: Fermi energy shift (Ry) =    -1.1565E-17    -9.1835E-41
     Pert. #  2: Fermi energy shift (Ry) =     2.8912E-18     2.4489E-40

      iter #   4 total cpu time :    18.3 secs   av.it.:  10.4
      thresh= 1.822E-07 alpha_mix =  0.700 |ddv_scf|^2 =  4.472E-15

     End of self-consistent calculation

     Convergence has been achieved 


     Representation #   3 mode #   4

     Self-consistent Calculation
 
     Pert. #  1: Fermi energy shift (Ry) =    -4.4116E-24     0.0000E+00

      iter #   1 total cpu time :    19.8 secs   av.it.:   5.9
      thresh= 1.000E-02 alpha_mix =  0.700 |ddv_scf|^2 =  2.086E-04
 
     Pert. #  1: Fermi energy shift (Ry) =     2.2058E-24    -2.4489E-40

      iter #   2 total cpu time :    21.3 secs   av.it.:   8.1
      thresh= 1.444E-03 alpha_mix =  0.700 |ddv_scf|^2 =  3.063E-04
 
     Pert. #  1: Fermi energy shift (Ry) =     2.2058E-24     4.8979E-40

      iter #   3 total cpu time :    22.7 secs   av.it.:   7.5
      thresh= 1.750E-03 alpha_mix =  0.700 |ddv_scf|^2 =  1.262E-06
 
     Pert. #  1: Fermi energy shift (Ry) =     2.2058E-24    -4.8979E-40

      iter #   4 total cpu time :    23.9 secs   av.it.:   5.7
      thresh= 1.123E-04 alpha_mix =  0.700 |ddv_scf|^2 =  3.896E-09
 
     Pert. #  1: Fermi energy shift (Ry) =     2.2058E-24    -4.8979E-40

      iter #   5 total cpu time :    25.3 secs   av.it.:   7.1
      thresh= 6.242E-06 alpha_mix =  0.700 |ddv_scf|^2 =  9.520E-11
 
     Pert. #  1: Fermi energy shift (Ry) =     2.2058E-24    -4.8979E-40

      iter #   6 total cpu time :    26.7 secs   av.it.:   7.3
      thresh= 9.757E-07 alpha_mix =  0.700 |ddv_scf|^2 =  8.881E-14
 
     Pert. #  1: Fermi energy shift (Ry) =     2.2058E-24    -4.8979E-40

      iter #   7 total cpu time :    28.2 secs   av.it.:   7.5
      thresh= 2.980E-08 alpha_mix =  0.700 |ddv_scf|^2 =  5.941E-16

     End of self-consistent calculation

     Convergence has been achieved 


     Representation #   4 modes #   5   6

     Self-consistent Calculation
 
     Pert. #  1: Fermi energy shift (Ry) =     1.9301E-24    -4.0124E-35
     Pert. #  2: Fermi energy shift (Ry) =     5.5145E-25     2.4074E-35

      iter #   1 total cpu time :    30.7 secs   av.it.:   4.7
      thresh= 1.000E-02 alpha_mix =  0.700 |ddv_scf|^2 =  1.996E-06
 
     Pert. #  1: Fermi energy shift (Ry) =     3.0330E-24     3.1347E-38
     Pert. #  2: Fermi energy shift (Ry) =    -1.1029E-24    -1.8808E-37

      iter #   2 total cpu time :    33.4 secs   av.it.:   7.3
      thresh= 1.413E-04 alpha_mix =  0.700 |ddv_scf|^2 =  1.793E-07
 
     Pert. #  1: Fermi energy shift (Ry) =    -1.6544E-24     0.0000E+00
     Pert. #  2: Fermi energy shift (Ry) =     2.7573E-25     9.4040E-38

      iter #   3 total cpu time :    36.0 secs   av.it.:   6.8
      thresh= 4.235E-05 alpha_mix =  0.700 |ddv_scf|^2 =  1.066E-12
 
     Pert. #  1: Fermi energy shift (Ry) =     1.3786E-25     1.1755E-38
     Pert. #  2: Fermi energy shift (Ry) =    -1.6544E-24    -2.3510E-38

      iter #   4 total cpu time :    39.4 secs   av.it.:  10.4
      thresh= 1.032E-07 alpha_mix =  0.700 |ddv_scf|^2 =  9.624E-15

     End of self-consistent calculation

     Convergence has been achieved 
 
     Number of q in the star =    1
     List of q in the star:
          1   0.000000000   0.000000000   0.000000000

     Diagonalizing the dynamical matrix

     q = (    0.000000000   0.000000000   0.000000000 ) 

 **************************************************************************
     freq (    1) =      -2.599075 [THz] =     -86.695807 [cm-1]
     freq (    2) =      -1.253136 [THz] =     -41.800125 [cm-1]
     freq (    3) =      -1.253136 [THz] =     -41.800125 [cm-1]
     freq (    4) =      27.056727 [THz] =     902.515283 [cm-1]
     freq (    5) =      46.318998 [THz] =    1545.035465 [cm-1]
     freq (    6) =      46.318998 [THz] =    1545.035465 [cm-1]
 **************************************************************************

     Mode symmetry, D_6h(6/mmm) point group:

     freq (   1-   1) =        -86.7  [cm-1]   --> A_2u            I  
     freq (   2-   3) =        -41.8  [cm-1]   --> E_1u            I  
     freq (   4-   4) =        902.5  [cm-1]   --> B_1g               
     freq (   5-   6) =       1545.0  [cm-1]   --> E_2g            R  

     Calculation of q =    0.0000000   0.2886751   0.0000000
 
     Parallelization info
     --------------------
     sticks:   dense  smooth     PW     G-vecs:    dense   smooth      PW
     Min          49      49     15                 7111     7111    1245
     Max          50      50     16                 7132     7132    1274
     Sum         595     595    187                85433    85433   15127
 
     Using Slab Decomposition
 

     Title: 
     Phonon graphene                                                            


     bravais-lattice index     =            0
     lattice parameter (alat)  =       4.6588  a.u.
     unit-cell volume          =     632.2598 (a.u.)^3
     number of atoms/cell      =            2
     number of atomic types    =            1
     number of electrons       =         8.00
     number of Kohn-Sham states=            8
     kinetic-energy cutoff     =     100.0000  Ry
     charge density cutoff     =     400.0000  Ry
     Exchange-correlation= PW
                           (   1   4   0   0   0   0   0)

     celldm(1)=   4.658789  celldm(2)=   0.000000  celldm(3)=   0.000000
     celldm(4)=   0.000000  celldm(5)=   0.000000  celldm(6)=   0.000000

     crystal axes: (cart. coord. in units of alat)
               a(1) = (   1.000000   0.000000   0.000000 )  
               a(2) = (  -0.500000   0.866025   0.000000 )  
               a(3) = (   0.000000   0.000000   7.220143 )  

     reciprocal axes: (cart. coord. in units 2 pi/alat)
               b(1) = (  1.000000  0.577350  0.000000 )  
               b(2) = (  0.000000  1.154701  0.000000 )  
               b(3) = (  0.000000  0.000000  0.138501 )  


     PseudoPot. # 1 for C  read from file:
     ./C.upf
     MD5 check sum: 1b594deb0bcc8b4bffb8cfaf75c62b92
     Pseudo is Projector augmented-wave + core cor, Zval =  4.0
     Generated using ATOMPAW code
     Shape of augmentation charge: SINC**2
     Using radial grid of 2342 points,  4 beta functions with: 
                l(1) =   0
                l(2) =   0
                l(3) =   1
                l(4) =   1
     Q(r) pseudized with 0 coefficients 


     atomic species   valence    mass     pseudopotential
     C                 4.00    12.01070     C ( 1.00)

     24 Sym. Ops., with inversion, found



   Cartesian axes

     site n.     atom                  positions (alat units)
         1        C      tau(   1) = (  -0.0000000   0.5773503   3.6100717  )
         2        C      tau(   2) = (   0.5000000   0.2886751   3.6100717  )

     number of k points=   812  Marzari-Vanderbilt smearing, width (Ry)=  0.0200

     Number of k-points >= 100: set verbosity='high' to print them.

     Dense  grid:    85433 G-vectors     FFT dimensions: (  30,  30, 216)

     Estimated max dynamical RAM per process >       7.80 MB

     Estimated total dynamical RAM >      93.58 MB
 ----2D----2D----2D----2D----2D----2D----2D----2D----2D----2D----2D----2D
  The code is running with the 2D cutoff
  Please refer to:
  Sohier, T., Calandra, M., & Mauri, F. (2017), 
  Density functional perturbation theory for gated two-dimensional heterostructu
 res:
  Theoretical developments and application to flexural phonons in graphene.
  Physical Review B, 96(7), 75448. https://doi.org/10.1103/PhysRevB.96.075448
 ----2D----2D----2D----2D----2D----2D----2D----2D----2D----2D----2D----2D

     Check: negative core charge=   -0.000011

     The potential is recalculated from file :
     ./tmp/_ph0/graphene.q_2/graphene.save/charge-density


     negative rho (up, down):  4.548E-05 0.000E+00
     Starting wfcs are   16 atomic wfcs
     Checking if some PAW data can be deallocated... 

     Band Structure Calculation
     Davidson diagonalization with overlap

     ethr =  1.25E-10,  avg # of iterations = 25.3

     total cpu time spent up to now is       46.9 secs

     End of band structure calculation

     Number of k-points >= 100: set verbosity='high' to print the bands.

     the Fermi energy is    -4.6898 ev

     Writing config to output data dir ./tmp/_ph0/graphene.q_2/graphene.save/ :
     XML data file

     Phonon graphene                                                            

     bravais-lattice index     =            0
     lattice parameter (alat)  =       4.6588  a.u.
     unit-cell volume          =     632.2598 (a.u.)^3
     number of atoms/cell      =            2
     number of atomic types    =            1
     kinetic-energy cut-off    =     100.0000  Ry
     charge density cut-off    =     400.0000  Ry
     convergence threshold     =      1.0E-14
     beta                      =       0.7000
     number of iterations used =            4
     Exchange-correlation= PW
                           (   1   4   0   0   0   0   0)


     celldm(1)=    4.65879  celldm(2)=    0.00000  celldm(3)=    0.00000
     celldm(4)=    0.00000  celldm(5)=    0.00000  celldm(6)=    0.00000

     crystal axes: (cart. coord. in units of alat)
               a(1) = (  1.0000  0.0000  0.0000 )  
               a(2) = ( -0.5000  0.8660  0.0000 )  
               a(3) = (  0.0000  0.0000  7.2201 )  

     reciprocal axes: (cart. coord. in units 2 pi/alat)
               b(1) = (  1.0000  0.5774  0.0000 )  
               b(2) = (  0.0000  1.1547  0.0000 )  
               b(3) = (  0.0000  0.0000  0.1385 )  


     Atoms inside the unit cell: 

     Cartesian axes

     site n.  atom      mass           positions (alat units)
        1  C      12.0107   tau(    1) = (   -0.00000    0.57735    3.61007  )
        2  C      12.0107   tau(    2) = (    0.50000    0.28868    3.61007  )

     Computing dynamical matrix for 
                    q = (   0.0000000   0.2886751   0.0000000 )
 
      4 Sym.Ops. (no q -> -q+G )


     G cutoff =  219.9107  (   7111 G-vectors)     FFT grid: ( 30, 30,216)

     number of k points=   812  Marzari-Vanderbilt smearing, width (Ry)=  0.0200

     PseudoPot. # 1 for C  read from file:
     ./C.upf
     MD5 check sum: 1b594deb0bcc8b4bffb8cfaf75c62b92
     Pseudo is Projector augmented-wave + core cor, Zval =  4.0
     Generated using ATOMPAW code
     Shape of augmentation charge: SINC**2
     Using radial grid of 2342 points,  4 beta functions with: 
                l(1) =   0
                l(2) =   0
                l(3) =   1
                l(4) =   1
     Q(r) pseudized with 0 coefficients 


     Mode symmetry, C_2v (mm2)  point group:


     Atomic displacements:
     There are    6 irreducible representations

     Representation     1      1 modes -  To be done

     Representation     2      1 modes -  To be done

     Representation     3      1 modes -  To be done

     Representation     4      1 modes -  To be done

     Representation     5      1 modes -  To be done

     Representation     6      1 modes -  To be done


     Message from routine init_vloc:
     Interpolation table for Vloc re-allocated

     Alpha used in Ewald sum =   2.8000

     negative rho (up, down):  4.548E-05 0.000E+00
     PHONON       :   1m27.19s CPU   1m30.15s WALL



     Representation #   1 mode #   1

     Self-consistent Calculation

      iter #   1 total cpu time :    96.0 secs   av.it.:   5.7
      thresh= 1.000E-02 alpha_mix =  0.700 |ddv_scf|^2 =  2.068E-05

      iter #   2 total cpu time :   103.2 secs   av.it.:   9.0
      thresh= 4.548E-04 alpha_mix =  0.700 |ddv_scf|^2 =  4.603E-05

      iter #   3 total cpu time :   109.9 secs   av.it.:   8.3
      thresh= 6.784E-04 alpha_mix =  0.700 |ddv_scf|^2 =  1.976E-06

      iter #   4 total cpu time :   116.7 secs   av.it.:   8.5
      thresh= 1.406E-04 alpha_mix =  0.700 |ddv_scf|^2 =  3.465E-08

      iter #   5 total cpu time :   124.2 secs   av.it.:   9.5
      thresh= 1.861E-05 alpha_mix =  0.700 |ddv_scf|^2 =  2.675E-10

      iter #   6 total cpu time :   131.6 secs   av.it.:   9.5
      thresh= 1.635E-06 alpha_mix =  0.700 |ddv_scf|^2 =  2.491E-12

      iter #   7 total cpu time :   138.5 secs   av.it.:   8.5
      thresh= 1.578E-07 alpha_mix =  0.700 |ddv_scf|^2 =  1.831E-14

      iter #   8 total cpu time :   145.7 secs   av.it.:   9.1
      thresh= 1.353E-08 alpha_mix =  0.700 |ddv_scf|^2 =  3.736E-14

      iter #   9 total cpu time :   152.5 secs   av.it.:   8.4
      thresh= 1.933E-08 alpha_mix =  0.700 |ddv_scf|^2 =  1.084E-16

     End of self-consistent calculation

     Convergence has been achieved 


     Representation #   2 mode #   2

     Self-consistent Calculation

      iter #   1 total cpu time :   158.4 secs   av.it.:   5.7
      thresh= 1.000E-02 alpha_mix =  0.700 |ddv_scf|^2 =  2.068E-05

      iter #   2 total cpu time :   165.5 secs   av.it.:   9.0
      thresh= 4.548E-04 alpha_mix =  0.700 |ddv_scf|^2 =  4.603E-05

      iter #   3 total cpu time :   172.2 secs   av.it.:   8.3
      thresh= 6.784E-04 alpha_mix =  0.700 |ddv_scf|^2 =  1.976E-06

      iter #   4 total cpu time :   179.0 secs   av.it.:   8.5
      thresh= 1.406E-04 alpha_mix =  0.700 |ddv_scf|^2 =  3.465E-08

      iter #   5 total cpu time :   186.4 secs   av.it.:   9.5
      thresh= 1.861E-05 alpha_mix =  0.700 |ddv_scf|^2 =  2.675E-10

      iter #   6 total cpu time :   193.8 secs   av.it.:   9.5
      thresh= 1.635E-06 alpha_mix =  0.700 |ddv_scf|^2 =  2.491E-12

      iter #   7 total cpu time :   200.6 secs   av.it.:   8.5
      thresh= 1.578E-07 alpha_mix =  0.700 |ddv_scf|^2 =  1.831E-14

      iter #   8 total cpu time :   207.9 secs   av.it.:   9.1
      thresh= 1.353E-08 alpha_mix =  0.700 |ddv_scf|^2 =  3.736E-14

      iter #   9 total cpu time :   214.6 secs   av.it.:   8.4
      thresh= 1.933E-08 alpha_mix =  0.700 |ddv_scf|^2 =  1.084E-16

     End of self-consistent calculation

     Convergence has been achieved 


     Representation #   3 mode #   3

     Self-consistent Calculation

      iter #   1 total cpu time :   220.3 secs   av.it.:   5.1
      thresh= 1.000E-02 alpha_mix =  0.700 |ddv_scf|^2 =  1.016E-05

      iter #   2 total cpu time :   226.6 secs   av.it.:   7.6
      thresh= 3.188E-04 alpha_mix =  0.700 |ddv_scf|^2 =  9.107E-07

      iter #   3 total cpu time :   232.2 secs   av.it.:   6.4
      thresh= 9.543E-05 alpha_mix =  0.700 |ddv_scf|^2 =  3.087E-11

      iter #   4 total cpu time :   239.8 secs   av.it.:   9.8
      thresh= 5.556E-07 alpha_mix =  0.700 |ddv_scf|^2 =  7.631E-14

      iter #   5 total cpu time :   247.6 secs   av.it.:  10.1
      thresh= 2.762E-08 alpha_mix =  0.700 |ddv_scf|^2 =  9.900E-16

     End of self-consistent calculation

     Convergence has been achieved 


     Representation #   4 mode #   4

     Self-consistent Calculation

      iter #   1 total cpu time :   253.2 secs   av.it.:   5.1
      thresh= 1.000E-02 alpha_mix =  0.700 |ddv_scf|^2 =  1.016E-05

      iter #   2 total cpu time :   259.5 secs   av.it.:   7.6
      thresh= 3.188E-04 alpha_mix =  0.700 |ddv_scf|^2 =  9.107E-07

      iter #   3 total cpu time :   265.2 secs   av.it.:   6.4
      thresh= 9.543E-05 alpha_mix =  0.700 |ddv_scf|^2 =  3.087E-11

      iter #   4 total cpu time :   272.7 secs   av.it.:   9.8
      thresh= 5.556E-07 alpha_mix =  0.700 |ddv_scf|^2 =  7.631E-14

      iter #   5 total cpu time :   280.4 secs   av.it.:  10.1
      thresh= 2.762E-08 alpha_mix =  0.700 |ddv_scf|^2 =  9.900E-16

     End of self-consistent calculation

     Convergence has been achieved 


     Representation #   5 mode #   5

     Self-consistent Calculation

      iter #   1 total cpu time :   286.4 secs   av.it.:   5.8
      thresh= 1.000E-02 alpha_mix =  0.700 |ddv_scf|^2 =  1.812E-05

      iter #   2 total cpu time :   293.0 secs   av.it.:   8.2
      thresh= 4.257E-04 alpha_mix =  0.700 |ddv_scf|^2 =  1.700E-06

      iter #   3 total cpu time :   300.0 secs   av.it.:   8.7
      thresh= 1.304E-04 alpha_mix =  0.700 |ddv_scf|^2 =  1.017E-07

      iter #   4 total cpu time :   307.3 secs   av.it.:   9.2
      thresh= 3.189E-05 alpha_mix =  0.700 |ddv_scf|^2 =  5.856E-13

      iter #   5 total cpu time :   314.9 secs   av.it.:   9.8
      thresh= 7.652E-08 alpha_mix =  0.700 |ddv_scf|^2 =  2.592E-14

      iter #   6 total cpu time :   322.3 secs   av.it.:   9.5
      thresh= 1.610E-08 alpha_mix =  0.700 |ddv_scf|^2 =  2.401E-16

     End of self-consistent calculation

     Convergence has been achieved 


     Representation #   6 mode #   6

     Self-consistent Calculation

      iter #   1 total cpu time :   328.3 secs   av.it.:   5.8
      thresh= 1.000E-02 alpha_mix =  0.700 |ddv_scf|^2 =  1.812E-05

      iter #   2 total cpu time :   335.0 secs   av.it.:   8.2
      thresh= 4.257E-04 alpha_mix =  0.700 |ddv_scf|^2 =  1.700E-06

      iter #   3 total cpu time :   341.9 secs   av.it.:   8.7
      thresh= 1.304E-04 alpha_mix =  0.700 |ddv_scf|^2 =  1.017E-07

      iter #   4 total cpu time :   349.2 secs   av.it.:   9.2
      thresh= 3.189E-05 alpha_mix =  0.700 |ddv_scf|^2 =  5.856E-13

      iter #   5 total cpu time :   356.9 secs   av.it.:   9.8
      thresh= 7.652E-08 alpha_mix =  0.700 |ddv_scf|^2 =  2.592E-14

      iter #   6 total cpu time :   364.3 secs   av.it.:   9.5
      thresh= 1.610E-08 alpha_mix =  0.700 |ddv_scf|^2 =  2.401E-16

     End of self-consistent calculation

     Convergence has been achieved 
 
     Number of q in the star =    6
     List of q in the star:
          1   0.000000000   0.288675135   0.000000000
          2   0.000000000  -0.288675135   0.000000000
          3  -0.250000000  -0.144337567   0.000000000
          4   0.250000000  -0.144337567   0.000000000
          5  -0.250000000   0.144337567   0.000000000
          6   0.250000000   0.144337567   0.000000000

     Diagonalizing the dynamical matrix

     q = (    0.000000000   0.288675135   0.000000000 ) 

 **************************************************************************
     freq (    1) =       4.549628 [THz] =     151.759248 [cm-1]
     freq (    2) =      13.765310 [THz] =     459.161325 [cm-1]
     freq (    3) =      23.344727 [THz] =     778.696287 [cm-1]
     freq (    4) =      25.324779 [THz] =     844.743694 [cm-1]
     freq (    5) =      43.588255 [THz] =    1453.947685 [cm-1]
     freq (    6) =      47.120485 [THz] =    1571.770180 [cm-1]
 **************************************************************************

     Mode symmetry, C_2v (mm2)  point group:

     freq (   1-   1) =        151.8  [cm-1]   --> B_2  D_4  S_4      
     freq (   2-   2) =        459.2  [cm-1]   --> B_1  D_3  S_3      
     freq (   3-   3) =        778.7  [cm-1]   --> A_1  D_1  S_1      
     freq (   4-   4) =        844.7  [cm-1]   --> B_2  D_4  S_4      
     freq (   5-   5) =       1453.9  [cm-1]   --> B_1  D_3  S_3      
     freq (   6-   6) =       1571.8  [cm-1]   --> A_1  D_1  S_1      

     Calculation of q =    0.0000000  -0.5773503   0.0000000
 
     Parallelization info
     --------------------
     sticks:   dense  smooth     PW     G-vecs:    dense   smooth      PW
     Min          49      49     16                 7111     7111    1368
     Max          50      50     17                 7132     7132    1399
     Sum         595     595    199                85433    85433   16629
 
     Using Slab Decomposition
 

     Title: 
     Phonon graphene                                                            


     bravais-lattice index     =            0
     lattice parameter (alat)  =       4.6588  a.u.
     unit-cell volume          =     632.2598 (a.u.)^3
     number of atoms/cell      =            2
     number of atomic types    =            1
     number of electrons       =         8.00
     number of Kohn-Sham states=            8
     kinetic-energy cutoff     =     100.0000  Ry
     charge density cutoff     =     400.0000  Ry
     Exchange-correlation= PW
                           (   1   4   0   0   0   0   0)

     celldm(1)=   4.658789  celldm(2)=   0.000000  celldm(3)=   0.000000
     celldm(4)=   0.000000  celldm(5)=   0.000000  celldm(6)=   0.000000

     crystal axes: (cart. coord. in units of alat)
               a(1) = (   1.000000   0.000000   0.000000 )  
               a(2) = (  -0.500000   0.866025   0.000000 )  
               a(3) = (   0.000000   0.000000   7.220143 )  

     reciprocal axes: (cart. coord. in units 2 pi/alat)
               b(1) = (  1.000000  0.577350  0.000000 )  
               b(2) = (  0.000000  1.154701  0.000000 )  
               b(3) = (  0.000000  0.000000  0.138501 )  


     PseudoPot. # 1 for C  read from file:
     ./C.upf
     MD5 check sum: 1b594deb0bcc8b4bffb8cfaf75c62b92
     Pseudo is Projector augmented-wave + core cor, Zval =  4.0
     Generated using ATOMPAW code
     Shape of augmentation charge: SINC**2
     Using radial grid of 2342 points,  4 beta functions with: 
                l(1) =   0
                l(2) =   0
                l(3) =   1
                l(4) =   1
     Q(r) pseudized with 0 coefficients 


     atomic species   valence    mass     pseudopotential
     C                 4.00    12.01070     C ( 1.00)

     24 Sym. Ops., with inversion, found



   Cartesian axes

     site n.     atom                  positions (alat units)
         1        C      tau(   1) = (  -0.0000000   0.5773503   3.6100717  )
         2        C      tau(   2) = (   0.5000000   0.2886751   3.6100717  )

     number of k points=   422  Marzari-Vanderbilt smearing, width (Ry)=  0.0200

     Number of k-points >= 100: set verbosity='high' to print them.

     Dense  grid:    85433 G-vectors     FFT dimensions: (  30,  30, 216)

     Estimated max dynamical RAM per process >       7.81 MB

     Estimated total dynamical RAM >      93.67 MB
 ----2D----2D----2D----2D----2D----2D----2D----2D----2D----2D----2D----2D
  The code is running with the 2D cutoff
  Please refer to:
  Sohier, T., Calandra, M., & Mauri, F. (2017), 
  Density functional perturbation theory for gated two-dimensional heterostructu
 res:
  Theoretical developments and application to flexural phonons in graphene.
  Physical Review B, 96(7), 75448. https://doi.org/10.1103/PhysRevB.96.075448
 ----2D----2D----2D----2D----2D----2D----2D----2D----2D----2D----2D----2D

     Check: negative core charge=   -0.000011

     The potential is recalculated from file :
     ./tmp/_ph0/graphene.q_3/graphene.save/charge-density


     negative rho (up, down):  4.548E-05 0.000E+00
     Starting wfcs are   16 atomic wfcs
     Checking if some PAW data can be deallocated... 

     Band Structure Calculation
     Davidson diagonalization with overlap

     ethr =  1.25E-10,  avg # of iterations = 25.1

     total cpu time spent up to now is       71.5 secs

     End of band structure calculation

     Number of k-points >= 100: set verbosity='high' to print the bands.

     the Fermi energy is    -4.6898 ev

     Writing config to output data dir ./tmp/_ph0/graphene.q_3/graphene.save/ :
     XML data file

     Phonon graphene                                                            

     bravais-lattice index     =            0
     lattice parameter (alat)  =       4.6588  a.u.
     unit-cell volume          =     632.2598 (a.u.)^3
     number of atoms/cell      =            2
     number of atomic types    =            1
     kinetic-energy cut-off    =     100.0000  Ry
     charge density cut-off    =     400.0000  Ry
     convergence threshold     =      1.0E-14
     beta                      =       0.7000
     number of iterations used =            4
     Exchange-correlation= PW
                           (   1   4   0   0   0   0   0)


     celldm(1)=    4.65879  celldm(2)=    0.00000  celldm(3)=    0.00000
     celldm(4)=    0.00000  celldm(5)=    0.00000  celldm(6)=    0.00000

     crystal axes: (cart. coord. in units of alat)
               a(1) = (  1.0000  0.0000  0.0000 )  
               a(2) = ( -0.5000  0.8660  0.0000 )  
               a(3) = (  0.0000  0.0000  7.2201 )  

     reciprocal axes: (cart. coord. in units 2 pi/alat)
               b(1) = (  1.0000  0.5774  0.0000 )  
               b(2) = (  0.0000  1.1547  0.0000 )  
               b(3) = (  0.0000  0.0000  0.1385 )  


     Atoms inside the unit cell: 

     Cartesian axes

     site n.  atom      mass           positions (alat units)
        1  C      12.0107   tau(    1) = (   -0.00000    0.57735    3.61007  )
        2  C      12.0107   tau(    2) = (    0.50000    0.28868    3.61007  )

     Computing dynamical matrix for 
                    q = (   0.0000000  -0.5773503   0.0000000 )
 
      9 Sym.Ops. (with q -> -q+G )


     G cutoff =  219.9107  (   7111 G-vectors)     FFT grid: ( 30, 30,216)

     number of k points=   422  Marzari-Vanderbilt smearing, width (Ry)=  0.0200

     PseudoPot. # 1 for C  read from file:
     ./C.upf
     MD5 check sum: 1b594deb0bcc8b4bffb8cfaf75c62b92
     Pseudo is Projector augmented-wave + core cor, Zval =  4.0
     Generated using ATOMPAW code
     Shape of augmentation charge: SINC**2
     Using radial grid of 2342 points,  4 beta functions with: 
                l(1) =   0
                l(2) =   0
                l(3) =   1
                l(4) =   1
     Q(r) pseudized with 0 coefficients 


     Mode symmetry, D_2h (mmm)  point group:


     Atomic displacements:
     There are    6 irreducible representations

     Representation     1      1 modes -  To be done

     Representation     2      1 modes -  To be done

     Representation     3      1 modes -  To be done

     Representation     4      1 modes -  To be done

     Representation     5      1 modes -  To be done

     Representation     6      1 modes -  To be done



     Alpha used in Ewald sum =   2.8000

     negative rho (up, down):  4.548E-05 0.000E+00
     PHONON       :   6m15.83s CPU   6m31.15s WALL



     Representation #   1 mode #   1

     Self-consistent Calculation

      iter #   1 total cpu time :   394.4 secs   av.it.:   5.9
      thresh= 1.000E-02 alpha_mix =  0.700 |ddv_scf|^2 =  1.004E-05

      iter #   2 total cpu time :   398.2 secs   av.it.:   9.2
      thresh= 3.168E-04 alpha_mix =  0.700 |ddv_scf|^2 =  3.184E-06

      iter #   3 total cpu time :   402.2 secs   av.it.:   9.4
      thresh= 1.784E-04 alpha_mix =  0.700 |ddv_scf|^2 =  9.308E-07

      iter #   4 total cpu time :   406.0 secs   av.it.:   9.2
      thresh= 9.648E-05 alpha_mix =  0.700 |ddv_scf|^2 =  3.924E-09

      iter #   5 total cpu time :   409.9 secs   av.it.:   9.4
      thresh= 6.264E-06 alpha_mix =  0.700 |ddv_scf|^2 =  4.477E-14

      iter #   6 total cpu time :   414.0 secs   av.it.:   9.9
      thresh= 2.116E-08 alpha_mix =  0.700 |ddv_scf|^2 =  4.496E-15

     End of self-consistent calculation

     Convergence has been achieved 


     Representation #   2 mode #   2

     Self-consistent Calculation

      iter #   1 total cpu time :   416.7 secs   av.it.:   4.0
      thresh= 1.000E-02 alpha_mix =  0.700 |ddv_scf|^2 =  1.184E-05

      iter #   2 total cpu time :   419.5 secs   av.it.:   5.5
      thresh= 3.441E-04 alpha_mix =  0.700 |ddv_scf|^2 =  1.066E-06

      iter #   3 total cpu time :   422.1 secs   av.it.:   5.1
      thresh= 1.032E-04 alpha_mix =  0.700 |ddv_scf|^2 =  3.825E-13

      iter #   4 total cpu time :   426.3 secs   av.it.:   9.5
      thresh= 6.184E-08 alpha_mix =  0.700 |ddv_scf|^2 =  2.591E-14

      iter #   5 total cpu time :   430.1 secs   av.it.:   9.0
      thresh= 1.610E-08 alpha_mix =  0.700 |ddv_scf|^2 =  2.997E-17

     End of self-consistent calculation

     Convergence has been achieved 


     Representation #   3 mode #   3

     Self-consistent Calculation

      iter #   1 total cpu time :   433.3 secs   av.it.:   5.7
      thresh= 1.000E-02 alpha_mix =  0.700 |ddv_scf|^2 =  2.732E-05

      iter #   2 total cpu time :   436.7 secs   av.it.:   7.5
      thresh= 5.227E-04 alpha_mix =  0.700 |ddv_scf|^2 =  2.450E-06

      iter #   3 total cpu time :   440.0 secs   av.it.:   7.1
      thresh= 1.565E-04 alpha_mix =  0.700 |ddv_scf|^2 =  1.432E-09

      iter #   4 total cpu time :   444.0 secs   av.it.:   9.7
      thresh= 3.784E-06 alpha_mix =  0.700 |ddv_scf|^2 =  1.871E-13

      iter #   5 total cpu time :   448.1 secs   av.it.:   9.6
      thresh= 4.326E-08 alpha_mix =  0.700 |ddv_scf|^2 =  9.839E-15

     End of self-consistent calculation

     Convergence has been achieved 


     Representation #   4 mode #   4

     Self-consistent Calculation

      iter #   1 total cpu time :   451.1 secs   av.it.:   5.1
      thresh= 1.000E-02 alpha_mix =  0.700 |ddv_scf|^2 =  1.219E-05

      iter #   2 total cpu time :   454.4 secs   av.it.:   7.3
      thresh= 3.491E-04 alpha_mix =  0.700 |ddv_scf|^2 =  1.094E-06

      iter #   3 total cpu time :   457.3 secs   av.it.:   6.0
      thresh= 1.046E-04 alpha_mix =  0.700 |ddv_scf|^2 =  1.147E-11

      iter #   4 total cpu time :   461.3 secs   av.it.:   9.5
      thresh= 3.387E-07 alpha_mix =  0.700 |ddv_scf|^2 =  7.167E-14

      iter #   5 total cpu time :   465.3 secs   av.it.:   9.5
      thresh= 2.677E-08 alpha_mix =  0.700 |ddv_scf|^2 =  5.379E-16

     End of self-consistent calculation

     Convergence has been achieved 


     Representation #   5 mode #   5

     Self-consistent Calculation

      iter #   1 total cpu time :   468.5 secs   av.it.:   5.3
      thresh= 1.000E-02 alpha_mix =  0.700 |ddv_scf|^2 =  1.693E-05

      iter #   2 total cpu time :   472.2 secs   av.it.:   8.6
      thresh= 4.115E-04 alpha_mix =  0.700 |ddv_scf|^2 =  3.721E-06

      iter #   3 total cpu time :   476.1 secs   av.it.:   9.6
      thresh= 1.929E-04 alpha_mix =  0.700 |ddv_scf|^2 =  3.375E-06

      iter #   4 total cpu time :   480.0 secs   av.it.:   9.1
      thresh= 1.837E-04 alpha_mix =  0.700 |ddv_scf|^2 =  1.232E-11

      iter #   5 total cpu time :   483.9 secs   av.it.:   9.3
      thresh= 3.509E-07 alpha_mix =  0.700 |ddv_scf|^2 =  3.769E-13

      iter #   6 total cpu time :   487.8 secs   av.it.:   9.3
      thresh= 6.140E-08 alpha_mix =  0.700 |ddv_scf|^2 =  2.334E-16

     End of self-consistent calculation

     Convergence has been achieved 


     Representation #   6 mode #   6

     Self-consistent Calculation

      iter #   1 total cpu time :   490.9 secs   av.it.:   5.1
      thresh= 1.000E-02 alpha_mix =  0.700 |ddv_scf|^2 =  8.719E-06

      iter #   2 total cpu time :   494.3 secs   av.it.:   7.8
      thresh= 2.953E-04 alpha_mix =  0.700 |ddv_scf|^2 =  7.729E-07

      iter #   3 total cpu time :   497.5 secs   av.it.:   7.0
      thresh= 8.792E-05 alpha_mix =  0.700 |ddv_scf|^2 =  3.637E-10

      iter #   4 total cpu time :   501.5 secs   av.it.:   9.6
      thresh= 1.907E-06 alpha_mix =  0.700 |ddv_scf|^2 =  4.739E-14

      iter #   5 total cpu time :   505.4 secs   av.it.:   9.5
      thresh= 2.177E-08 alpha_mix =  0.700 |ddv_scf|^2 =  1.203E-15

     End of self-consistent calculation

     Convergence has been achieved 
 
     Number of q in the star =    3
     List of q in the star:
          1   0.000000000  -0.577350269   0.000000000
          2   0.500000000   0.288675135   0.000000000
          3  -0.500000000   0.288675135   0.000000000

     Diagonalizing the dynamical matrix

     q = (    0.000000000  -0.577350269   0.000000000 ) 

 **************************************************************************
     freq (    1) =      14.338675 [THz] =     478.286724 [cm-1]
     freq (    2) =      18.663082 [THz] =     622.533400 [cm-1]
     freq (    3) =      19.535368 [THz] =     651.629731 [cm-1]
     freq (    4) =      39.582814 [THz] =    1320.340550 [cm-1]
     freq (    5) =      39.786797 [THz] =    1327.144692 [cm-1]
     freq (    6) =      41.294016 [THz] =    1377.420107 [cm-1]
 **************************************************************************

     Mode symmetry, D_2h (mmm)  point group:

     freq (   1-   1) =        478.3  [cm-1]   --> B_3g               
     freq (   2-   2) =        622.5  [cm-1]   --> B_1g               
     freq (   3-   3) =        651.6  [cm-1]   --> B_1u               
     freq (   4-   4) =       1320.3  [cm-1]   --> B_2u               
     freq (   5-   5) =       1327.1  [cm-1]   --> A_g                
     freq (   6-   6) =       1377.4  [cm-1]   --> B_3u               

     Calculation of q =    0.2500000   0.4330127   0.0000000
 
     Parallelization info
     --------------------
     sticks:   dense  smooth     PW     G-vecs:    dense   smooth      PW
     Min          49      49     16                 7111     7111    1358
     Max          50      50     17                 7132     7132    1387
     Sum         595     595    199                85433    85433   16497
 
     Using Slab Decomposition
 

     Title: 
     Phonon graphene                                                            


     bravais-lattice index     =            0
     lattice parameter (alat)  =       4.6588  a.u.
     unit-cell volume          =     632.2598 (a.u.)^3
     number of atoms/cell      =            2
     number of atomic types    =            1
     number of electrons       =         8.00
     number of Kohn-Sham states=            8
     kinetic-energy cutoff     =     100.0000  Ry
     charge density cutoff     =     400.0000  Ry
     Exchange-correlation= PW
                           (   1   4   0   0   0   0   0)

     celldm(1)=   4.658789  celldm(2)=   0.000000  celldm(3)=   0.000000
     celldm(4)=   0.000000  celldm(5)=   0.000000  celldm(6)=   0.000000

     crystal axes: (cart. coord. in units of alat)
               a(1) = (   1.000000   0.000000   0.000000 )  
               a(2) = (  -0.500000   0.866025   0.000000 )  
               a(3) = (   0.000000   0.000000   7.220143 )  

     reciprocal axes: (cart. coord. in units 2 pi/alat)
               b(1) = (  1.000000  0.577350  0.000000 )  
               b(2) = (  0.000000  1.154701  0.000000 )  
               b(3) = (  0.000000  0.000000  0.138501 )  


     PseudoPot. # 1 for C  read from file:
     ./C.upf
     MD5 check sum: 1b594deb0bcc8b4bffb8cfaf75c62b92
     Pseudo is Projector augmented-wave + core cor, Zval =  4.0
     Generated using ATOMPAW code
     Shape of augmentation charge: SINC**2
     Using radial grid of 2342 points,  4 beta functions with: 
                l(1) =   0
                l(2) =   0
                l(3) =   1
                l(4) =   1
     Q(r) pseudized with 0 coefficients 


     atomic species   valence    mass     pseudopotential
     C                 4.00    12.01070     C ( 1.00)

     24 Sym. Ops., with inversion, found



   Cartesian axes

     site n.     atom                  positions (alat units)
         1        C      tau(   1) = (  -0.0000000   0.5773503   3.6100717  )
         2        C      tau(   2) = (   0.5000000   0.2886751   3.6100717  )

     number of k points=   812  Marzari-Vanderbilt smearing, width (Ry)=  0.0200

     Number of k-points >= 100: set verbosity='high' to print them.

     Dense  grid:    85433 G-vectors     FFT dimensions: (  30,  30, 216)

     Estimated max dynamical RAM per process >       7.80 MB

     Estimated total dynamical RAM >      93.64 MB
 ----2D----2D----2D----2D----2D----2D----2D----2D----2D----2D----2D----2D
  The code is running with the 2D cutoff
  Please refer to:
  Sohier, T., Calandra, M., & Mauri, F. (2017), 
  Density functional perturbation theory for gated two-dimensional heterostructu
 res:
  Theoretical developments and application to flexural phonons in graphene.
  Physical Review B, 96(7), 75448. https://doi.org/10.1103/PhysRevB.96.075448
 ----2D----2D----2D----2D----2D----2D----2D----2D----2D----2D----2D----2D

     Check: negative core charge=   -0.000011

     The potential is recalculated from file :
     ./tmp/_ph0/graphene.q_4/graphene.save/charge-density


     negative rho (up, down):  4.548E-05 0.000E+00
     Starting wfcs are   16 atomic wfcs
     Checking if some PAW data can be deallocated... 

     Band Structure Calculation
     Davidson diagonalization with overlap

     ethr =  1.25E-10,  avg # of iterations = 25.2

     total cpu time spent up to now is      118.8 secs

     End of band structure calculation

     Number of k-points >= 100: set verbosity='high' to print the bands.

     the Fermi energy is    -4.6898 ev

     Writing config to output data dir ./tmp/_ph0/graphene.q_4/graphene.save/ :
     XML data file

     Phonon graphene                                                            

     bravais-lattice index     =            0
     lattice parameter (alat)  =       4.6588  a.u.
     unit-cell volume          =     632.2598 (a.u.)^3
     number of atoms/cell      =            2
     number of atomic types    =            1
     kinetic-energy cut-off    =     100.0000  Ry
     charge density cut-off    =     400.0000  Ry
     convergence threshold     =      1.0E-14
     beta                      =       0.7000
     number of iterations used =            4
     Exchange-correlation= PW
                           (   1   4   0   0   0   0   0)


     celldm(1)=    4.65879  celldm(2)=    0.00000  celldm(3)=    0.00000
     celldm(4)=    0.00000  celldm(5)=    0.00000  celldm(6)=    0.00000

     crystal axes: (cart. coord. in units of alat)
               a(1) = (  1.0000  0.0000  0.0000 )  
               a(2) = ( -0.5000  0.8660  0.0000 )  
               a(3) = (  0.0000  0.0000  7.2201 )  

     reciprocal axes: (cart. coord. in units 2 pi/alat)
               b(1) = (  1.0000  0.5774  0.0000 )  
               b(2) = (  0.0000  1.1547  0.0000 )  
               b(3) = (  0.0000  0.0000  0.1385 )  


     Atoms inside the unit cell: 

     Cartesian axes

     site n.  atom      mass           positions (alat units)
        1  C      12.0107   tau(    1) = (   -0.00000    0.57735    3.61007  )
        2  C      12.0107   tau(    2) = (    0.50000    0.28868    3.61007  )

     Computing dynamical matrix for 
                    q = (   0.2500000   0.4330127   0.0000000 )
 
      4 Sym.Ops. (no q -> -q+G )


     G cutoff =  219.9107  (   7111 G-vectors)     FFT grid: ( 30, 30,216)

     number of k points=   812  Marzari-Vanderbilt smearing, width (Ry)=  0.0200

     PseudoPot. # 1 for C  read from file:
     ./C.upf
     MD5 check sum: 1b594deb0bcc8b4bffb8cfaf75c62b92
     Pseudo is Projector augmented-wave + core cor, Zval =  4.0
     Generated using ATOMPAW code
     Shape of augmentation charge: SINC**2
     Using radial grid of 2342 points,  4 beta functions with: 
                l(1) =   0
                l(2) =   0
                l(3) =   1
                l(4) =   1
     Q(r) pseudized with 0 coefficients 


     Mode symmetry, C_2v (mm2)  point group:


     Atomic displacements:
     There are    6 irreducible representations

     Representation     1      1 modes -  To be done

     Representation     2      1 modes -  To be done

     Representation     3      1 modes -  To be done

     Representation     4      1 modes -  To be done

     Representation     5      1 modes -  To be done

     Representation     6      1 modes -  To be done



     Alpha used in Ewald sum =   2.8000

     negative rho (up, down):  4.548E-05 0.000E+00
     PHONON       :   8m54.95s CPU   9m16.68s WALL



     Representation #   1 mode #   1

     Self-consistent Calculation

      iter #   1 total cpu time :   562.7 secs   av.it.:   5.9
      thresh= 1.000E-02 alpha_mix =  0.700 |ddv_scf|^2 =  1.079E-05

      iter #   2 total cpu time :   570.0 secs   av.it.:   9.1
      thresh= 3.285E-04 alpha_mix =  0.700 |ddv_scf|^2 =  2.892E-06

      iter #   3 total cpu time :   577.4 secs   av.it.:   9.5
      thresh= 1.701E-04 alpha_mix =  0.700 |ddv_scf|^2 =  2.079E-06

      iter #   4 total cpu time :   584.6 secs   av.it.:   9.0
      thresh= 1.442E-04 alpha_mix =  0.700 |ddv_scf|^2 =  1.096E-08

      iter #   5 total cpu time :   592.4 secs   av.it.:   9.7
      thresh= 1.047E-05 alpha_mix =  0.700 |ddv_scf|^2 =  4.949E-13

      iter #   6 total cpu time :   600.1 secs   av.it.:   9.9
      thresh= 7.035E-08 alpha_mix =  0.700 |ddv_scf|^2 =  3.190E-15

     End of self-consistent calculation

     Convergence has been achieved 


     Representation #   2 mode #   2

     Self-consistent Calculation

      iter #   1 total cpu time :   606.2 secs   av.it.:   5.8
      thresh= 1.000E-02 alpha_mix =  0.700 |ddv_scf|^2 =  1.373E-05

      iter #   2 total cpu time :   613.4 secs   av.it.:   9.0
      thresh= 3.705E-04 alpha_mix =  0.700 |ddv_scf|^2 =  5.152E-06

      iter #   3 total cpu time :   620.9 secs   av.it.:   9.4
      thresh= 2.270E-04 alpha_mix =  0.700 |ddv_scf|^2 =  2.521E-06

      iter #   4 total cpu time :   628.1 secs   av.it.:   8.9
      thresh= 1.588E-04 alpha_mix =  0.700 |ddv_scf|^2 =  2.216E-09

      iter #   5 total cpu time :   635.7 secs   av.it.:   9.8
      thresh= 4.708E-06 alpha_mix =  0.700 |ddv_scf|^2 =  3.569E-12

      iter #   6 total cpu time :   643.0 secs   av.it.:   9.4
      thresh= 1.889E-07 alpha_mix =  0.700 |ddv_scf|^2 =  1.276E-14

      iter #   7 total cpu time :   650.5 secs   av.it.:   9.6
      thresh= 1.130E-08 alpha_mix =  0.700 |ddv_scf|^2 =  9.449E-17

     End of self-consistent calculation

     Convergence has been achieved 


     Representation #   3 mode #   3

     Self-consistent Calculation

      iter #   1 total cpu time :   656.2 secs   av.it.:   5.0
      thresh= 1.000E-02 alpha_mix =  0.700 |ddv_scf|^2 =  4.235E-06

      iter #   2 total cpu time :   662.7 secs   av.it.:   7.8
      thresh= 2.058E-04 alpha_mix =  0.700 |ddv_scf|^2 =  3.777E-07

      iter #   3 total cpu time :   668.4 secs   av.it.:   6.5
      thresh= 6.146E-05 alpha_mix =  0.700 |ddv_scf|^2 =  1.146E-11

      iter #   4 total cpu time :   675.3 secs   av.it.:   8.5
      thresh= 3.385E-07 alpha_mix =  0.700 |ddv_scf|^2 =  4.222E-14

      iter #   5 total cpu time :   683.1 secs   av.it.:   9.9
      thresh= 2.055E-08 alpha_mix =  0.700 |ddv_scf|^2 =  1.390E-16

     End of self-consistent calculation

     Convergence has been achieved 


     Representation #   4 mode #   4

     Self-consistent Calculation

      iter #   1 total cpu time :   689.0 secs   av.it.:   5.2
      thresh= 1.000E-02 alpha_mix =  0.700 |ddv_scf|^2 =  1.264E-05

      iter #   2 total cpu time :   695.9 secs   av.it.:   8.3
      thresh= 3.555E-04 alpha_mix =  0.700 |ddv_scf|^2 =  1.462E-06

      iter #   3 total cpu time :   703.4 secs   av.it.:   9.5
      thresh= 1.209E-04 alpha_mix =  0.700 |ddv_scf|^2 =  9.351E-07

      iter #   4 total cpu time :   710.8 secs   av.it.:   9.3
      thresh= 9.670E-05 alpha_mix =  0.700 |ddv_scf|^2 =  1.495E-10

      iter #   5 total cpu time :   718.2 secs   av.it.:   9.3
      thresh= 1.223E-06 alpha_mix =  0.700 |ddv_scf|^2 =  3.442E-14

      iter #   6 total cpu time :   725.7 secs   av.it.:   9.7
      thresh= 1.855E-08 alpha_mix =  0.700 |ddv_scf|^2 =  2.925E-16

     End of self-consistent calculation

     Convergence has been achieved 


     Representation #   5 mode #   5

     Self-consistent Calculation

      iter #   1 total cpu time :   731.5 secs   av.it.:   5.1
      thresh= 1.000E-02 alpha_mix =  0.700 |ddv_scf|^2 =  1.075E-05

      iter #   2 total cpu time :   738.2 secs   av.it.:   8.2
      thresh= 3.279E-04 alpha_mix =  0.700 |ddv_scf|^2 =  1.151E-06

      iter #   3 total cpu time :   745.6 secs   av.it.:   9.4
      thresh= 1.073E-04 alpha_mix =  0.700 |ddv_scf|^2 =  5.984E-07

      iter #   4 total cpu time :   752.9 secs   av.it.:   9.3
      thresh= 7.736E-05 alpha_mix =  0.700 |ddv_scf|^2 =  9.790E-11

      iter #   5 total cpu time :   760.3 secs   av.it.:   9.3
      thresh= 9.895E-07 alpha_mix =  0.700 |ddv_scf|^2 =  1.991E-14

      iter #   6 total cpu time :   768.0 secs   av.it.:   9.9
      thresh= 1.411E-08 alpha_mix =  0.700 |ddv_scf|^2 =  2.814E-16

     End of self-consistent calculation

     Convergence has been achieved 


     Representation #   6 mode #   6

     Self-consistent Calculation

      iter #   1 total cpu time :   774.0 secs   av.it.:   5.7
      thresh= 1.000E-02 alpha_mix =  0.700 |ddv_scf|^2 =  3.453E-05

      iter #   2 total cpu time :   780.3 secs   av.it.:   7.5
      thresh= 5.876E-04 alpha_mix =  0.700 |ddv_scf|^2 =  3.103E-06

      iter #   3 total cpu time :   786.4 secs   av.it.:   7.1
      thresh= 1.762E-04 alpha_mix =  0.700 |ddv_scf|^2 =  2.428E-09

      iter #   4 total cpu time :   794.0 secs   av.it.:   9.7
      thresh= 4.927E-06 alpha_mix =  0.700 |ddv_scf|^2 =  4.356E-13

      iter #   5 total cpu time :   801.3 secs   av.it.:   9.3
      thresh= 6.600E-08 alpha_mix =  0.700 |ddv_scf|^2 =  2.194E-14

      iter #   6 total cpu time :   808.8 secs   av.it.:   9.4
      thresh= 1.481E-08 alpha_mix =  0.700 |ddv_scf|^2 =  5.071E-17

     End of self-consistent calculation

     Convergence has been achieved 
 
     Number of q in the star =    6
     List of q in the star:
          1   0.250000000   0.433012702   0.000000000
          2  -0.250000000  -0.433012702   0.000000000
          3   0.250000000  -0.433012702   0.000000000
          4   0.500000000   0.000000000   0.000000000
          5  -0.500000000   0.000000000   0.000000000
          6  -0.250000000   0.433012702   0.000000000

     Diagonalizing the dynamical matrix

     q = (    0.250000000   0.433012702   0.000000000 ) 

 **************************************************************************
     freq (    1) =      11.670968 [THz] =     389.301600 [cm-1]
     freq (    2) =      20.929144 [THz] =     698.121110 [cm-1]
     freq (    3) =      25.216462 [THz] =     841.130621 [cm-1]
     freq (    4) =      32.090869 [THz] =    1070.436153 [cm-1]
     freq (    5) =      40.325341 [THz] =    1345.108602 [cm-1]
     freq (    6) =      41.913164 [THz] =    1398.072659 [cm-1]
 **************************************************************************

     Mode symmetry, C_2v (mm2)  point group:

     freq (   1-   1) =        389.3  [cm-1]   --> B_2  D_4  S_4      
     freq (   2-   2) =        698.1  [cm-1]   --> A_2  D_2  S_2      
     freq (   3-   3) =        841.1  [cm-1]   --> B_1  D_3  S_3      
     freq (   4-   4) =       1070.4  [cm-1]   --> A_1  D_1  S_1      
     freq (   5-   5) =       1345.1  [cm-1]   --> A_1  D_1  S_1      
     freq (   6-   6) =       1398.1  [cm-1]   --> B_1  D_3  S_3      
 
     init_run     :      0.46s CPU      0.47s WALL (       3 calls)
     electrons    :    115.48s CPU    118.29s WALL (       3 calls)

     Called by init_run:
     wfcinit      :      0.00s CPU      0.00s WALL (       3 calls)
     potinit      :      0.03s CPU      0.03s WALL (       3 calls)
     hinit0       :      0.06s CPU      0.06s WALL (       3 calls)

     Called by electrons:
     c_bands      :    115.46s CPU    118.27s WALL (       3 calls)
     v_of_rho     :      0.01s CPU      0.01s WALL (       4 calls)
     newd         :      0.02s CPU      0.02s WALL (       4 calls)
     PAW_pot      :      0.03s CPU      0.03s WALL (       4 calls)

     Called by c_bands:
     init_us_2    :      7.23s CPU      8.10s WALL (   58742 calls)
     cegterg      :    103.26s CPU    105.40s WALL (    3798 calls)

     Called by *egterg:
     cdiaghg      :      9.43s CPU      9.63s WALL (   53562 calls)
     h_psi        :    504.72s CPU    519.40s WALL (  457110 calls)
     s_psi        :     16.54s CPU     17.03s WALL (  896628 calls)
     g_psi        :      0.55s CPU      0.56s WALL (   51516 calls)

     Called by h_psi:
     h_psi:calbec :     24.71s CPU     25.31s WALL (  457110 calls)
     vloc_psi     :    465.53s CPU    479.24s WALL (  457110 calls)
     add_vuspsi   :      9.42s CPU      9.67s WALL (  457110 calls)

     General routines
     calbec       :     42.35s CPU     43.69s WALL (  984928 calls)
     fft          :      0.28s CPU      0.32s WALL (    1092 calls)
     ffts         :      1.67s CPU      1.93s WALL (    8062 calls)
     fftw         :    501.96s CPU    521.65s WALL ( 4048416 calls)
     davcio       :     11.21s CPU     13.52s WALL (  220293 calls)
 
     Parallel routines
 
     PHONON       :  12m56.43s CPU  13m28.95s WALL

     INITIALIZATION: 
     phq_setup    :      0.02s CPU      0.02s WALL (       4 calls)
     phq_init     :      9.81s CPU     10.26s WALL (       4 calls)
 
     phq_init     :      9.81s CPU     10.26s WALL (       4 calls)
     set_drhoc    :      0.01s CPU      0.01s WALL (      12 calls)
     init_vloc    :      0.01s CPU      0.01s WALL (       4 calls)
     init_us_1    :      0.03s CPU      0.03s WALL (       4 calls)
     init_us_2    :      7.23s CPU      8.10s WALL (   58742 calls)
     newd         :      0.02s CPU      0.02s WALL (       4 calls)
     dvanqq       :      0.17s CPU      0.17s WALL (       4 calls)
     drho         :      8.60s CPU      8.91s WALL (       4 calls)
     drhous       :      7.86s CPU      8.11s WALL (       4 calls)
     nldyntot     :      0.09s CPU      0.09s WALL (       4 calls)
 
     DYNAMICAL MATRIX:
     dynmat0      :      0.63s CPU      0.68s WALL (       4 calls)
     dynmat_us    :      0.62s CPU      0.66s WALL (       4 calls)
     addusdynmat  :      0.00s CPU      0.00s WALL (       4 calls)
     d2ionq       :      0.00s CPU      0.00s WALL (       4 calls)
     dynmatcc     :      0.01s CPU      0.01s WALL (       4 calls)
     phqscf       :    650.14s CPU    679.22s WALL (       4 calls)
     dynmatrix    :      0.00s CPU      0.00s WALL (       4 calls)
 
     phqscf       :    650.14s CPU    679.22s WALL (       4 calls)
     solve_linter :    647.79s CPU    676.59s WALL (      22 calls)
     sth_kernel   :    612.28s CPU    639.37s WALL (     127 calls)
     h_prec       :      1.41s CPU      1.59s WALL (   39128 calls)
     apply_dpot_b :     41.78s CPU     46.50s WALL (   33150 calls)
     ortho        :      6.99s CPU      7.34s WALL (   39768 calls)
     cgsolve      :    487.91s CPU    502.68s WALL (   39768 calls)
     incdrhoscf   :     55.59s CPU     60.08s WALL (   39768 calls)
                                        0.00s GPU  (   39768 calls)
     addusddens   :      1.29s CPU      1.32s WALL (     149 calls)
     dv_of_drho   :      0.12s CPU      0.13s WALL (     135 calls)
     mix_pot      :      0.10s CPU      0.25s WALL (     127 calls)
     ef_shift     :      0.01s CPU      0.01s WALL (      19 calls)
     ef_shift_wfc :      0.01s CPU      0.04s WALL (       4 calls)
     localdos     :      0.35s CPU      0.37s WALL (       4 calls)
     drhodv       :      2.34s CPU      2.60s WALL (      22 calls)
     psymdvscf    :      9.40s CPU      9.51s WALL (     127 calls)
     newdq        :      1.15s CPU      1.16s WALL (     127 calls)
     adddvscf     :      1.90s CPU      1.96s WALL (   33150 calls)
     com_dvloc    :      2.25s CPU      2.60s WALL (    6774 calls)
                                        0.00s GPU  (    6774 calls)
     addcore      :      0.12s CPU      0.12s WALL (     303 calls)
                                        0.00s GPU  (     303 calls)
     drhodvus     :      0.01s CPU      0.01s WALL (      22 calls)
 
     dvqpsi_us    :     19.34s CPU     20.39s WALL (    6618 calls)
                                        0.00s GPU  (    6618 calls)
     dvqpsi_us_on :      1.83s CPU      1.86s WALL (    6618 calls)
 
     add_vuspsi   :      9.42s CPU      9.67s WALL (  457110 calls)
     addusdbec    :      4.16s CPU      4.25s WALL (   46386 calls)
 
     drhodvus     :      0.01s CPU      0.01s WALL (      22 calls)
 
      General routines
     calbec       :     42.35s CPU     43.69s WALL (  984928 calls)
     fft          :      0.28s CPU      0.32s WALL (    1092 calls)
     ffts         :      1.67s CPU      1.93s WALL (    8062 calls)
     fftw         :    501.96s CPU    521.65s WALL ( 4048416 calls)
     davcio       :     11.21s CPU     13.52s WALL (  220293 calls)
     write_rec    :      0.04s CPU      0.14s WALL (     149 calls)
 
      Additional routines
     ch_psi       :    469.97s CPU    484.17s WALL (  399750 calls)
     last         :     39.41s CPU     40.47s WALL (  399750 calls)
     Hesh         :      2.50s CPU      2.57s WALL (  399750 calls)
     ch_psi_all_k :     35.52s CPU     36.49s WALL (  399750 calls)
                                        0.00s GPU  (  399750 calls)
     ch_psi_calbe :     11.43s CPU     11.72s WALL (  399750 calls)
                                        0.00s GPU  (  399750 calls)
     h_psi_bgrp   :    505.56s CPU    520.26s WALL (  457110 calls)
     h_psi        :    504.72s CPU    519.40s WALL (  457110 calls)
     h_psi:pot    :    501.58s CPU    516.15s WALL (  457110 calls)
     h_psi:calbec :     24.71s CPU     25.31s WALL (  457110 calls)
     s_psi_bgrp   :     20.73s CPU     21.33s WALL (  896628 calls)
     s_psi        :     16.54s CPU     17.03s WALL (  896628 calls)
 
 
     PHONON       :  12m56.43s CPU  13m28.95s WALL

 
   This run was terminated on:  12: 8:42  14May2026            

=------------------------------------------------------------------------------=
   JOB DONE.
=------------------------------------------------------------------------------=
