
     Program PHONON v.7.4 starts on  1Apr2026 at 12:28:35 

     This program is part of the open-source Quantum ESPRESSO suite
     for quantum simulation of materials; please cite
         "P. Giannozzi et al., J. Phys.:Condens. Matter 21 395502 (2009);
         "P. Giannozzi et al., J. Phys.:Condens. Matter 29 465901 (2017);
         "P. Giannozzi et al., J. Chem. Phys. 152 154105 (2020);
          URL http://www.quantum-espresso.org", 
     in publications or presentations arising from this work. More details at
     http://www.quantum-espresso.org/quote

     Parallel version (MPI), running on    12 processors

     MPI processes distributed on     1 nodes
     13853 MiB available memory on the printing compute node when the environment starts
 
     Reading input from al.ph.in

     Reading xml data from directory:

     ./tmp/al.save/
 
     K-points division:     npool     =       2
     R & G space division:  proc/nbgrp/npool/nimage =       6
     Subspace diagonalization in iterative solution of the eigenvalue problem:
     a serial algorithm will be used

read_pp_mesh; mismatch in mesh size, discarding the one in header

     IMPORTANT: XC functional enforced from input :
     Exchange-correlation= PBE
                           (   1   4   3   4   0   0   0)
     Any further DFT definition will be discarded
     Please, verify this is what you really want

 
     Parallelization info
     --------------------
     sticks:   dense  smooth     PW     G-vecs:    dense   smooth      PW
     Min          27      27     18                  226      226     124
     Max          28      28     19                  228      228     127
     Sum         163     163    109                 1363     1363     749
 
     Using Slab Decomposition
 

     negative rho (up, down):  7.343E-04 0.000E+00
     Reading collected, re-writing distributed wavefunctions in ./tmp/


     Dynamical matrices for ( 4, 4, 4)  uniform grid of q-points
     (   8 q-points):
       N         xq(1)         xq(2)         xq(3) 
       1   0.000000000   0.000000000   0.000000000
       2  -0.176776695   0.176776695  -0.176776695
       3   0.353553391  -0.353553391   0.353553391
       4   0.000000000   0.353553391   0.000000000
       5   0.530330086  -0.176776695   0.530330086
       6   0.353553391   0.000000000   0.353553391
       7   0.000000000  -0.707106781   0.000000000
       8  -0.353553391  -0.707106781   0.000000000

     Number and degeneracy of irreps per q-point
       N         xq(1)         xq(2)         xq(3)   N irreps
       1   0.000000000   0.000000000   0.000000000       1
        3
       2  -0.176776695   0.176776695  -0.176776695       2
        1   2
       3   0.353553391  -0.353553391   0.353553391       2
        1   2
       4   0.000000000   0.353553391   0.000000000       2
        1   2
       5   0.530330086  -0.176776695   0.530330086       3
     No degeneracy
       6   0.353553391   0.000000000   0.353553391       3
     No degeneracy
       7   0.000000000  -0.707106781   0.000000000       2
        1   2
       8  -0.353553391  -0.707106781   0.000000000       2
        1   2

     Calculation of q =    0.0000000   0.0000000   0.0000000

     Al                                                                         

     bravais-lattice index     =            0
     lattice parameter (alat)  =       5.3955  a.u.
     unit-cell volume          =     111.0634 (a.u.)^3
     number of atoms/cell      =            1
     number of atomic types    =            1
     kinetic-energy cut-off    =      38.0000  Ry
     charge density cut-off    =      80.0000  Ry
     convergence threshold     =      1.0E-12
     beta                      =       0.7000
     number of iterations used =            4
     Exchange-correlation= PBE
                           (   1   4   3   4   0   0   0)


     celldm(1)=    5.39546  celldm(2)=    0.00000  celldm(3)=    0.00000
     celldm(4)=    0.00000  celldm(5)=    0.00000  celldm(6)=    0.00000

     crystal axes: (cart. coord. in units of alat)
               a(1) = ( -0.7071  0.0000  0.7071 )  
               a(2) = (  0.0000  0.7071  0.7071 )  
               a(3) = ( -0.7071  0.7071  0.0000 )  

     reciprocal axes: (cart. coord. in units 2 pi/alat)
               b(1) = ( -0.7071 -0.7071  0.7071 )  
               b(2) = (  0.7071  0.7071  0.7071 )  
               b(3) = ( -0.7071  0.7071 -0.7071 )  


     Atoms inside the unit cell: 

     Cartesian axes

     site n.  atom      mass           positions (alat units)
        1  Al     26.9815   tau(    1) = (    0.00000    0.00000    0.00000  )

     Computing dynamical matrix for 
                    q = (   0.0000000   0.0000000   0.0000000 )
 
     49 Sym.Ops. (with q -> -q+G )


     G cutoff =   58.9912  (    228 G-vectors)     FFT grid: ( 15, 15, 15)

     number of k points=   182  Methfessel-Paxton smearing, width (Ry)=  0.0200

     PseudoPot. # 1 for Al read from file:
     ./Al.upf
     MD5 check sum: fd3ab6bbf4b2322b308692f0f9c61a66
     Pseudo is Projector augmented-wave + core cor, Zval =  3.0
     Generated using ATOMPAW code
     Shape of augmentation charge: SINC**2
     Using radial grid of 2342 points,  4 beta functions with: 
                l(1) =   0
                l(2) =   0
                l(3) =   1
                l(4) =   1
     Q(r) pseudized with 0 coefficients 


     Mode symmetry, O_h (m-3m)  point group:


     Atomic displacements:
     There are    1 irreducible representations

     Representation     1      3 modes -  To be done



     Alpha used in Ewald sum =   0.9000

     negative rho (up, down):  7.343E-04 0.000E+00
     PHONON       :      0.16s CPU      0.18s WALL



     Representation #   1 modes #   1   2   3

     Self-consistent Calculation
 
     Pert. #  1: Fermi energy shift (Ry) =    -1.3463E-28    -3.7616E-36
     Pert. #  2: Fermi energy shift (Ry) =    -2.3561E-28     6.5201E-36
     Pert. #  3: Fermi energy shift (Ry) =     1.6829E-28    -2.5077E-36

      iter #   1 total cpu time :     0.4 secs   av.it.:   3.2
      thresh= 1.000E-02 alpha_mix =  0.700 |ddv_scf|^2 =  5.852E-08
 
     Pert. #  1: Fermi energy shift (Ry) =    -1.0097E-28     2.4949E-39
     Pert. #  2: Fermi energy shift (Ry) =    -3.1975E-28    -2.7091E-39
     Pert. #  3: Fermi energy shift (Ry) =     7.0682E-28    -1.0102E-39

      iter #   2 total cpu time :     0.7 secs   av.it.:   6.4
      thresh= 2.419E-05 alpha_mix =  0.700 |ddv_scf|^2 =  3.285E-09
 
     Pert. #  1: Fermi energy shift (Ry) =     1.5146E-28    -8.5713E-40
     Pert. #  2: Fermi energy shift (Ry) =    -4.8804E-28     8.5713E-40
     Pert. #  3: Fermi energy shift (Ry) =    -2.6926E-28     1.2245E-40

      iter #   3 total cpu time :     0.9 secs   av.it.:   6.4
      thresh= 5.731E-06 alpha_mix =  0.700 |ddv_scf|^2 =  7.754E-11
 
     Pert. #  1: Fermi energy shift (Ry) =     4.0390E-28    -2.8699E-41
     Pert. #  2: Fermi energy shift (Ry) =    -6.5633E-28     1.2436E-40
     Pert. #  3: Fermi energy shift (Ry) =    -4.7121E-28    -1.4158E-40

      iter #   4 total cpu time :     1.2 secs   av.it.:   6.1
      thresh= 8.806E-07 alpha_mix =  0.700 |ddv_scf|^2 =  6.081E-14

     End of self-consistent calculation

     Convergence has been achieved 
 
     Number of q in the star =    1
     List of q in the star:
          1   0.000000000   0.000000000   0.000000000

     Diagonalizing the dynamical matrix

     q = (    0.000000000   0.000000000   0.000000000 ) 

 **************************************************************************
     freq (    1) =       0.198823 [THz] =       6.632025 [cm-1]
     freq (    2) =       0.198823 [THz] =       6.632025 [cm-1]
     freq (    3) =       0.198823 [THz] =       6.632025 [cm-1]
 **************************************************************************

     Mode symmetry, O_h (m-3m)  point group:

     freq (   1-   3) =          6.6  [cm-1]   --> T_1u G_15  G_4- I  

     Calculation of q =   -0.1767767   0.1767767  -0.1767767
 
     Parallelization info
     --------------------
     sticks:   dense  smooth     PW     G-vecs:    dense   smooth      PW
     Min          26      26     20                  226      226     148
     Max          28      28     21                  228      228     151
     Sum         163     163    121                 1363     1363     893
 
     Using Slab Decomposition
 

     Title: 
     Al                                                                         


     bravais-lattice index     =            0
     lattice parameter (alat)  =       5.3955  a.u.
     unit-cell volume          =     111.0634 (a.u.)^3
     number of atoms/cell      =            1
     number of atomic types    =            1
     number of electrons       =         3.00
     number of Kohn-Sham states=            6
     kinetic-energy cutoff     =      38.0000  Ry
     charge density cutoff     =      80.0000  Ry
     Exchange-correlation= PBE
                           (   1   4   3   4   0   0   0)

     celldm(1)=   5.395462  celldm(2)=   0.000000  celldm(3)=   0.000000
     celldm(4)=   0.000000  celldm(5)=   0.000000  celldm(6)=   0.000000

     crystal axes: (cart. coord. in units of alat)
               a(1) = (  -0.707107   0.000000   0.707107 )  
               a(2) = (   0.000000   0.707107   0.707107 )  
               a(3) = (  -0.707107   0.707107   0.000000 )  

     reciprocal axes: (cart. coord. in units 2 pi/alat)
               b(1) = ( -0.707107 -0.707107  0.707107 )  
               b(2) = (  0.707107  0.707107  0.707107 )  
               b(3) = ( -0.707107  0.707107 -0.707107 )  


     PseudoPot. # 1 for Al read from file:
     ./Al.upf
     MD5 check sum: fd3ab6bbf4b2322b308692f0f9c61a66
     Pseudo is Projector augmented-wave + core cor, Zval =  3.0
     Generated using ATOMPAW code
     Shape of augmentation charge: SINC**2
     Using radial grid of 2342 points,  4 beta functions with: 
                l(1) =   0
                l(2) =   0
                l(3) =   1
                l(4) =   1
     Q(r) pseudized with 0 coefficients 


     atomic species   valence    mass     pseudopotential
     Al                3.00    26.98150     Al( 1.00)

     48 Sym. Ops., with inversion, found



   Cartesian axes

     site n.     atom                  positions (alat units)
         1        Al     tau(   1) = (   0.0000000   0.0000000   0.0000000  )

     number of k points=  2600  Methfessel-Paxton smearing, width (Ry)=  0.0200

     Number of k-points >= 100: set verbosity='high' to print them.

     Dense  grid:     1363 G-vectors     FFT dimensions: (  15,  15,  15)

     Estimated max dynamical RAM per process >       0.41 MB

     Estimated total dynamical RAM >       4.97 MB

     The potential is recalculated from file :
     ./tmp/_ph0/al.save/charge-density


     negative rho (up, down):  7.343E-04 0.000E+00
     Starting wfcs are    8 atomic wfcs
     Checking if some PAW data can be deallocated... 

     Band Structure Calculation
     Davidson diagonalization with overlap

     ethr =  3.33E-10,  avg # of iterations = 14.3

     total cpu time spent up to now is        3.8 secs

     End of band structure calculation

     Number of k-points >= 100: set verbosity='high' to print the bands.

     the Fermi energy is     8.0124 ev

     Writing config to output data dir ./tmp/_ph0/al.save/ :
     XML data file

     Al                                                                         

     bravais-lattice index     =            0
     lattice parameter (alat)  =       5.3955  a.u.
     unit-cell volume          =     111.0634 (a.u.)^3
     number of atoms/cell      =            1
     number of atomic types    =            1
     kinetic-energy cut-off    =      38.0000  Ry
     charge density cut-off    =      80.0000  Ry
     convergence threshold     =      1.0E-12
     beta                      =       0.7000
     number of iterations used =            4
     Exchange-correlation= PBE
                           (   1   4   3   4   0   0   0)


     celldm(1)=    5.39546  celldm(2)=    0.00000  celldm(3)=    0.00000
     celldm(4)=    0.00000  celldm(5)=    0.00000  celldm(6)=    0.00000

     crystal axes: (cart. coord. in units of alat)
               a(1) = ( -0.7071  0.0000  0.7071 )  
               a(2) = (  0.0000  0.7071  0.7071 )  
               a(3) = ( -0.7071  0.7071  0.0000 )  

     reciprocal axes: (cart. coord. in units 2 pi/alat)
               b(1) = ( -0.7071 -0.7071  0.7071 )  
               b(2) = (  0.7071  0.7071  0.7071 )  
               b(3) = ( -0.7071  0.7071 -0.7071 )  


     Atoms inside the unit cell: 

     Cartesian axes

     site n.  atom      mass           positions (alat units)
        1  Al     26.9815   tau(    1) = (    0.00000    0.00000    0.00000  )

     Computing dynamical matrix for 
                    q = (  -0.1767767   0.1767767  -0.1767767 )
 
      6 Sym.Ops. (no q -> -q+G )


     G cutoff =   58.9912  (    228 G-vectors)     FFT grid: ( 15, 15, 15)

     number of k points=  2600  Methfessel-Paxton smearing, width (Ry)=  0.0200

     PseudoPot. # 1 for Al read from file:
     ./Al.upf
     MD5 check sum: fd3ab6bbf4b2322b308692f0f9c61a66
     Pseudo is Projector augmented-wave + core cor, Zval =  3.0
     Generated using ATOMPAW code
     Shape of augmentation charge: SINC**2
     Using radial grid of 2342 points,  4 beta functions with: 
                l(1) =   0
                l(2) =   0
                l(3) =   1
                l(4) =   1
     Q(r) pseudized with 0 coefficients 


     Mode symmetry, C_3v (3m)   point group:


     Atomic displacements:
     There are    2 irreducible representations

     Representation     1      1 modes -  To be done

     Representation     2      2 modes -  To be done


     Message from routine init_vloc:
     Interpolation table for Vloc re-allocated

     Alpha used in Ewald sum =   0.9000

     negative rho (up, down):  7.343E-04 0.000E+00
     PHONON       :      4.73s CPU      5.26s WALL



     Representation #   1 mode #   1

     Self-consistent Calculation

      iter #   1 total cpu time :     5.6 secs   av.it.:   4.4
      thresh= 1.000E-02 alpha_mix =  0.700 |ddv_scf|^2 =  1.362E-02

      iter #   2 total cpu time :     6.0 secs   av.it.:   5.1
      thresh= 1.000E-02 alpha_mix =  0.700 |ddv_scf|^2 =  5.407E-01

      iter #   3 total cpu time :     6.3 secs   av.it.:   4.9
      thresh= 1.000E-02 alpha_mix =  0.700 |ddv_scf|^2 =  3.609E-07

      iter #   4 total cpu time :     6.6 secs   av.it.:   5.6
      thresh= 6.008E-05 alpha_mix =  0.700 |ddv_scf|^2 =  3.099E-09

      iter #   5 total cpu time :     6.9 secs   av.it.:   5.9
      thresh= 5.567E-06 alpha_mix =  0.700 |ddv_scf|^2 =  1.844E-10

      iter #   6 total cpu time :     7.3 secs   av.it.:   5.8
      thresh= 1.358E-06 alpha_mix =  0.700 |ddv_scf|^2 =  2.335E-12

      iter #   7 total cpu time :     7.6 secs   av.it.:   5.7
      thresh= 1.528E-07 alpha_mix =  0.700 |ddv_scf|^2 =  2.400E-13

     End of self-consistent calculation

     Convergence has been achieved 


     Representation #   2 modes #   2   3

     Self-consistent Calculation

      iter #   1 total cpu time :     8.3 secs   av.it.:   3.2
      thresh= 1.000E-02 alpha_mix =  0.700 |ddv_scf|^2 =  1.140E-07

      iter #   2 total cpu time :     9.1 secs   av.it.:   6.5
      thresh= 3.376E-05 alpha_mix =  0.700 |ddv_scf|^2 =  6.896E-09

      iter #   3 total cpu time :     9.9 secs   av.it.:   6.4
      thresh= 8.304E-06 alpha_mix =  0.700 |ddv_scf|^2 =  1.462E-10

      iter #   4 total cpu time :    10.6 secs   av.it.:   6.0
      thresh= 1.209E-06 alpha_mix =  0.700 |ddv_scf|^2 =  3.292E-13

     End of self-consistent calculation

     Convergence has been achieved 
 
     Number of q in the star =    8
     List of q in the star:
          1  -0.176776695   0.176776695  -0.176776695
          2   0.176776695  -0.176776695  -0.176776695
          3   0.176776695  -0.176776695   0.176776695
          4   0.176776695   0.176776695   0.176776695
          5  -0.176776695  -0.176776695  -0.176776695
          6  -0.176776695  -0.176776695   0.176776695
          7  -0.176776695   0.176776695   0.176776695
          8   0.176776695   0.176776695  -0.176776695

     Diagonalizing the dynamical matrix

     q = (   -0.176776695   0.176776695  -0.176776695 ) 

 **************************************************************************
     freq (    1) =       3.346358 [THz] =     111.622503 [cm-1]
     freq (    2) =       3.346358 [THz] =     111.622503 [cm-1]
     freq (    3) =       6.511037 [THz] =     217.184809 [cm-1]
 **************************************************************************

     Mode symmetry, C_3v (3m)   point group:

     freq (   1-   2) =        111.6  [cm-1]   --> E    L_3           
     freq (   3-   3) =        217.2  [cm-1]   --> A_1  L_1           

     Calculation of q =    0.3535534  -0.3535534   0.3535534
 
     Parallelization info
     --------------------
     sticks:   dense  smooth     PW     G-vecs:    dense   smooth      PW
     Min          27      27     21                  226      226     160
     Max          28      28     22                  228      228     163
     Sum         163     163    127                 1363     1363     965
 
     Using Slab Decomposition
 

     Title: 
     Al                                                                         


     bravais-lattice index     =            0
     lattice parameter (alat)  =       5.3955  a.u.
     unit-cell volume          =     111.0634 (a.u.)^3
     number of atoms/cell      =            1
     number of atomic types    =            1
     number of electrons       =         3.00
     number of Kohn-Sham states=            6
     kinetic-energy cutoff     =      38.0000  Ry
     charge density cutoff     =      80.0000  Ry
     Exchange-correlation= PBE
                           (   1   4   3   4   0   0   0)

     celldm(1)=   5.395462  celldm(2)=   0.000000  celldm(3)=   0.000000
     celldm(4)=   0.000000  celldm(5)=   0.000000  celldm(6)=   0.000000

     crystal axes: (cart. coord. in units of alat)
               a(1) = (  -0.707107   0.000000   0.707107 )  
               a(2) = (   0.000000   0.707107   0.707107 )  
               a(3) = (  -0.707107   0.707107   0.000000 )  

     reciprocal axes: (cart. coord. in units 2 pi/alat)
               b(1) = ( -0.707107 -0.707107  0.707107 )  
               b(2) = (  0.707107  0.707107  0.707107 )  
               b(3) = ( -0.707107  0.707107 -0.707107 )  


     PseudoPot. # 1 for Al read from file:
     ./Al.upf
     MD5 check sum: fd3ab6bbf4b2322b308692f0f9c61a66
     Pseudo is Projector augmented-wave + core cor, Zval =  3.0
     Generated using ATOMPAW code
     Shape of augmentation charge: SINC**2
     Using radial grid of 2342 points,  4 beta functions with: 
                l(1) =   0
                l(2) =   0
                l(3) =   1
                l(4) =   1
     Q(r) pseudized with 0 coefficients 


     atomic species   valence    mass     pseudopotential
     Al                3.00    26.98150     Al( 1.00)

     48 Sym. Ops., with inversion, found



   Cartesian axes

     site n.     atom                  positions (alat units)
         1        Al     tau(   1) = (   0.0000000   0.0000000   0.0000000  )

     number of k points=  1300  Methfessel-Paxton smearing, width (Ry)=  0.0200

     Number of k-points >= 100: set verbosity='high' to print them.

     Dense  grid:     1363 G-vectors     FFT dimensions: (  15,  15,  15)

     Estimated max dynamical RAM per process >       0.42 MB

     Estimated total dynamical RAM >       5.06 MB

     The potential is recalculated from file :
     ./tmp/_ph0/al.save/charge-density


     negative rho (up, down):  7.343E-04 0.000E+00
     Starting wfcs are    8 atomic wfcs
     Checking if some PAW data can be deallocated... 

     Band Structure Calculation
     Davidson diagonalization with overlap

     ethr =  3.33E-10,  avg # of iterations = 14.3

     total cpu time spent up to now is        5.8 secs

     End of band structure calculation

     Number of k-points >= 100: set verbosity='high' to print the bands.

     the Fermi energy is     8.0124 ev

     Writing config to output data dir ./tmp/_ph0/al.save/ :
     XML data file

     Al                                                                         

     bravais-lattice index     =            0
     lattice parameter (alat)  =       5.3955  a.u.
     unit-cell volume          =     111.0634 (a.u.)^3
     number of atoms/cell      =            1
     number of atomic types    =            1
     kinetic-energy cut-off    =      38.0000  Ry
     charge density cut-off    =      80.0000  Ry
     convergence threshold     =      1.0E-12
     beta                      =       0.7000
     number of iterations used =            4
     Exchange-correlation= PBE
                           (   1   4   3   4   0   0   0)


     celldm(1)=    5.39546  celldm(2)=    0.00000  celldm(3)=    0.00000
     celldm(4)=    0.00000  celldm(5)=    0.00000  celldm(6)=    0.00000

     crystal axes: (cart. coord. in units of alat)
               a(1) = ( -0.7071  0.0000  0.7071 )  
               a(2) = (  0.0000  0.7071  0.7071 )  
               a(3) = ( -0.7071  0.7071  0.0000 )  

     reciprocal axes: (cart. coord. in units 2 pi/alat)
               b(1) = ( -0.7071 -0.7071  0.7071 )  
               b(2) = (  0.7071  0.7071  0.7071 )  
               b(3) = ( -0.7071  0.7071 -0.7071 )  


     Atoms inside the unit cell: 

     Cartesian axes

     site n.  atom      mass           positions (alat units)
        1  Al     26.9815   tau(    1) = (    0.00000    0.00000    0.00000  )

     Computing dynamical matrix for 
                    q = (   0.3535534  -0.3535534   0.3535534 )
 
     13 Sym.Ops. (with q -> -q+G )


     G cutoff =   58.9912  (    228 G-vectors)     FFT grid: ( 15, 15, 15)

     number of k points=  1300  Methfessel-Paxton smearing, width (Ry)=  0.0200

     PseudoPot. # 1 for Al read from file:
     ./Al.upf
     MD5 check sum: fd3ab6bbf4b2322b308692f0f9c61a66
     Pseudo is Projector augmented-wave + core cor, Zval =  3.0
     Generated using ATOMPAW code
     Shape of augmentation charge: SINC**2
     Using radial grid of 2342 points,  4 beta functions with: 
                l(1) =   0
                l(2) =   0
                l(3) =   1
                l(4) =   1
     Q(r) pseudized with 0 coefficients 


     Mode symmetry, D_3d (-3m)  point group:


     Atomic displacements:
     There are    2 irreducible representations

     Representation     1      1 modes -  To be done

     Representation     2      2 modes -  To be done



     Alpha used in Ewald sum =   0.9000

     negative rho (up, down):  7.343E-04 0.000E+00
     PHONON       :     11.19s CPU     12.67s WALL



     Representation #   1 mode #   1

     Self-consistent Calculation

      iter #   1 total cpu time :    12.9 secs   av.it.:   4.5
      thresh= 1.000E-02 alpha_mix =  0.700 |ddv_scf|^2 =  1.495E-04

      iter #   2 total cpu time :    13.1 secs   av.it.:   6.0
      thresh= 1.223E-03 alpha_mix =  0.700 |ddv_scf|^2 =  1.685E-04

      iter #   3 total cpu time :    13.2 secs   av.it.:   5.4
      thresh= 1.298E-03 alpha_mix =  0.700 |ddv_scf|^2 =  1.494E-08

      iter #   4 total cpu time :    13.4 secs   av.it.:   6.1
      thresh= 1.222E-05 alpha_mix =  0.700 |ddv_scf|^2 =  2.275E-10

      iter #   5 total cpu time :    13.6 secs   av.it.:   5.9
      thresh= 1.508E-06 alpha_mix =  0.700 |ddv_scf|^2 =  6.007E-12

      iter #   6 total cpu time :    13.8 secs   av.it.:   5.2
      thresh= 2.451E-07 alpha_mix =  0.700 |ddv_scf|^2 =  2.173E-15

     End of self-consistent calculation

     Convergence has been achieved 


     Representation #   2 modes #   2   3

     Self-consistent Calculation

      iter #   1 total cpu time :    14.1 secs   av.it.:   3.2
      thresh= 1.000E-02 alpha_mix =  0.700 |ddv_scf|^2 =  9.499E-08

      iter #   2 total cpu time :    14.5 secs   av.it.:   6.5
      thresh= 3.082E-05 alpha_mix =  0.700 |ddv_scf|^2 =  6.206E-09

      iter #   3 total cpu time :    14.9 secs   av.it.:   6.3
      thresh= 7.878E-06 alpha_mix =  0.700 |ddv_scf|^2 =  1.300E-10

      iter #   4 total cpu time :    15.3 secs   av.it.:   6.2
      thresh= 1.140E-06 alpha_mix =  0.700 |ddv_scf|^2 =  3.300E-13

     End of self-consistent calculation

     Convergence has been achieved 
 
     Number of q in the star =    4
     List of q in the star:
          1   0.353553391  -0.353553391   0.353553391
          2   0.353553391   0.353553391   0.353553391
          3  -0.353553391   0.353553391   0.353553391
          4   0.353553391   0.353553391  -0.353553391

     Diagonalizing the dynamical matrix

     q = (    0.353553391  -0.353553391   0.353553391 ) 

 **************************************************************************
     freq (    1) =       4.158843 [THz] =     138.724058 [cm-1]
     freq (    2) =       4.158843 [THz] =     138.724058 [cm-1]
     freq (    3) =       9.531885 [THz] =     317.949451 [cm-1]
 **************************************************************************

     Mode symmetry, D_3d (-3m)  point group:

     freq (   1-   2) =        138.7  [cm-1]   --> E_u  L_3'          
     freq (   3-   3) =        317.9  [cm-1]   --> A_2u L_2'          

     Calculation of q =    0.0000000   0.3535534   0.0000000
 
     Parallelization info
     --------------------
     sticks:   dense  smooth     PW     G-vecs:    dense   smooth      PW
     Min          26      26     20                  226      226     148
     Max          28      28     21                  228      228     151
     Sum         163     163    121                 1363     1363     893
 
     Using Slab Decomposition
 

     Title: 
     Al                                                                         


     bravais-lattice index     =            0
     lattice parameter (alat)  =       5.3955  a.u.
     unit-cell volume          =     111.0634 (a.u.)^3
     number of atoms/cell      =            1
     number of atomic types    =            1
     number of electrons       =         3.00
     number of Kohn-Sham states=            6
     kinetic-energy cutoff     =      38.0000  Ry
     charge density cutoff     =      80.0000  Ry
     Exchange-correlation= PBE
                           (   1   4   3   4   0   0   0)

     celldm(1)=   5.395462  celldm(2)=   0.000000  celldm(3)=   0.000000
     celldm(4)=   0.000000  celldm(5)=   0.000000  celldm(6)=   0.000000

     crystal axes: (cart. coord. in units of alat)
               a(1) = (  -0.707107   0.000000   0.707107 )  
               a(2) = (   0.000000   0.707107   0.707107 )  
               a(3) = (  -0.707107   0.707107   0.000000 )  

     reciprocal axes: (cart. coord. in units 2 pi/alat)
               b(1) = ( -0.707107 -0.707107  0.707107 )  
               b(2) = (  0.707107  0.707107  0.707107 )  
               b(3) = ( -0.707107  0.707107 -0.707107 )  


     PseudoPot. # 1 for Al read from file:
     ./Al.upf
     MD5 check sum: fd3ab6bbf4b2322b308692f0f9c61a66
     Pseudo is Projector augmented-wave + core cor, Zval =  3.0
     Generated using ATOMPAW code
     Shape of augmentation charge: SINC**2
     Using radial grid of 2342 points,  4 beta functions with: 
                l(1) =   0
                l(2) =   0
                l(3) =   1
                l(4) =   1
     Q(r) pseudized with 0 coefficients 


     atomic species   valence    mass     pseudopotential
     Al                3.00    26.98150     Al( 1.00)

     48 Sym. Ops., with inversion, found



   Cartesian axes

     site n.     atom                  positions (alat units)
         1        Al     tau(   1) = (   0.0000000   0.0000000   0.0000000  )

     number of k points=  1872  Methfessel-Paxton smearing, width (Ry)=  0.0200

     Number of k-points >= 100: set verbosity='high' to print them.

     Dense  grid:     1363 G-vectors     FFT dimensions: (  15,  15,  15)

     Estimated max dynamical RAM per process >       0.41 MB

     Estimated total dynamical RAM >       4.98 MB

     The potential is recalculated from file :
     ./tmp/_ph0/al.save/charge-density


     negative rho (up, down):  7.343E-04 0.000E+00
     Starting wfcs are    8 atomic wfcs
     Checking if some PAW data can be deallocated... 

     Band Structure Calculation
     Davidson diagonalization with overlap

     ethr =  3.33E-10,  avg # of iterations = 14.3

     total cpu time spent up to now is        8.6 secs

     End of band structure calculation

     Number of k-points >= 100: set verbosity='high' to print the bands.

     the Fermi energy is     8.0124 ev

     Writing config to output data dir ./tmp/_ph0/al.save/ :
     XML data file

     Al                                                                         

     bravais-lattice index     =            0
     lattice parameter (alat)  =       5.3955  a.u.
     unit-cell volume          =     111.0634 (a.u.)^3
     number of atoms/cell      =            1
     number of atomic types    =            1
     kinetic-energy cut-off    =      38.0000  Ry
     charge density cut-off    =      80.0000  Ry
     convergence threshold     =      1.0E-12
     beta                      =       0.7000
     number of iterations used =            4
     Exchange-correlation= PBE
                           (   1   4   3   4   0   0   0)


     celldm(1)=    5.39546  celldm(2)=    0.00000  celldm(3)=    0.00000
     celldm(4)=    0.00000  celldm(5)=    0.00000  celldm(6)=    0.00000

     crystal axes: (cart. coord. in units of alat)
               a(1) = ( -0.7071  0.0000  0.7071 )  
               a(2) = (  0.0000  0.7071  0.7071 )  
               a(3) = ( -0.7071  0.7071  0.0000 )  

     reciprocal axes: (cart. coord. in units 2 pi/alat)
               b(1) = ( -0.7071 -0.7071  0.7071 )  
               b(2) = (  0.7071  0.7071  0.7071 )  
               b(3) = ( -0.7071  0.7071 -0.7071 )  


     Atoms inside the unit cell: 

     Cartesian axes

     site n.  atom      mass           positions (alat units)
        1  Al     26.9815   tau(    1) = (    0.00000    0.00000    0.00000  )

     Computing dynamical matrix for 
                    q = (   0.0000000   0.3535534   0.0000000 )
 
      8 Sym.Ops. (no q -> -q+G )


     G cutoff =   58.9912  (    228 G-vectors)     FFT grid: ( 15, 15, 15)

     number of k points=  1872  Methfessel-Paxton smearing, width (Ry)=  0.0200

     PseudoPot. # 1 for Al read from file:
     ./Al.upf
     MD5 check sum: fd3ab6bbf4b2322b308692f0f9c61a66
     Pseudo is Projector augmented-wave + core cor, Zval =  3.0
     Generated using ATOMPAW code
     Shape of augmentation charge: SINC**2
     Using radial grid of 2342 points,  4 beta functions with: 
                l(1) =   0
                l(2) =   0
                l(3) =   1
                l(4) =   1
     Q(r) pseudized with 0 coefficients 


     Mode symmetry, C_4v (4mm)  point group:


     Atomic displacements:
     There are    2 irreducible representations

     Representation     1      1 modes -  To be done

     Representation     2      2 modes -  To be done



     Alpha used in Ewald sum =   0.9000

     negative rho (up, down):  7.343E-04 0.000E+00
     PHONON       :     16.18s CPU     18.26s WALL



     Representation #   1 mode #   1

     Self-consistent Calculation

      iter #   1 total cpu time :    18.5 secs   av.it.:   4.1
      thresh= 1.000E-02 alpha_mix =  0.700 |ddv_scf|^2 =  4.575E-03

      iter #   2 total cpu time :    18.8 secs   av.it.:   4.9
      thresh= 6.764E-03 alpha_mix =  0.700 |ddv_scf|^2 =  8.347E-02

      iter #   3 total cpu time :    19.0 secs   av.it.:   4.5
      thresh= 1.000E-02 alpha_mix =  0.700 |ddv_scf|^2 =  4.652E-08

      iter #   4 total cpu time :    19.3 secs   av.it.:   6.2
      thresh= 2.157E-05 alpha_mix =  0.700 |ddv_scf|^2 =  2.643E-09

      iter #   5 total cpu time :    19.5 secs   av.it.:   5.9
      thresh= 5.141E-06 alpha_mix =  0.700 |ddv_scf|^2 =  4.354E-11

      iter #   6 total cpu time :    19.8 secs   av.it.:   5.3
      thresh= 6.598E-07 alpha_mix =  0.700 |ddv_scf|^2 =  5.343E-12

      iter #   7 total cpu time :    20.0 secs   av.it.:   4.4
      thresh= 2.312E-07 alpha_mix =  0.700 |ddv_scf|^2 =  3.772E-15

     End of self-consistent calculation

     Convergence has been achieved 


     Representation #   2 modes #   2   3

     Self-consistent Calculation

      iter #   1 total cpu time :    20.5 secs   av.it.:   3.4
      thresh= 1.000E-02 alpha_mix =  0.700 |ddv_scf|^2 =  8.744E-08

      iter #   2 total cpu time :    21.0 secs   av.it.:   6.4
      thresh= 2.957E-05 alpha_mix =  0.700 |ddv_scf|^2 =  7.315E-09

      iter #   3 total cpu time :    21.5 secs   av.it.:   6.4
      thresh= 8.553E-06 alpha_mix =  0.700 |ddv_scf|^2 =  6.133E-11

      iter #   4 total cpu time :    22.0 secs   av.it.:   6.0
      thresh= 7.831E-07 alpha_mix =  0.700 |ddv_scf|^2 =  3.906E-13

     End of self-consistent calculation

     Convergence has been achieved 
 
     Number of q in the star =    6
     List of q in the star:
          1   0.000000000   0.353553391   0.000000000
          2   0.000000000  -0.353553391   0.000000000
          3   0.353553391   0.000000000   0.000000000
          4   0.000000000   0.000000000   0.353553391
          5   0.000000000   0.000000000  -0.353553391
          6  -0.353553391   0.000000000   0.000000000

     Diagonalizing the dynamical matrix

     q = (    0.000000000   0.353553391   0.000000000 ) 

 **************************************************************************
     freq (    1) =       4.064753 [THz] =     135.585577 [cm-1]
     freq (    2) =       4.064753 [THz] =     135.585577 [cm-1]
     freq (    3) =       7.251539 [THz] =     241.885302 [cm-1]
 **************************************************************************

     Mode symmetry, C_4v (4mm)  point group:

     freq (   1-   2) =        135.6  [cm-1]   --> E    G_5 D_5       
     freq (   3-   3) =        241.9  [cm-1]   --> A_1  G_1 D_1       

     Calculation of q =    0.5303301  -0.1767767   0.5303301
 
     Parallelization info
     --------------------
     sticks:   dense  smooth     PW     G-vecs:    dense   smooth      PW
     Min          26      26     23                  227      227     177
     Max          28      28     24                  228      228     179
     Sum         163     163    139                 1363     1363    1067
 
     Using Slab Decomposition
 

     Title: 
     Al                                                                         


     bravais-lattice index     =            0
     lattice parameter (alat)  =       5.3955  a.u.
     unit-cell volume          =     111.0634 (a.u.)^3
     number of atoms/cell      =            1
     number of atomic types    =            1
     number of electrons       =         3.00
     number of Kohn-Sham states=            6
     kinetic-energy cutoff     =      38.0000  Ry
     charge density cutoff     =      80.0000  Ry
     Exchange-correlation= PBE
                           (   1   4   3   4   0   0   0)

     celldm(1)=   5.395462  celldm(2)=   0.000000  celldm(3)=   0.000000
     celldm(4)=   0.000000  celldm(5)=   0.000000  celldm(6)=   0.000000

     crystal axes: (cart. coord. in units of alat)
               a(1) = (  -0.707107   0.000000   0.707107 )  
               a(2) = (   0.000000   0.707107   0.707107 )  
               a(3) = (  -0.707107   0.707107   0.000000 )  

     reciprocal axes: (cart. coord. in units 2 pi/alat)
               b(1) = ( -0.707107 -0.707107  0.707107 )  
               b(2) = (  0.707107  0.707107  0.707107 )  
               b(3) = ( -0.707107  0.707107 -0.707107 )  


     PseudoPot. # 1 for Al read from file:
     ./Al.upf
     MD5 check sum: fd3ab6bbf4b2322b308692f0f9c61a66
     Pseudo is Projector augmented-wave + core cor, Zval =  3.0
     Generated using ATOMPAW code
     Shape of augmentation charge: SINC**2
     Using radial grid of 2342 points,  4 beta functions with: 
                l(1) =   0
                l(2) =   0
                l(3) =   1
                l(4) =   1
     Q(r) pseudized with 0 coefficients 


     atomic species   valence    mass     pseudopotential
     Al                3.00    26.98150     Al( 1.00)

     48 Sym. Ops., with inversion, found



   Cartesian axes

     site n.     atom                  positions (alat units)
         1        Al     tau(   1) = (   0.0000000   0.0000000   0.0000000  )

     number of k points=  7200  Methfessel-Paxton smearing, width (Ry)=  0.0200

     Number of k-points >= 100: set verbosity='high' to print them.

     Dense  grid:     1363 G-vectors     FFT dimensions: (  15,  15,  15)

     Estimated max dynamical RAM per process >       0.43 MB

     Estimated total dynamical RAM >       5.11 MB

     The potential is recalculated from file :
     ./tmp/_ph0/al.save/charge-density


     negative rho (up, down):  7.343E-04 0.000E+00
     Starting wfcs are    8 atomic wfcs
     Checking if some PAW data can be deallocated... 

     Band Structure Calculation
     Davidson diagonalization with overlap

     ethr =  3.33E-10,  avg # of iterations = 14.3

     total cpu time spent up to now is       19.4 secs

     End of band structure calculation

     Number of k-points >= 100: set verbosity='high' to print the bands.

     the Fermi energy is     8.0124 ev

     Writing config to output data dir ./tmp/_ph0/al.save/ :
     XML data file

     Al                                                                         

     bravais-lattice index     =            0
     lattice parameter (alat)  =       5.3955  a.u.
     unit-cell volume          =     111.0634 (a.u.)^3
     number of atoms/cell      =            1
     number of atomic types    =            1
     kinetic-energy cut-off    =      38.0000  Ry
     charge density cut-off    =      80.0000  Ry
     convergence threshold     =      1.0E-12
     beta                      =       0.7000
     number of iterations used =            4
     Exchange-correlation= PBE
                           (   1   4   3   4   0   0   0)


     celldm(1)=    5.39546  celldm(2)=    0.00000  celldm(3)=    0.00000
     celldm(4)=    0.00000  celldm(5)=    0.00000  celldm(6)=    0.00000

     crystal axes: (cart. coord. in units of alat)
               a(1) = ( -0.7071  0.0000  0.7071 )  
               a(2) = (  0.0000  0.7071  0.7071 )  
               a(3) = ( -0.7071  0.7071  0.0000 )  

     reciprocal axes: (cart. coord. in units 2 pi/alat)
               b(1) = ( -0.7071 -0.7071  0.7071 )  
               b(2) = (  0.7071  0.7071  0.7071 )  
               b(3) = ( -0.7071  0.7071 -0.7071 )  


     Atoms inside the unit cell: 

     Cartesian axes

     site n.  atom      mass           positions (alat units)
        1  Al     26.9815   tau(    1) = (    0.00000    0.00000    0.00000  )

     Computing dynamical matrix for 
                    q = (   0.5303301  -0.1767767   0.5303301 )
 
      2 Sym.Ops. (no q -> -q+G )


     G cutoff =   58.9912  (    228 G-vectors)     FFT grid: ( 15, 15, 15)

     number of k points=  7200  Methfessel-Paxton smearing, width (Ry)=  0.0200

     PseudoPot. # 1 for Al read from file:
     ./Al.upf
     MD5 check sum: fd3ab6bbf4b2322b308692f0f9c61a66
     Pseudo is Projector augmented-wave + core cor, Zval =  3.0
     Generated using ATOMPAW code
     Shape of augmentation charge: SINC**2
     Using radial grid of 2342 points,  4 beta functions with: 
                l(1) =   0
                l(2) =   0
                l(3) =   1
                l(4) =   1
     Q(r) pseudized with 0 coefficients 


     Mode symmetry, C_s (m)     point group:


     Atomic displacements:
     There are    3 irreducible representations

     Representation     1      1 modes -  To be done

     Representation     2      1 modes -  To be done

     Representation     3      1 modes -  To be done



     Alpha used in Ewald sum =   0.9000

     negative rho (up, down):  7.343E-04 0.000E+00
     PHONON       :     29.74s CPU     33.47s WALL



     Representation #   1 mode #   1

     Self-consistent Calculation

      iter #   1 total cpu time :    34.4 secs   av.it.:   4.3
      thresh= 1.000E-02 alpha_mix =  0.700 |ddv_scf|^2 =  1.047E-04

      iter #   2 total cpu time :    35.4 secs   av.it.:   5.8
      thresh= 1.023E-03 alpha_mix =  0.700 |ddv_scf|^2 =  1.549E-04

      iter #   3 total cpu time :    36.2 secs   av.it.:   5.1
      thresh= 1.245E-03 alpha_mix =  0.700 |ddv_scf|^2 =  2.167E-07

      iter #   4 total cpu time :    37.2 secs   av.it.:   5.9
      thresh= 4.655E-05 alpha_mix =  0.700 |ddv_scf|^2 =  4.572E-09

      iter #   5 total cpu time :    38.1 secs   av.it.:   6.1
      thresh= 6.762E-06 alpha_mix =  0.700 |ddv_scf|^2 =  5.502E-11

      iter #   6 total cpu time :    39.1 secs   av.it.:   5.9
      thresh= 7.417E-07 alpha_mix =  0.700 |ddv_scf|^2 =  2.187E-12

      iter #   7 total cpu time :    40.0 secs   av.it.:   5.7
      thresh= 1.479E-07 alpha_mix =  0.700 |ddv_scf|^2 =  8.570E-14

     End of self-consistent calculation

     Convergence has been achieved 


     Representation #   2 mode #   2

     Self-consistent Calculation

      iter #   1 total cpu time :    40.9 secs   av.it.:   3.9
      thresh= 1.000E-02 alpha_mix =  0.700 |ddv_scf|^2 =  1.733E-05

      iter #   2 total cpu time :    41.9 secs   av.it.:   5.9
      thresh= 4.163E-04 alpha_mix =  0.700 |ddv_scf|^2 =  2.413E-05

      iter #   3 total cpu time :    42.7 secs   av.it.:   5.3
      thresh= 4.912E-04 alpha_mix =  0.700 |ddv_scf|^2 =  8.237E-08

      iter #   4 total cpu time :    43.7 secs   av.it.:   5.9
      thresh= 2.870E-05 alpha_mix =  0.700 |ddv_scf|^2 =  4.581E-09

      iter #   5 total cpu time :    44.6 secs   av.it.:   6.0
      thresh= 6.768E-06 alpha_mix =  0.700 |ddv_scf|^2 =  1.138E-10

      iter #   6 total cpu time :    45.5 secs   av.it.:   6.0
      thresh= 1.067E-06 alpha_mix =  0.700 |ddv_scf|^2 =  3.710E-12

      iter #   7 total cpu time :    46.5 secs   av.it.:   5.8
      thresh= 1.926E-07 alpha_mix =  0.700 |ddv_scf|^2 =  1.598E-13

     End of self-consistent calculation

     Convergence has been achieved 


     Representation #   3 mode #   3

     Self-consistent Calculation

      iter #   1 total cpu time :    47.4 secs   av.it.:   3.5
      thresh= 1.000E-02 alpha_mix =  0.700 |ddv_scf|^2 =  3.198E-07

      iter #   2 total cpu time :    48.3 secs   av.it.:   5.9
      thresh= 5.655E-05 alpha_mix =  0.700 |ddv_scf|^2 =  2.753E-08

      iter #   3 total cpu time :    49.2 secs   av.it.:   5.9
      thresh= 1.659E-05 alpha_mix =  0.700 |ddv_scf|^2 =  1.978E-10

      iter #   4 total cpu time :    50.1 secs   av.it.:   5.6
      thresh= 1.406E-06 alpha_mix =  0.700 |ddv_scf|^2 =  6.935E-13

     End of self-consistent calculation

     Convergence has been achieved 
 
     Number of q in the star =   24
     List of q in the star:
          1   0.530330086  -0.176776695   0.530330086
          2   0.530330086  -0.176776695  -0.530330086
          3  -0.530330086  -0.176776695  -0.530330086
          4  -0.530330086  -0.176776695   0.530330086
          5  -0.530330086   0.176776695  -0.530330086
          6  -0.176776695   0.530330086  -0.530330086
          7  -0.530330086   0.530330086  -0.176776695
          8   0.530330086   0.176776695   0.530330086
          9  -0.530330086   0.176776695   0.530330086
         10   0.530330086   0.176776695  -0.530330086
         11  -0.530330086   0.530330086   0.176776695
         12  -0.176776695   0.530330086   0.530330086
         13   0.176776695   0.530330086  -0.530330086
         14  -0.176776695  -0.530330086  -0.530330086
         15   0.530330086   0.530330086  -0.176776695
         16   0.530330086  -0.530330086   0.176776695
         17  -0.530330086  -0.530330086  -0.176776695
         18   0.176776695  -0.530330086   0.530330086
         19  -0.530330086  -0.530330086   0.176776695
         20   0.176776695   0.530330086   0.530330086
         21  -0.176776695  -0.530330086   0.530330086
         22   0.530330086   0.530330086   0.176776695
         23   0.176776695  -0.530330086  -0.530330086
         24   0.530330086  -0.530330086  -0.176776695

     Diagonalizing the dynamical matrix

     q = (    0.530330086  -0.176776695   0.530330086 ) 

 **************************************************************************
     freq (    1) =       5.112004 [THz] =     170.518084 [cm-1]
     freq (    2) =       6.542896 [THz] =     218.247517 [cm-1]
     freq (    3) =       8.727012 [THz] =     291.101801 [cm-1]
 **************************************************************************

     Mode symmetry, C_s (m)     point group:

     freq (   1-   1) =        170.5  [cm-1]   --> A''                
     freq (   2-   2) =        218.2  [cm-1]   --> A'                 
     freq (   3-   3) =        291.1  [cm-1]   --> A'                 

     Calculation of q =    0.3535534   0.0000000   0.3535534
 
     Parallelization info
     --------------------
     sticks:   dense  smooth     PW     G-vecs:    dense   smooth      PW
     Min          26      26     20                  226      226     156
     Max          28      28     21                  228      228     160
     Sum         163     163    121                 1363     1363     941
 
     Using Slab Decomposition
 

     Title: 
     Al                                                                         


     bravais-lattice index     =            0
     lattice parameter (alat)  =       5.3955  a.u.
     unit-cell volume          =     111.0634 (a.u.)^3
     number of atoms/cell      =            1
     number of atomic types    =            1
     number of electrons       =         3.00
     number of Kohn-Sham states=            6
     kinetic-energy cutoff     =      38.0000  Ry
     charge density cutoff     =      80.0000  Ry
     Exchange-correlation= PBE
                           (   1   4   3   4   0   0   0)

     celldm(1)=   5.395462  celldm(2)=   0.000000  celldm(3)=   0.000000
     celldm(4)=   0.000000  celldm(5)=   0.000000  celldm(6)=   0.000000

     crystal axes: (cart. coord. in units of alat)
               a(1) = (  -0.707107   0.000000   0.707107 )  
               a(2) = (   0.000000   0.707107   0.707107 )  
               a(3) = (  -0.707107   0.707107   0.000000 )  

     reciprocal axes: (cart. coord. in units 2 pi/alat)
               b(1) = ( -0.707107 -0.707107  0.707107 )  
               b(2) = (  0.707107  0.707107  0.707107 )  
               b(3) = ( -0.707107  0.707107 -0.707107 )  


     PseudoPot. # 1 for Al read from file:
     ./Al.upf
     MD5 check sum: fd3ab6bbf4b2322b308692f0f9c61a66
     Pseudo is Projector augmented-wave + core cor, Zval =  3.0
     Generated using ATOMPAW code
     Shape of augmentation charge: SINC**2
     Using radial grid of 2342 points,  4 beta functions with: 
                l(1) =   0
                l(2) =   0
                l(3) =   1
                l(4) =   1
     Q(r) pseudized with 0 coefficients 


     atomic species   valence    mass     pseudopotential
     Al                3.00    26.98150     Al( 1.00)

     48 Sym. Ops., with inversion, found



   Cartesian axes

     site n.     atom                  positions (alat units)
         1        Al     tau(   1) = (   0.0000000   0.0000000   0.0000000  )

     number of k points=  3600  Methfessel-Paxton smearing, width (Ry)=  0.0200

     Number of k-points >= 100: set verbosity='high' to print them.

     Dense  grid:     1363 G-vectors     FFT dimensions: (  15,  15,  15)

     Estimated max dynamical RAM per process >       0.42 MB

     Estimated total dynamical RAM >       5.03 MB

     The potential is recalculated from file :
     ./tmp/_ph0/al.save/charge-density


     negative rho (up, down):  7.343E-04 0.000E+00
     Starting wfcs are    8 atomic wfcs
     Checking if some PAW data can be deallocated... 

     Band Structure Calculation
     Davidson diagonalization with overlap

     ethr =  3.33E-10,  avg # of iterations = 14.3

     total cpu time spent up to now is       24.7 secs

     End of band structure calculation

     Number of k-points >= 100: set verbosity='high' to print the bands.

     the Fermi energy is     8.0124 ev

     Writing config to output data dir ./tmp/_ph0/al.save/ :
     XML data file

     Al                                                                         

     bravais-lattice index     =            0
     lattice parameter (alat)  =       5.3955  a.u.
     unit-cell volume          =     111.0634 (a.u.)^3
     number of atoms/cell      =            1
     number of atomic types    =            1
     kinetic-energy cut-off    =      38.0000  Ry
     charge density cut-off    =      80.0000  Ry
     convergence threshold     =      1.0E-12
     beta                      =       0.7000
     number of iterations used =            4
     Exchange-correlation= PBE
                           (   1   4   3   4   0   0   0)


     celldm(1)=    5.39546  celldm(2)=    0.00000  celldm(3)=    0.00000
     celldm(4)=    0.00000  celldm(5)=    0.00000  celldm(6)=    0.00000

     crystal axes: (cart. coord. in units of alat)
               a(1) = ( -0.7071  0.0000  0.7071 )  
               a(2) = (  0.0000  0.7071  0.7071 )  
               a(3) = ( -0.7071  0.7071  0.0000 )  

     reciprocal axes: (cart. coord. in units 2 pi/alat)
               b(1) = ( -0.7071 -0.7071  0.7071 )  
               b(2) = (  0.7071  0.7071  0.7071 )  
               b(3) = ( -0.7071  0.7071 -0.7071 )  


     Atoms inside the unit cell: 

     Cartesian axes

     site n.  atom      mass           positions (alat units)
        1  Al     26.9815   tau(    1) = (    0.00000    0.00000    0.00000  )

     Computing dynamical matrix for 
                    q = (   0.3535534   0.0000000   0.3535534 )
 
      4 Sym.Ops. (no q -> -q+G )


     G cutoff =   58.9912  (    228 G-vectors)     FFT grid: ( 15, 15, 15)

     number of k points=  3600  Methfessel-Paxton smearing, width (Ry)=  0.0200

     PseudoPot. # 1 for Al read from file:
     ./Al.upf
     MD5 check sum: fd3ab6bbf4b2322b308692f0f9c61a66
     Pseudo is Projector augmented-wave + core cor, Zval =  3.0
     Generated using ATOMPAW code
     Shape of augmentation charge: SINC**2
     Using radial grid of 2342 points,  4 beta functions with: 
                l(1) =   0
                l(2) =   0
                l(3) =   1
                l(4) =   1
     Q(r) pseudized with 0 coefficients 


     Mode symmetry, C_2v (mm2)  point group:


     Atomic displacements:
     There are    3 irreducible representations

     Representation     1      1 modes -  To be done

     Representation     2      1 modes -  To be done

     Representation     3      1 modes -  To be done



     Alpha used in Ewald sum =   0.9000

     negative rho (up, down):  7.343E-04 0.000E+00
     PHONON       :     48.89s CPU     55.68s WALL



     Representation #   1 mode #   1

     Self-consistent Calculation

      iter #   1 total cpu time :    56.2 secs   av.it.:   4.2
      thresh= 1.000E-02 alpha_mix =  0.700 |ddv_scf|^2 =  4.203E-04

      iter #   2 total cpu time :    56.6 secs   av.it.:   5.3
      thresh= 2.050E-03 alpha_mix =  0.700 |ddv_scf|^2 =  1.615E-03

      iter #   3 total cpu time :    57.0 secs   av.it.:   4.5
      thresh= 4.019E-03 alpha_mix =  0.700 |ddv_scf|^2 =  4.137E-08

      iter #   4 total cpu time :    57.5 secs   av.it.:   6.3
      thresh= 2.034E-05 alpha_mix =  0.700 |ddv_scf|^2 =  2.721E-09

      iter #   5 total cpu time :    58.0 secs   av.it.:   6.0
      thresh= 5.217E-06 alpha_mix =  0.700 |ddv_scf|^2 =  6.934E-11

      iter #   6 total cpu time :    58.4 secs   av.it.:   6.0
      thresh= 8.327E-07 alpha_mix =  0.700 |ddv_scf|^2 =  1.371E-12

      iter #   7 total cpu time :    58.9 secs   av.it.:   5.8
      thresh= 1.171E-07 alpha_mix =  0.700 |ddv_scf|^2 =  4.671E-15

     End of self-consistent calculation

     Convergence has been achieved 


     Representation #   2 mode #   2

     Self-consistent Calculation

      iter #   1 total cpu time :    59.3 secs   av.it.:   3.3
      thresh= 1.000E-02 alpha_mix =  0.700 |ddv_scf|^2 =  3.991E-07

      iter #   2 total cpu time :    59.8 secs   av.it.:   6.0
      thresh= 6.318E-05 alpha_mix =  0.700 |ddv_scf|^2 =  2.716E-08

      iter #   3 total cpu time :    60.3 secs   av.it.:   5.9
      thresh= 1.648E-05 alpha_mix =  0.700 |ddv_scf|^2 =  4.355E-10

      iter #   4 total cpu time :    60.7 secs   av.it.:   5.1
      thresh= 2.087E-06 alpha_mix =  0.700 |ddv_scf|^2 =  3.993E-12

      iter #   5 total cpu time :    61.2 secs   av.it.:   5.9
      thresh= 1.998E-07 alpha_mix =  0.700 |ddv_scf|^2 =  4.429E-15

     End of self-consistent calculation

     Convergence has been achieved 


     Representation #   3 mode #   3

     Self-consistent Calculation

      iter #   1 total cpu time :    61.6 secs   av.it.:   3.8
      thresh= 1.000E-02 alpha_mix =  0.700 |ddv_scf|^2 =  2.275E-06

      iter #   2 total cpu time :    62.1 secs   av.it.:   6.1
      thresh= 1.508E-04 alpha_mix =  0.700 |ddv_scf|^2 =  1.417E-07

      iter #   3 total cpu time :    62.7 secs   av.it.:   6.0
      thresh= 3.765E-05 alpha_mix =  0.700 |ddv_scf|^2 =  5.438E-09

      iter #   4 total cpu time :    63.1 secs   av.it.:   6.0
      thresh= 7.374E-06 alpha_mix =  0.700 |ddv_scf|^2 =  5.807E-11

      iter #   5 total cpu time :    63.6 secs   av.it.:   5.5
      thresh= 7.620E-07 alpha_mix =  0.700 |ddv_scf|^2 =  3.384E-14

     End of self-consistent calculation

     Convergence has been achieved 
 
     Number of q in the star =   12
     List of q in the star:
          1   0.353553391   0.000000000   0.353553391
          2  -0.353553391   0.000000000   0.353553391
          3  -0.353553391   0.000000000  -0.353553391
          4   0.353553391   0.000000000  -0.353553391
          5   0.000000000   0.353553391  -0.353553391
          6  -0.353553391   0.353553391   0.000000000
          7   0.000000000   0.353553391   0.353553391
          8   0.000000000  -0.353553391  -0.353553391
          9   0.353553391   0.353553391   0.000000000
         10   0.353553391  -0.353553391   0.000000000
         11  -0.353553391  -0.353553391   0.000000000
         12   0.000000000  -0.353553391   0.353553391

     Diagonalizing the dynamical matrix

     q = (    0.353553391   0.000000000   0.353553391 ) 

 **************************************************************************
     freq (    1) =       4.643808 [THz] =     154.900776 [cm-1]
     freq (    2) =       6.475791 [THz] =     216.009144 [cm-1]
     freq (    3) =       8.302175 [THz] =     276.930740 [cm-1]
 **************************************************************************

     Mode symmetry, C_2v (mm2)  point group:

     freq (   1-   1) =        154.9  [cm-1]   --> B_1  D_3  S_3      
     freq (   2-   2) =        216.0  [cm-1]   --> B_2  D_4  S_4      
     freq (   3-   3) =        276.9  [cm-1]   --> A_1  D_1  S_1      

     Calculation of q =    0.0000000  -0.7071068   0.0000000
 
     Parallelization info
     --------------------
     sticks:   dense  smooth     PW     G-vecs:    dense   smooth      PW
     Min          27      27     21                  226      226     160
     Max          28      28     22                  228      228     163
     Sum         163     163    127                 1363     1363     965
 
     Using Slab Decomposition
 

     Title: 
     Al                                                                         


     bravais-lattice index     =            0
     lattice parameter (alat)  =       5.3955  a.u.
     unit-cell volume          =     111.0634 (a.u.)^3
     number of atoms/cell      =            1
     number of atomic types    =            1
     number of electrons       =         3.00
     number of Kohn-Sham states=            6
     kinetic-energy cutoff     =      38.0000  Ry
     charge density cutoff     =      80.0000  Ry
     Exchange-correlation= PBE
                           (   1   4   3   4   0   0   0)

     celldm(1)=   5.395462  celldm(2)=   0.000000  celldm(3)=   0.000000
     celldm(4)=   0.000000  celldm(5)=   0.000000  celldm(6)=   0.000000

     crystal axes: (cart. coord. in units of alat)
               a(1) = (  -0.707107   0.000000   0.707107 )  
               a(2) = (   0.000000   0.707107   0.707107 )  
               a(3) = (  -0.707107   0.707107   0.000000 )  

     reciprocal axes: (cart. coord. in units 2 pi/alat)
               b(1) = ( -0.707107 -0.707107  0.707107 )  
               b(2) = (  0.707107  0.707107  0.707107 )  
               b(3) = ( -0.707107  0.707107 -0.707107 )  


     PseudoPot. # 1 for Al read from file:
     ./Al.upf
     MD5 check sum: fd3ab6bbf4b2322b308692f0f9c61a66
     Pseudo is Projector augmented-wave + core cor, Zval =  3.0
     Generated using ATOMPAW code
     Shape of augmentation charge: SINC**2
     Using radial grid of 2342 points,  4 beta functions with: 
                l(1) =   0
                l(2) =   0
                l(3) =   1
                l(4) =   1
     Q(r) pseudized with 0 coefficients 


     atomic species   valence    mass     pseudopotential
     Al                3.00    26.98150     Al( 1.00)

     48 Sym. Ops., with inversion, found



   Cartesian axes

     site n.     atom                  positions (alat units)
         1        Al     tau(   1) = (   0.0000000   0.0000000   0.0000000  )

     number of k points=   936  Methfessel-Paxton smearing, width (Ry)=  0.0200

     Number of k-points >= 100: set verbosity='high' to print them.

     Dense  grid:     1363 G-vectors     FFT dimensions: (  15,  15,  15)

     Estimated max dynamical RAM per process >       0.42 MB

     Estimated total dynamical RAM >       5.09 MB

     The potential is recalculated from file :
     ./tmp/_ph0/al.save/charge-density


     negative rho (up, down):  7.343E-04 0.000E+00
     Starting wfcs are    8 atomic wfcs
     Checking if some PAW data can be deallocated... 

     Band Structure Calculation
     Davidson diagonalization with overlap

     ethr =  3.33E-10,  avg # of iterations = 14.3

     total cpu time spent up to now is       26.2 secs

     End of band structure calculation

     Number of k-points >= 100: set verbosity='high' to print the bands.

     the Fermi energy is     8.0124 ev

     Writing config to output data dir ./tmp/_ph0/al.save/ :
     XML data file

     Al                                                                         

     bravais-lattice index     =            0
     lattice parameter (alat)  =       5.3955  a.u.
     unit-cell volume          =     111.0634 (a.u.)^3
     number of atoms/cell      =            1
     number of atomic types    =            1
     kinetic-energy cut-off    =      38.0000  Ry
     charge density cut-off    =      80.0000  Ry
     convergence threshold     =      1.0E-12
     beta                      =       0.7000
     number of iterations used =            4
     Exchange-correlation= PBE
                           (   1   4   3   4   0   0   0)


     celldm(1)=    5.39546  celldm(2)=    0.00000  celldm(3)=    0.00000
     celldm(4)=    0.00000  celldm(5)=    0.00000  celldm(6)=    0.00000

     crystal axes: (cart. coord. in units of alat)
               a(1) = ( -0.7071  0.0000  0.7071 )  
               a(2) = (  0.0000  0.7071  0.7071 )  
               a(3) = ( -0.7071  0.7071  0.0000 )  

     reciprocal axes: (cart. coord. in units 2 pi/alat)
               b(1) = ( -0.7071 -0.7071  0.7071 )  
               b(2) = (  0.7071  0.7071  0.7071 )  
               b(3) = ( -0.7071  0.7071 -0.7071 )  


     Atoms inside the unit cell: 

     Cartesian axes

     site n.  atom      mass           positions (alat units)
        1  Al     26.9815   tau(    1) = (    0.00000    0.00000    0.00000  )

     Computing dynamical matrix for 
                    q = (   0.0000000  -0.7071068   0.0000000 )
 
     17 Sym.Ops. (with q -> -q+G )


     G cutoff =   58.9912  (    228 G-vectors)     FFT grid: ( 15, 15, 15)

     number of k points=   936  Methfessel-Paxton smearing, width (Ry)=  0.0200

     PseudoPot. # 1 for Al read from file:
     ./Al.upf
     MD5 check sum: fd3ab6bbf4b2322b308692f0f9c61a66
     Pseudo is Projector augmented-wave + core cor, Zval =  3.0
     Generated using ATOMPAW code
     Shape of augmentation charge: SINC**2
     Using radial grid of 2342 points,  4 beta functions with: 
                l(1) =   0
                l(2) =   0
                l(3) =   1
                l(4) =   1
     Q(r) pseudized with 0 coefficients 


     Mode symmetry, D_4h(4/mmm) point group:


     Atomic displacements:
     There are    2 irreducible representations

     Representation     1      1 modes -  To be done

     Representation     2      2 modes -  To be done



     Alpha used in Ewald sum =   0.9000

     negative rho (up, down):  7.343E-04 0.000E+00
     PHONON       :     56.95s CPU   1m 5.08s WALL



     Representation #   1 mode #   1

     Self-consistent Calculation

      iter #   1 total cpu time :    65.2 secs   av.it.:   4.0
      thresh= 1.000E-02 alpha_mix =  0.700 |ddv_scf|^2 =  3.822E-05

      iter #   2 total cpu time :    65.4 secs   av.it.:   6.0
      thresh= 6.182E-04 alpha_mix =  0.700 |ddv_scf|^2 =  1.590E-05

      iter #   3 total cpu time :    65.5 secs   av.it.:   5.5
      thresh= 3.987E-04 alpha_mix =  0.700 |ddv_scf|^2 =  1.068E-08

      iter #   4 total cpu time :    65.7 secs   av.it.:   6.1
      thresh= 1.033E-05 alpha_mix =  0.700 |ddv_scf|^2 =  5.998E-11

      iter #   5 total cpu time :    65.8 secs   av.it.:   5.2
      thresh= 7.745E-07 alpha_mix =  0.700 |ddv_scf|^2 =  2.139E-12

      iter #   6 total cpu time :    65.9 secs   av.it.:   5.2
      thresh= 1.463E-07 alpha_mix =  0.700 |ddv_scf|^2 =  1.185E-15

     End of self-consistent calculation

     Convergence has been achieved 


     Representation #   2 modes #   2   3

     Self-consistent Calculation

      iter #   1 total cpu time :    66.2 secs   av.it.:   3.5
      thresh= 1.000E-02 alpha_mix =  0.700 |ddv_scf|^2 =  9.855E-08

      iter #   2 total cpu time :    66.5 secs   av.it.:   6.4
      thresh= 3.139E-05 alpha_mix =  0.700 |ddv_scf|^2 =  7.092E-09

      iter #   3 total cpu time :    66.9 secs   av.it.:   6.3
      thresh= 8.421E-06 alpha_mix =  0.700 |ddv_scf|^2 =  2.355E-10

      iter #   4 total cpu time :    67.2 secs   av.it.:   6.3
      thresh= 1.535E-06 alpha_mix =  0.700 |ddv_scf|^2 =  3.447E-12

      iter #   5 total cpu time :    67.5 secs   av.it.:   5.5
      thresh= 1.857E-07 alpha_mix =  0.700 |ddv_scf|^2 =  1.275E-15

     End of self-consistent calculation

     Convergence has been achieved 
 
     Number of q in the star =    3
     List of q in the star:
          1   0.000000000  -0.707106781   0.000000000
          2  -0.707106781   0.000000000   0.000000000
          3   0.000000000   0.000000000  -0.707106781

     Diagonalizing the dynamical matrix

     q = (    0.000000000  -0.707106781   0.000000000 ) 

 **************************************************************************
     freq (    1) =       5.722206 [THz] =     190.872247 [cm-1]
     freq (    2) =       5.722206 [THz] =     190.872247 [cm-1]
     freq (    3) =       9.552103 [THz] =     318.623873 [cm-1]
 **************************************************************************

     Mode symmetry, D_4h(4/mmm) point group:

     freq (   1-   2) =        190.9  [cm-1]   --> E_u  X_5' M_5'     
     freq (   3-   3) =        318.6  [cm-1]   --> A_2u X_4' M_4'     

     Calculation of q =   -0.3535534  -0.7071068   0.0000000
 
     Parallelization info
     --------------------
     sticks:   dense  smooth     PW     G-vecs:    dense   smooth      PW
     Min          26      26     22                  226      226     172
     Max          28      28     24                  228      228     173
     Sum         163     163    139                 1363     1363    1037
 
     Using Slab Decomposition
 

     Title: 
     Al                                                                         


     bravais-lattice index     =            0
     lattice parameter (alat)  =       5.3955  a.u.
     unit-cell volume          =     111.0634 (a.u.)^3
     number of atoms/cell      =            1
     number of atomic types    =            1
     number of electrons       =         3.00
     number of Kohn-Sham states=            6
     kinetic-energy cutoff     =      38.0000  Ry
     charge density cutoff     =      80.0000  Ry
     Exchange-correlation= PBE
                           (   1   4   3   4   0   0   0)

     celldm(1)=   5.395462  celldm(2)=   0.000000  celldm(3)=   0.000000
     celldm(4)=   0.000000  celldm(5)=   0.000000  celldm(6)=   0.000000

     crystal axes: (cart. coord. in units of alat)
               a(1) = (  -0.707107   0.000000   0.707107 )  
               a(2) = (   0.000000   0.707107   0.707107 )  
               a(3) = (  -0.707107   0.707107   0.000000 )  

     reciprocal axes: (cart. coord. in units 2 pi/alat)
               b(1) = ( -0.707107 -0.707107  0.707107 )  
               b(2) = (  0.707107  0.707107  0.707107 )  
               b(3) = ( -0.707107  0.707107 -0.707107 )  


     PseudoPot. # 1 for Al read from file:
     ./Al.upf
     MD5 check sum: fd3ab6bbf4b2322b308692f0f9c61a66
     Pseudo is Projector augmented-wave + core cor, Zval =  3.0
     Generated using ATOMPAW code
     Shape of augmentation charge: SINC**2
     Using radial grid of 2342 points,  4 beta functions with: 
                l(1) =   0
                l(2) =   0
                l(3) =   1
                l(4) =   1
     Q(r) pseudized with 0 coefficients 


     atomic species   valence    mass     pseudopotential
     Al                3.00    26.98150     Al( 1.00)

     48 Sym. Ops., with inversion, found



   Cartesian axes

     site n.     atom                  positions (alat units)
         1        Al     tau(   1) = (   0.0000000   0.0000000   0.0000000  )

     number of k points=  1728  Methfessel-Paxton smearing, width (Ry)=  0.0200

     Number of k-points >= 100: set verbosity='high' to print them.

     Dense  grid:     1363 G-vectors     FFT dimensions: (  15,  15,  15)

     Estimated max dynamical RAM per process >       0.43 MB

     Estimated total dynamical RAM >       5.12 MB

     The potential is recalculated from file :
     ./tmp/_ph0/al.save/charge-density


     negative rho (up, down):  7.343E-04 0.000E+00
     Starting wfcs are    8 atomic wfcs
     Checking if some PAW data can be deallocated... 

     Band Structure Calculation
     Davidson diagonalization with overlap

     ethr =  3.33E-10,  avg # of iterations = 14.3

     total cpu time spent up to now is       28.8 secs

     End of band structure calculation

     Number of k-points >= 100: set verbosity='high' to print the bands.

     the Fermi energy is     8.0124 ev

     Writing config to output data dir ./tmp/_ph0/al.save/ :
     XML data file

     Al                                                                         

     bravais-lattice index     =            0
     lattice parameter (alat)  =       5.3955  a.u.
     unit-cell volume          =     111.0634 (a.u.)^3
     number of atoms/cell      =            1
     number of atomic types    =            1
     kinetic-energy cut-off    =      38.0000  Ry
     charge density cut-off    =      80.0000  Ry
     convergence threshold     =      1.0E-12
     beta                      =       0.7000
     number of iterations used =            4
     Exchange-correlation= PBE
                           (   1   4   3   4   0   0   0)


     celldm(1)=    5.39546  celldm(2)=    0.00000  celldm(3)=    0.00000
     celldm(4)=    0.00000  celldm(5)=    0.00000  celldm(6)=    0.00000

     crystal axes: (cart. coord. in units of alat)
               a(1) = ( -0.7071  0.0000  0.7071 )  
               a(2) = (  0.0000  0.7071  0.7071 )  
               a(3) = ( -0.7071  0.7071  0.0000 )  

     reciprocal axes: (cart. coord. in units 2 pi/alat)
               b(1) = ( -0.7071 -0.7071  0.7071 )  
               b(2) = (  0.7071  0.7071  0.7071 )  
               b(3) = ( -0.7071  0.7071 -0.7071 )  


     Atoms inside the unit cell: 

     Cartesian axes

     site n.  atom      mass           positions (alat units)
        1  Al     26.9815   tau(    1) = (    0.00000    0.00000    0.00000  )

     Computing dynamical matrix for 
                    q = (  -0.3535534  -0.7071068   0.0000000 )
 
      8 Sym.Ops. (no q -> -q+G )


     G cutoff =   58.9912  (    227 G-vectors)     FFT grid: ( 15, 15, 15)

     number of k points=  1728  Methfessel-Paxton smearing, width (Ry)=  0.0200

     PseudoPot. # 1 for Al read from file:
     ./Al.upf
     MD5 check sum: fd3ab6bbf4b2322b308692f0f9c61a66
     Pseudo is Projector augmented-wave + core cor, Zval =  3.0
     Generated using ATOMPAW code
     Shape of augmentation charge: SINC**2
     Using radial grid of 2342 points,  4 beta functions with: 
                l(1) =   0
                l(2) =   0
                l(3) =   1
                l(4) =   1
     Q(r) pseudized with 0 coefficients 


     Mode symmetry, D_2d (-42m) point group:


     Atomic displacements:
     There are    2 irreducible representations

     Representation     1      1 modes -  To be done

     Representation     2      2 modes -  To be done



     Alpha used in Ewald sum =   0.9000

     negative rho (up, down):  7.343E-04 0.000E+00
     PHONON       :   1m 1.55s CPU   1m10.17s WALL



     Representation #   1 mode #   1

     Self-consistent Calculation

      iter #   1 total cpu time :    70.4 secs   av.it.:   3.9
      thresh= 1.000E-02 alpha_mix =  0.700 |ddv_scf|^2 =  4.093E-06

      iter #   2 total cpu time :    70.7 secs   av.it.:   6.2
      thresh= 2.023E-04 alpha_mix =  0.700 |ddv_scf|^2 =  4.805E-07

      iter #   3 total cpu time :    70.9 secs   av.it.:   6.1
      thresh= 6.932E-05 alpha_mix =  0.700 |ddv_scf|^2 =  6.810E-09

      iter #   4 total cpu time :    71.2 secs   av.it.:   6.1
      thresh= 8.252E-06 alpha_mix =  0.700 |ddv_scf|^2 =  8.812E-11

      iter #   5 total cpu time :    71.5 secs   av.it.:   5.7
      thresh= 9.387E-07 alpha_mix =  0.700 |ddv_scf|^2 =  2.363E-14

     End of self-consistent calculation

     Convergence has been achieved 


     Representation #   2 modes #   2   3

     Self-consistent Calculation

      iter #   1 total cpu time :    72.0 secs   av.it.:   3.9
      thresh= 1.000E-02 alpha_mix =  0.700 |ddv_scf|^2 =  2.313E-06

      iter #   2 total cpu time :    72.6 secs   av.it.:   6.5
      thresh= 1.521E-04 alpha_mix =  0.700 |ddv_scf|^2 =  4.016E-07

      iter #   3 total cpu time :    73.2 secs   av.it.:   6.2
      thresh= 6.338E-05 alpha_mix =  0.700 |ddv_scf|^2 =  1.964E-09

      iter #   4 total cpu time :    73.7 secs   av.it.:   6.5
      thresh= 4.432E-06 alpha_mix =  0.700 |ddv_scf|^2 =  1.467E-11

      iter #   5 total cpu time :    74.3 secs   av.it.:   6.2
      thresh= 3.830E-07 alpha_mix =  0.700 |ddv_scf|^2 =  4.890E-14

     End of self-consistent calculation

     Convergence has been achieved 
 
     Number of q in the star =    6
     List of q in the star:
          1  -0.353553391  -0.707106781   0.000000000
          2   0.000000000   0.707106781   0.353553391
          3   0.000000000  -0.707106781  -0.353553391
          4   0.353553391   0.707106781   0.000000000
          5  -0.707106781  -0.353553391   0.000000000
          6   0.000000000  -0.353553391  -0.707106781

     Diagonalizing the dynamical matrix

     q = (   -0.353553391  -0.707106781   0.000000000 ) 

 **************************************************************************
     freq (    1) =       6.460660 [THz] =     215.504421 [cm-1]
     freq (    2) =       7.900802 [THz] =     263.542377 [cm-1]
     freq (    3) =       7.900802 [THz] =     263.542377 [cm-1]
 **************************************************************************

     Mode symmetry, D_2d (-42m) point group:

     freq (   1-   1) =        215.5  [cm-1]   --> B_2  X_3  W_2      
     freq (   2-   3) =        263.5  [cm-1]   --> E    X_5  W_3      
 
     init_run     :      0.14s CPU      0.14s WALL (       7 calls)
     electrons    :     25.81s CPU     28.23s WALL (       7 calls)

     Called by init_run:
     wfcinit      :      0.00s CPU      0.00s WALL (       7 calls)
     potinit      :      0.06s CPU      0.06s WALL (       7 calls)
     hinit0       :      0.04s CPU      0.04s WALL (       7 calls)

     Called by electrons:
     c_bands      :     25.76s CPU     28.18s WALL (       7 calls)
     v_of_rho     :      0.00s CPU      0.00s WALL (       8 calls)
     newd         :      0.00s CPU      0.00s WALL (       8 calls)
     PAW_pot      :      0.07s CPU      0.07s WALL (       8 calls)

     Called by c_bands:
     init_us_2    :      0.53s CPU      0.63s WALL (  124542 calls)
     cegterg      :     22.22s CPU     24.35s WALL (   10714 calls)

     Called by *egterg:
     cdiaghg      :      6.54s CPU      7.15s WALL (  151531 calls)
     h_psi        :     26.75s CPU     30.87s WALL (  635251 calls)
     s_psi        :      1.26s CPU      1.52s WALL ( 1188593 calls)
     g_psi        :      0.15s CPU      0.16s WALL (  141913 calls)

     Called by h_psi:
     h_psi:calbec :      2.42s CPU      2.85s WALL (  635251 calls)
     vloc_psi     :     21.83s CPU     25.07s WALL (  635251 calls)
     add_vuspsi   :      0.71s CPU      0.84s WALL (  635251 calls)

     General routines
     calbec       :      4.11s CPU      4.92s WALL ( 1410756 calls)
     fft          :      0.03s CPU      0.03s WALL (    2245 calls)
     ffts         :      0.13s CPU      0.15s WALL (   14909 calls)
     fftw         :     23.78s CPU     27.49s WALL ( 3522135 calls)
     davcio       :      1.01s CPU      1.23s WALL (  449062 calls)
 
     Parallel routines
 
     PHONON       :   1m 5.11s CPU   1m14.35s WALL

     INITIALIZATION: 
     phq_setup    :      0.01s CPU      0.01s WALL (       8 calls)
     phq_init     :      1.15s CPU      1.30s WALL (       8 calls)
 
     phq_init     :      1.15s CPU      1.30s WALL (       8 calls)
     set_drhoc    :      0.00s CPU      0.00s WALL (      24 calls)
     init_vloc    :      0.00s CPU      0.00s WALL (       8 calls)
     init_us_1    :      0.01s CPU      0.01s WALL (       8 calls)
     init_us_2    :      0.53s CPU      0.63s WALL (  124542 calls)
     newd         :      0.00s CPU      0.00s WALL (       8 calls)
     dvanqq       :      0.00s CPU      0.00s WALL (       8 calls)
     drho         :      0.82s CPU      0.92s WALL (       8 calls)
     drhous       :      0.62s CPU      0.71s WALL (       8 calls)
     nldyntot     :      0.04s CPU      0.04s WALL (       8 calls)
 
     DYNAMICAL MATRIX:
     dynmat0      :      0.19s CPU      0.22s WALL (       8 calls)
     dynmat_us    :      0.19s CPU      0.21s WALL (       8 calls)
     addusdynmat  :      0.00s CPU      0.00s WALL (       8 calls)
     d2ionq       :      0.00s CPU      0.00s WALL (       8 calls)
     dynmatcc     :      0.00s CPU      0.00s WALL (       8 calls)
     phqscf       :     37.52s CPU     44.07s WALL (       8 calls)
     dynmatrix    :      0.00s CPU      0.00s WALL (       8 calls)
 
     phqscf       :     37.52s CPU     44.07s WALL (       8 calls)
     solve_linter :     37.13s CPU     43.61s WALL (      17 calls)
     sth_kernel   :     31.15s CPU     37.23s WALL (      92 calls)
     h_prec       :      0.13s CPU      0.16s WALL (   70506 calls)
     apply_dpot_b :      1.70s CPU      2.06s WALL (   65636 calls)
     ortho        :      0.86s CPU      1.05s WALL (   80336 calls)
     cgsolve      :     22.01s CPU     26.68s WALL (   80336 calls)
     incdrhoscf   :      2.26s CPU      2.73s WALL (   80336 calls)
                                        0.00s GPU  (   80336 calls)
     addusddens   :      0.01s CPU      0.02s WALL (     109 calls)
     dv_of_drho   :      0.02s CPU      0.02s WALL (     122 calls)
     mix_pot      :      0.01s CPU      0.01s WALL (      92 calls)
     ef_shift     :      0.00s CPU      0.00s WALL (       4 calls)
     ef_shift_wfc :      0.00s CPU      0.00s WALL (       1 calls)
     localdos     :      0.00s CPU      0.00s WALL (       1 calls)
     drhodv       :      0.39s CPU      0.45s WALL (      17 calls)
     psymdvscf    :      0.07s CPU      0.07s WALL (      92 calls)
     newdq        :      0.02s CPU      0.02s WALL (      92 calls)
     adddvscf     :      0.14s CPU      0.18s WALL (   65636 calls)
     com_dvloc    :      0.16s CPU      0.18s WALL (   14775 calls)
                                        0.00s GPU  (   14775 calls)
     addcore      :      0.00s CPU      0.00s WALL (     218 calls)
                                        0.00s GPU  (     218 calls)
     drhodvus     :      0.00s CPU      0.00s WALL (      17 calls)
 
     dvqpsi_us    :      1.87s CPU      2.13s WALL (   14700 calls)
                                        0.00s GPU  (   14700 calls)
     dvqpsi_us_on :      0.31s CPU      0.35s WALL (   14700 calls)
 
     add_vuspsi   :      0.71s CPU      0.84s WALL (  635251 calls)
     addusdbec    :      0.44s CPU      0.53s WALL (   95036 calls)
 
     drhodvus     :      0.00s CPU      0.00s WALL (      17 calls)
 
      General routines
     calbec       :      4.11s CPU      4.92s WALL ( 1410756 calls)
     fft          :      0.03s CPU      0.03s WALL (    2245 calls)
     ffts         :      0.13s CPU      0.15s WALL (   14909 calls)
     fftw         :     23.78s CPU     27.49s WALL ( 3522135 calls)
     davcio       :      1.01s CPU      1.23s WALL (  449062 calls)
     write_rec    :      0.02s CPU      0.03s WALL (     109 calls)
 
      Additional routines
     ch_psi       :     20.25s CPU     24.53s WALL (  473006 calls)
     last         :      4.61s CPU      5.61s WALL (  473006 calls)
     Hesh         :      0.22s CPU      0.27s WALL (  473006 calls)
     ch_psi_all_k :      3.73s CPU      4.54s WALL (  473006 calls)
                                        0.00s GPU  (  473006 calls)
     ch_psi_calbe :      1.44s CPU      1.75s WALL (  473006 calls)
                                        0.00s GPU  (  473006 calls)
     h_psi_bgrp   :     27.29s CPU     31.50s WALL (  635251 calls)
     h_psi        :     26.75s CPU     30.87s WALL (  635251 calls)
     h_psi:pot    :     26.10s CPU     30.10s WALL (  635251 calls)
     h_psi:calbec :      2.42s CPU      2.85s WALL (  635251 calls)
     s_psi_bgrp   :      2.25s CPU      2.69s WALL ( 1188593 calls)
     s_psi        :      1.26s CPU      1.52s WALL ( 1188593 calls)
 
 
     PHONON       :   1m 5.11s CPU   1m14.35s WALL

 
   This run was terminated on:  12:29:50   1Apr2026            

=------------------------------------------------------------------------------=
   JOB DONE.
=------------------------------------------------------------------------------=
