
     Program PHONON v.7.4 starts on  1Apr2026 at 12:24:40 

     This program is part of the open-source Quantum ESPRESSO suite
     for quantum simulation of materials; please cite
         "P. Giannozzi et al., J. Phys.:Condens. Matter 21 395502 (2009);
         "P. Giannozzi et al., J. Phys.:Condens. Matter 29 465901 (2017);
         "P. Giannozzi et al., J. Chem. Phys. 152 154105 (2020);
          URL http://www.quantum-espresso.org", 
     in publications or presentations arising from this work. More details at
     http://www.quantum-espresso.org/quote

     Parallel version (MPI), running on    12 processors

     MPI processes distributed on     1 nodes
     14120 MiB available memory on the printing compute node when the environment starts
 
     Reading input from al.ph.in

     Reading xml data from directory:

     ./tmp/al.save/
 
     K-points division:     npool     =       2
     R & G space division:  proc/nbgrp/npool/nimage =       6
     Subspace diagonalization in iterative solution of the eigenvalue problem:
     a serial algorithm will be used

read_pp_mesh; mismatch in mesh size, discarding the one in header

     IMPORTANT: XC functional enforced from input :
     Exchange-correlation= PBE
                           (   1   4   3   4   0   0   0)
     Any further DFT definition will be discarded
     Please, verify this is what you really want

 
     Parallelization info
     --------------------
     sticks:   dense  smooth     PW     G-vecs:    dense   smooth      PW
     Min          27      27     18                  226      226     124
     Max          28      28     19                  228      228     127
     Sum         163     163    109                 1363     1363     749
 
     Using Slab Decomposition
 

     negative rho (up, down):  7.343E-04 0.000E+00
     Reading collected, re-writing distributed wavefunctions in ./tmp/


     Dynamical matrices for ( 2, 2, 2)  uniform grid of q-points
     (   3 q-points):
       N         xq(1)         xq(2)         xq(3) 
       1   0.000000000   0.000000000   0.000000000
       2   0.353553391  -0.353553391   0.353553391
       3   0.000000000  -0.707106781   0.000000000

     Number and degeneracy of irreps per q-point
       N         xq(1)         xq(2)         xq(3)   N irreps
       1   0.000000000   0.000000000   0.000000000       1
        3
       2   0.353553391  -0.353553391   0.353553391       2
        1   2
       3   0.000000000  -0.707106781   0.000000000       2
        1   2

     Calculation of q =    0.0000000   0.0000000   0.0000000

     Al                                                                         

     bravais-lattice index     =            0
     lattice parameter (alat)  =       5.3955  a.u.
     unit-cell volume          =     111.0634 (a.u.)^3
     number of atoms/cell      =            1
     number of atomic types    =            1
     kinetic-energy cut-off    =      38.0000  Ry
     charge density cut-off    =      80.0000  Ry
     convergence threshold     =      1.0E-12
     beta                      =       0.7000
     number of iterations used =            4
     Exchange-correlation= PBE
                           (   1   4   3   4   0   0   0)


     celldm(1)=    5.39546  celldm(2)=    0.00000  celldm(3)=    0.00000
     celldm(4)=    0.00000  celldm(5)=    0.00000  celldm(6)=    0.00000

     crystal axes: (cart. coord. in units of alat)
               a(1) = ( -0.7071  0.0000  0.7071 )  
               a(2) = (  0.0000  0.7071  0.7071 )  
               a(3) = ( -0.7071  0.7071  0.0000 )  

     reciprocal axes: (cart. coord. in units 2 pi/alat)
               b(1) = ( -0.7071 -0.7071  0.7071 )  
               b(2) = (  0.7071  0.7071  0.7071 )  
               b(3) = ( -0.7071  0.7071 -0.7071 )  


     Atoms inside the unit cell: 

     Cartesian axes

     site n.  atom      mass           positions (alat units)
        1  Al     26.9815   tau(    1) = (    0.00000    0.00000    0.00000  )

     Computing dynamical matrix for 
                    q = (   0.0000000   0.0000000   0.0000000 )
 
     49 Sym.Ops. (with q -> -q+G )


     G cutoff =   58.9912  (    228 G-vectors)     FFT grid: ( 15, 15, 15)

     number of k points=   182  Methfessel-Paxton smearing, width (Ry)=  0.0200

     PseudoPot. # 1 for Al read from file:
     ./Al.upf
     MD5 check sum: fd3ab6bbf4b2322b308692f0f9c61a66
     Pseudo is Projector augmented-wave + core cor, Zval =  3.0
     Generated using ATOMPAW code
     Shape of augmentation charge: SINC**2
     Using radial grid of 2342 points,  4 beta functions with: 
                l(1) =   0
                l(2) =   0
                l(3) =   1
                l(4) =   1
     Q(r) pseudized with 0 coefficients 


     Mode symmetry, O_h (m-3m)  point group:


     Atomic displacements:
     There are    1 irreducible representations

     Representation     1      3 modes -  To be done



     Alpha used in Ewald sum =   0.9000

     negative rho (up, down):  7.343E-04 0.000E+00
     PHONON       :      0.18s CPU      0.20s WALL



     Representation #   1 modes #   1   2   3

     Self-consistent Calculation
 
     Pert. #  1: Fermi energy shift (Ry) =    -1.1780E-28     3.2600E-36
     Pert. #  2: Fermi energy shift (Ry) =    -6.7316E-29    -3.5108E-36
     Pert. #  3: Fermi energy shift (Ry) =    -6.7316E-29    -2.5077E-36

      iter #   1 total cpu time :     0.4 secs   av.it.:   3.2
      thresh= 1.000E-02 alpha_mix =  0.700 |ddv_scf|^2 =  5.852E-08
 
     Pert. #  1: Fermi energy shift (Ry) =     3.3658E-29     2.9081E-40
     Pert. #  2: Fermi energy shift (Ry) =    -1.3463E-28     4.7448E-40
     Pert. #  3: Fermi energy shift (Ry) =     6.7316E-29    -1.0102E-39

      iter #   2 total cpu time :     0.7 secs   av.it.:   6.4
      thresh= 2.419E-05 alpha_mix =  0.700 |ddv_scf|^2 =  3.285E-09
 
     Pert. #  1: Fermi energy shift (Ry) =     4.2073E-28     1.1020E-39
     Pert. #  2: Fermi energy shift (Ry) =     3.0292E-28     1.2245E-40
     Pert. #  3: Fermi energy shift (Ry) =     7.4048E-28    -6.1224E-40

      iter #   3 total cpu time :     0.9 secs   av.it.:   6.4
      thresh= 5.731E-06 alpha_mix =  0.700 |ddv_scf|^2 =  7.754E-11
 
     Pert. #  1: Fermi energy shift (Ry) =    -2.8609E-28     3.2525E-41
     Pert. #  2: Fermi energy shift (Ry) =     0.0000E+00     1.7219E-41
     Pert. #  3: Fermi energy shift (Ry) =     1.0097E-28     1.0331E-40

      iter #   4 total cpu time :     1.2 secs   av.it.:   6.1
      thresh= 8.806E-07 alpha_mix =  0.700 |ddv_scf|^2 =  6.081E-14

     End of self-consistent calculation

     Convergence has been achieved 
 
     Number of q in the star =    1
     List of q in the star:
          1   0.000000000   0.000000000   0.000000000

     Diagonalizing the dynamical matrix

     q = (    0.000000000   0.000000000   0.000000000 ) 

 **************************************************************************
     freq (    1) =       0.198823 [THz] =       6.632025 [cm-1]
     freq (    2) =       0.198823 [THz] =       6.632025 [cm-1]
     freq (    3) =       0.198823 [THz] =       6.632025 [cm-1]
 **************************************************************************

     Mode symmetry, O_h (m-3m)  point group:

     freq (   1-   3) =          6.6  [cm-1]   --> T_1u G_15  G_4- I  

     Calculation of q =    0.3535534  -0.3535534   0.3535534
 
     Parallelization info
     --------------------
     sticks:   dense  smooth     PW     G-vecs:    dense   smooth      PW
     Min          27      27     21                  226      226     160
     Max          28      28     22                  228      228     163
     Sum         163     163    127                 1363     1363     965
 
     Using Slab Decomposition
 

     Title: 
     Al                                                                         


     bravais-lattice index     =            0
     lattice parameter (alat)  =       5.3955  a.u.
     unit-cell volume          =     111.0634 (a.u.)^3
     number of atoms/cell      =            1
     number of atomic types    =            1
     number of electrons       =         3.00
     number of Kohn-Sham states=            6
     kinetic-energy cutoff     =      38.0000  Ry
     charge density cutoff     =      80.0000  Ry
     Exchange-correlation= PBE
                           (   1   4   3   4   0   0   0)

     celldm(1)=   5.395462  celldm(2)=   0.000000  celldm(3)=   0.000000
     celldm(4)=   0.000000  celldm(5)=   0.000000  celldm(6)=   0.000000

     crystal axes: (cart. coord. in units of alat)
               a(1) = (  -0.707107   0.000000   0.707107 )  
               a(2) = (   0.000000   0.707107   0.707107 )  
               a(3) = (  -0.707107   0.707107   0.000000 )  

     reciprocal axes: (cart. coord. in units 2 pi/alat)
               b(1) = ( -0.707107 -0.707107  0.707107 )  
               b(2) = (  0.707107  0.707107  0.707107 )  
               b(3) = ( -0.707107  0.707107 -0.707107 )  


     PseudoPot. # 1 for Al read from file:
     ./Al.upf
     MD5 check sum: fd3ab6bbf4b2322b308692f0f9c61a66
     Pseudo is Projector augmented-wave + core cor, Zval =  3.0
     Generated using ATOMPAW code
     Shape of augmentation charge: SINC**2
     Using radial grid of 2342 points,  4 beta functions with: 
                l(1) =   0
                l(2) =   0
                l(3) =   1
                l(4) =   1
     Q(r) pseudized with 0 coefficients 


     atomic species   valence    mass     pseudopotential
     Al                3.00    26.98150     Al( 1.00)

     48 Sym. Ops., with inversion, found



   Cartesian axes

     site n.     atom                  positions (alat units)
         1        Al     tau(   1) = (   0.0000000   0.0000000   0.0000000  )

     number of k points=  1300  Methfessel-Paxton smearing, width (Ry)=  0.0200

     Number of k-points >= 100: set verbosity='high' to print them.

     Dense  grid:     1363 G-vectors     FFT dimensions: (  15,  15,  15)

     Estimated max dynamical RAM per process >       0.42 MB

     Estimated total dynamical RAM >       5.06 MB

     The potential is recalculated from file :
     ./tmp/_ph0/al.save/charge-density


     negative rho (up, down):  7.343E-04 0.000E+00
     Starting wfcs are    8 atomic wfcs
     Checking if some PAW data can be deallocated... 

     Band Structure Calculation
     Davidson diagonalization with overlap

     ethr =  3.33E-10,  avg # of iterations = 14.3

     total cpu time spent up to now is        1.8 secs

     End of band structure calculation

     Number of k-points >= 100: set verbosity='high' to print the bands.

     the Fermi energy is     8.0124 ev

     Writing config to output data dir ./tmp/_ph0/al.save/ :
     XML data file

     Al                                                                         

     bravais-lattice index     =            0
     lattice parameter (alat)  =       5.3955  a.u.
     unit-cell volume          =     111.0634 (a.u.)^3
     number of atoms/cell      =            1
     number of atomic types    =            1
     kinetic-energy cut-off    =      38.0000  Ry
     charge density cut-off    =      80.0000  Ry
     convergence threshold     =      1.0E-12
     beta                      =       0.7000
     number of iterations used =            4
     Exchange-correlation= PBE
                           (   1   4   3   4   0   0   0)


     celldm(1)=    5.39546  celldm(2)=    0.00000  celldm(3)=    0.00000
     celldm(4)=    0.00000  celldm(5)=    0.00000  celldm(6)=    0.00000

     crystal axes: (cart. coord. in units of alat)
               a(1) = ( -0.7071  0.0000  0.7071 )  
               a(2) = (  0.0000  0.7071  0.7071 )  
               a(3) = ( -0.7071  0.7071  0.0000 )  

     reciprocal axes: (cart. coord. in units 2 pi/alat)
               b(1) = ( -0.7071 -0.7071  0.7071 )  
               b(2) = (  0.7071  0.7071  0.7071 )  
               b(3) = ( -0.7071  0.7071 -0.7071 )  


     Atoms inside the unit cell: 

     Cartesian axes

     site n.  atom      mass           positions (alat units)
        1  Al     26.9815   tau(    1) = (    0.00000    0.00000    0.00000  )

     Computing dynamical matrix for 
                    q = (   0.3535534  -0.3535534   0.3535534 )
 
     13 Sym.Ops. (with q -> -q+G )


     G cutoff =   58.9912  (    228 G-vectors)     FFT grid: ( 15, 15, 15)

     number of k points=  1300  Methfessel-Paxton smearing, width (Ry)=  0.0200

     PseudoPot. # 1 for Al read from file:
     ./Al.upf
     MD5 check sum: fd3ab6bbf4b2322b308692f0f9c61a66
     Pseudo is Projector augmented-wave + core cor, Zval =  3.0
     Generated using ATOMPAW code
     Shape of augmentation charge: SINC**2
     Using radial grid of 2342 points,  4 beta functions with: 
                l(1) =   0
                l(2) =   0
                l(3) =   1
                l(4) =   1
     Q(r) pseudized with 0 coefficients 


     Mode symmetry, D_3d (-3m)  point group:


     Atomic displacements:
     There are    2 irreducible representations

     Representation     1      1 modes -  To be done

     Representation     2      2 modes -  To be done


     Message from routine init_vloc:
     Interpolation table for Vloc re-allocated

     Alpha used in Ewald sum =   0.9000

     negative rho (up, down):  7.343E-04 0.000E+00
     PHONON       :      2.76s CPU      3.11s WALL



     Representation #   1 mode #   1

     Self-consistent Calculation

      iter #   1 total cpu time :     3.3 secs   av.it.:   4.5
      thresh= 1.000E-02 alpha_mix =  0.700 |ddv_scf|^2 =  1.495E-04

      iter #   2 total cpu time :     3.5 secs   av.it.:   6.0
      thresh= 1.223E-03 alpha_mix =  0.700 |ddv_scf|^2 =  1.685E-04

      iter #   3 total cpu time :     3.7 secs   av.it.:   5.4
      thresh= 1.298E-03 alpha_mix =  0.700 |ddv_scf|^2 =  1.494E-08

      iter #   4 total cpu time :     3.9 secs   av.it.:   6.1
      thresh= 1.222E-05 alpha_mix =  0.700 |ddv_scf|^2 =  2.275E-10

      iter #   5 total cpu time :     4.1 secs   av.it.:   5.9
      thresh= 1.508E-06 alpha_mix =  0.700 |ddv_scf|^2 =  6.007E-12

      iter #   6 total cpu time :     4.2 secs   av.it.:   5.2
      thresh= 2.451E-07 alpha_mix =  0.700 |ddv_scf|^2 =  2.171E-15

     End of self-consistent calculation

     Convergence has been achieved 


     Representation #   2 modes #   2   3

     Self-consistent Calculation

      iter #   1 total cpu time :     4.6 secs   av.it.:   3.2
      thresh= 1.000E-02 alpha_mix =  0.700 |ddv_scf|^2 =  9.495E-08

      iter #   2 total cpu time :     5.0 secs   av.it.:   6.5
      thresh= 3.081E-05 alpha_mix =  0.700 |ddv_scf|^2 =  6.206E-09

      iter #   3 total cpu time :     5.3 secs   av.it.:   6.4
      thresh= 7.878E-06 alpha_mix =  0.700 |ddv_scf|^2 =  1.294E-10

      iter #   4 total cpu time :     5.7 secs   av.it.:   6.2
      thresh= 1.138E-06 alpha_mix =  0.700 |ddv_scf|^2 =  3.235E-13

     End of self-consistent calculation

     Convergence has been achieved 
 
     Number of q in the star =    4
     List of q in the star:
          1   0.353553391  -0.353553391   0.353553391
          2   0.353553391   0.353553391  -0.353553391
          3  -0.353553391  -0.353553391  -0.353553391
          4   0.353553391  -0.353553391  -0.353553391

     Diagonalizing the dynamical matrix

     q = (    0.353553391  -0.353553391   0.353553391 ) 

 **************************************************************************
     freq (    1) =       4.158803 [THz] =     138.722730 [cm-1]
     freq (    2) =       4.158803 [THz] =     138.722730 [cm-1]
     freq (    3) =       9.531826 [THz] =     317.947502 [cm-1]
 **************************************************************************

     Mode symmetry, D_3d (-3m)  point group:

     freq (   1-   2) =        138.7  [cm-1]   --> E_u  L_3'          
     freq (   3-   3) =        317.9  [cm-1]   --> A_2u L_2'          

     Calculation of q =    0.0000000  -0.7071068   0.0000000
 
     Parallelization info
     --------------------
     sticks:   dense  smooth     PW     G-vecs:    dense   smooth      PW
     Min          27      27     21                  226      226     160
     Max          28      28     22                  228      228     163
     Sum         163     163    127                 1363     1363     965
 
     Using Slab Decomposition
 

     Title: 
     Al                                                                         


     bravais-lattice index     =            0
     lattice parameter (alat)  =       5.3955  a.u.
     unit-cell volume          =     111.0634 (a.u.)^3
     number of atoms/cell      =            1
     number of atomic types    =            1
     number of electrons       =         3.00
     number of Kohn-Sham states=            6
     kinetic-energy cutoff     =      38.0000  Ry
     charge density cutoff     =      80.0000  Ry
     Exchange-correlation= PBE
                           (   1   4   3   4   0   0   0)

     celldm(1)=   5.395462  celldm(2)=   0.000000  celldm(3)=   0.000000
     celldm(4)=   0.000000  celldm(5)=   0.000000  celldm(6)=   0.000000

     crystal axes: (cart. coord. in units of alat)
               a(1) = (  -0.707107   0.000000   0.707107 )  
               a(2) = (   0.000000   0.707107   0.707107 )  
               a(3) = (  -0.707107   0.707107   0.000000 )  

     reciprocal axes: (cart. coord. in units 2 pi/alat)
               b(1) = ( -0.707107 -0.707107  0.707107 )  
               b(2) = (  0.707107  0.707107  0.707107 )  
               b(3) = ( -0.707107  0.707107 -0.707107 )  


     PseudoPot. # 1 for Al read from file:
     ./Al.upf
     MD5 check sum: fd3ab6bbf4b2322b308692f0f9c61a66
     Pseudo is Projector augmented-wave + core cor, Zval =  3.0
     Generated using ATOMPAW code
     Shape of augmentation charge: SINC**2
     Using radial grid of 2342 points,  4 beta functions with: 
                l(1) =   0
                l(2) =   0
                l(3) =   1
                l(4) =   1
     Q(r) pseudized with 0 coefficients 


     atomic species   valence    mass     pseudopotential
     Al                3.00    26.98150     Al( 1.00)

     48 Sym. Ops., with inversion, found



   Cartesian axes

     site n.     atom                  positions (alat units)
         1        Al     tau(   1) = (   0.0000000   0.0000000   0.0000000  )

     number of k points=   936  Methfessel-Paxton smearing, width (Ry)=  0.0200

     Number of k-points >= 100: set verbosity='high' to print them.

     Dense  grid:     1363 G-vectors     FFT dimensions: (  15,  15,  15)

     Estimated max dynamical RAM per process >       0.42 MB

     Estimated total dynamical RAM >       5.09 MB

     The potential is recalculated from file :
     ./tmp/_ph0/al.save/charge-density


     negative rho (up, down):  7.343E-04 0.000E+00
     Starting wfcs are    8 atomic wfcs
     Checking if some PAW data can be deallocated... 

     Band Structure Calculation
     Davidson diagonalization with overlap

     ethr =  3.33E-10,  avg # of iterations = 14.3

     total cpu time spent up to now is        3.1 secs

     End of band structure calculation

     Number of k-points >= 100: set verbosity='high' to print the bands.

     the Fermi energy is     8.0124 ev

     Writing config to output data dir ./tmp/_ph0/al.save/ :
     XML data file

     Al                                                                         

     bravais-lattice index     =            0
     lattice parameter (alat)  =       5.3955  a.u.
     unit-cell volume          =     111.0634 (a.u.)^3
     number of atoms/cell      =            1
     number of atomic types    =            1
     kinetic-energy cut-off    =      38.0000  Ry
     charge density cut-off    =      80.0000  Ry
     convergence threshold     =      1.0E-12
     beta                      =       0.7000
     number of iterations used =            4
     Exchange-correlation= PBE
                           (   1   4   3   4   0   0   0)


     celldm(1)=    5.39546  celldm(2)=    0.00000  celldm(3)=    0.00000
     celldm(4)=    0.00000  celldm(5)=    0.00000  celldm(6)=    0.00000

     crystal axes: (cart. coord. in units of alat)
               a(1) = ( -0.7071  0.0000  0.7071 )  
               a(2) = (  0.0000  0.7071  0.7071 )  
               a(3) = ( -0.7071  0.7071  0.0000 )  

     reciprocal axes: (cart. coord. in units 2 pi/alat)
               b(1) = ( -0.7071 -0.7071  0.7071 )  
               b(2) = (  0.7071  0.7071  0.7071 )  
               b(3) = ( -0.7071  0.7071 -0.7071 )  


     Atoms inside the unit cell: 

     Cartesian axes

     site n.  atom      mass           positions (alat units)
        1  Al     26.9815   tau(    1) = (    0.00000    0.00000    0.00000  )

     Computing dynamical matrix for 
                    q = (   0.0000000  -0.7071068   0.0000000 )
 
     17 Sym.Ops. (with q -> -q+G )


     G cutoff =   58.9912  (    228 G-vectors)     FFT grid: ( 15, 15, 15)

     number of k points=   936  Methfessel-Paxton smearing, width (Ry)=  0.0200

     PseudoPot. # 1 for Al read from file:
     ./Al.upf
     MD5 check sum: fd3ab6bbf4b2322b308692f0f9c61a66
     Pseudo is Projector augmented-wave + core cor, Zval =  3.0
     Generated using ATOMPAW code
     Shape of augmentation charge: SINC**2
     Using radial grid of 2342 points,  4 beta functions with: 
                l(1) =   0
                l(2) =   0
                l(3) =   1
                l(4) =   1
     Q(r) pseudized with 0 coefficients 


     Mode symmetry, D_4h(4/mmm) point group:


     Atomic displacements:
     There are    2 irreducible representations

     Representation     1      1 modes -  To be done

     Representation     2      2 modes -  To be done



     Alpha used in Ewald sum =   0.9000

     negative rho (up, down):  7.343E-04 0.000E+00
     PHONON       :      6.21s CPU      7.12s WALL



     Representation #   1 mode #   1

     Self-consistent Calculation

      iter #   1 total cpu time :     7.3 secs   av.it.:   4.0
      thresh= 1.000E-02 alpha_mix =  0.700 |ddv_scf|^2 =  3.822E-05

      iter #   2 total cpu time :     7.4 secs   av.it.:   6.0
      thresh= 6.182E-04 alpha_mix =  0.700 |ddv_scf|^2 =  1.590E-05

      iter #   3 total cpu time :     7.5 secs   av.it.:   5.5
      thresh= 3.987E-04 alpha_mix =  0.700 |ddv_scf|^2 =  1.068E-08

      iter #   4 total cpu time :     7.7 secs   av.it.:   6.1
      thresh= 1.033E-05 alpha_mix =  0.700 |ddv_scf|^2 =  5.998E-11

      iter #   5 total cpu time :     7.8 secs   av.it.:   5.2
      thresh= 7.745E-07 alpha_mix =  0.700 |ddv_scf|^2 =  2.139E-12

      iter #   6 total cpu time :     8.0 secs   av.it.:   5.2
      thresh= 1.463E-07 alpha_mix =  0.700 |ddv_scf|^2 =  1.185E-15

     End of self-consistent calculation

     Convergence has been achieved 


     Representation #   2 modes #   2   3

     Self-consistent Calculation

      iter #   1 total cpu time :     8.2 secs   av.it.:   3.5
      thresh= 1.000E-02 alpha_mix =  0.700 |ddv_scf|^2 =  9.863E-08

      iter #   2 total cpu time :     8.5 secs   av.it.:   6.4
      thresh= 3.141E-05 alpha_mix =  0.700 |ddv_scf|^2 =  7.099E-09

      iter #   3 total cpu time :     8.8 secs   av.it.:   6.3
      thresh= 8.426E-06 alpha_mix =  0.700 |ddv_scf|^2 =  2.382E-10

      iter #   4 total cpu time :     9.1 secs   av.it.:   6.3
      thresh= 1.543E-06 alpha_mix =  0.700 |ddv_scf|^2 =  3.470E-12

      iter #   5 total cpu time :     9.4 secs   av.it.:   5.5
      thresh= 1.863E-07 alpha_mix =  0.700 |ddv_scf|^2 =  1.192E-15

     End of self-consistent calculation

     Convergence has been achieved 
 
     Number of q in the star =    3
     List of q in the star:
          1   0.000000000  -0.707106781   0.000000000
          2  -0.707106781   0.000000000   0.000000000
          3   0.000000000   0.000000000   0.707106781

     Diagonalizing the dynamical matrix

     q = (    0.000000000  -0.707106781   0.000000000 ) 

 **************************************************************************
     freq (    1) =       5.722222 [THz] =     190.872797 [cm-1]
     freq (    2) =       5.722222 [THz] =     190.872797 [cm-1]
     freq (    3) =       9.552103 [THz] =     318.623872 [cm-1]
 **************************************************************************

     Mode symmetry, D_4h(4/mmm) point group:

     freq (   1-   2) =        190.9  [cm-1]   --> E_u  X_5' M_5'     
     freq (   3-   3) =        318.6  [cm-1]   --> A_2u X_4' M_4'     
 
     init_run     :      0.04s CPU      0.04s WALL (       2 calls)
     electrons    :      2.78s CPU      3.07s WALL (       2 calls)

     Called by init_run:
     wfcinit      :      0.00s CPU      0.00s WALL (       2 calls)
     potinit      :      0.02s CPU      0.02s WALL (       2 calls)
     hinit0       :      0.02s CPU      0.02s WALL (       2 calls)

     Called by electrons:
     c_bands      :      2.78s CPU      3.06s WALL (       2 calls)
     v_of_rho     :      0.00s CPU      0.00s WALL (       3 calls)
     newd         :      0.00s CPU      0.00s WALL (       3 calls)
     PAW_pot      :      0.02s CPU      0.03s WALL (       3 calls)

     Called by c_bands:
     init_us_2    :      0.05s CPU      0.05s WALL (   12324 calls)
     cegterg      :      2.38s CPU      2.63s WALL (    1256 calls)

     Called by *egterg:
     cdiaghg      :      0.69s CPU      0.76s WALL (   17704 calls)
     h_psi        :      2.97s CPU      3.41s WALL (   74347 calls)
     s_psi        :      0.14s CPU      0.17s WALL (  139120 calls)
     g_psi        :      0.02s CPU      0.02s WALL (   16586 calls)

     Called by h_psi:
     h_psi:calbec :      0.27s CPU      0.32s WALL (   74347 calls)
     vloc_psi     :      2.42s CPU      2.77s WALL (   74347 calls)
     add_vuspsi   :      0.08s CPU      0.09s WALL (   74347 calls)

     General routines
     calbec       :      0.47s CPU      0.56s WALL (  167083 calls)
     fft          :      0.01s CPU      0.01s WALL (     805 calls)
     ffts         :      0.02s CPU      0.02s WALL (    2108 calls)
     fftw         :      2.67s CPU      3.07s WALL (  419116 calls)
     davcio       :      0.09s CPU      0.11s WALL (   49093 calls)
 
     Parallel routines
 
     PHONON       :      8.17s CPU      9.43s WALL

     INITIALIZATION: 
     phq_setup    :      0.00s CPU      0.00s WALL (       3 calls)
     phq_init     :      0.16s CPU      0.17s WALL (       3 calls)
 
     phq_init     :      0.16s CPU      0.17s WALL (       3 calls)
     set_drhoc    :      0.00s CPU      0.00s WALL (       9 calls)
     init_vloc    :      0.00s CPU      0.00s WALL (       3 calls)
     init_us_1    :      0.01s CPU      0.01s WALL (       3 calls)
     init_us_2    :      0.05s CPU      0.05s WALL (   12324 calls)
     newd         :      0.00s CPU      0.00s WALL (       3 calls)
     dvanqq       :      0.00s CPU      0.00s WALL (       3 calls)
     drho         :      0.11s CPU      0.12s WALL (       3 calls)
     drhous       :      0.08s CPU      0.09s WALL (       3 calls)
     nldyntot     :      0.00s CPU      0.01s WALL (       3 calls)
 
     DYNAMICAL MATRIX:
     dynmat0      :      0.02s CPU      0.03s WALL (       3 calls)
     dynmat_us    :      0.02s CPU      0.03s WALL (       3 calls)
     addusdynmat  :      0.00s CPU      0.00s WALL (       3 calls)
     d2ionq       :      0.00s CPU      0.00s WALL (       3 calls)
     dynmatcc     :      0.00s CPU      0.00s WALL (       3 calls)
     phqscf       :      5.00s CPU      5.92s WALL (       3 calls)
     dynmatrix    :      0.00s CPU      0.00s WALL (       3 calls)
 
     phqscf       :      5.00s CPU      5.92s WALL (       3 calls)
     solve_linter :      4.95s CPU      5.87s WALL (       5 calls)
     sth_kernel   :      3.51s CPU      4.14s WALL (      25 calls)
     h_prec       :      0.01s CPU      0.01s WALL (    6188 calls)
     apply_dpot_b :      0.19s CPU      0.23s WALL (    7436 calls)
     ortho        :      0.10s CPU      0.11s WALL (    9386 calls)
     cgsolve      :      2.48s CPU      2.96s WALL (    9386 calls)
     incdrhoscf   :      0.26s CPU      0.31s WALL (    9386 calls)
                                        0.00s GPU  (    9386 calls)
     addusddens   :      0.00s CPU      0.00s WALL (      30 calls)
     dv_of_drho   :      0.00s CPU      0.00s WALL (      42 calls)
     mix_pot      :      0.00s CPU      0.00s WALL (      25 calls)
     ef_shift     :      0.00s CPU      0.00s WALL (       4 calls)
     ef_shift_wfc :      0.00s CPU      0.00s WALL (       1 calls)
     localdos     :      0.00s CPU      0.00s WALL (       1 calls)
     drhodv       :      0.05s CPU      0.05s WALL (       5 calls)
     psymdvscf    :      0.04s CPU      0.05s WALL (      25 calls)
     newdq        :      0.00s CPU      0.00s WALL (      25 calls)
     adddvscf     :      0.02s CPU      0.02s WALL (    7436 calls)
     com_dvloc    :      0.02s CPU      0.02s WALL (    1974 calls)
                                        0.00s GPU  (    1974 calls)
     addcore      :      0.00s CPU      0.00s WALL (      78 calls)
                                        0.00s GPU  (      78 calls)
     drhodvus     :      0.00s CPU      0.00s WALL (       5 calls)
 
     dvqpsi_us    :      0.24s CPU      0.26s WALL (    1950 calls)
                                        0.00s GPU  (    1950 calls)
     dvqpsi_us_on :      0.04s CPU      0.04s WALL (    1950 calls)
 
     add_vuspsi   :      0.08s CPU      0.09s WALL (   74347 calls)
     addusdbec    :      0.05s CPU      0.06s WALL (   11336 calls)
 
     drhodvus     :      0.00s CPU      0.00s WALL (       5 calls)
 
      General routines
     calbec       :      0.47s CPU      0.56s WALL (  167083 calls)
     fft          :      0.01s CPU      0.01s WALL (     805 calls)
     ffts         :      0.02s CPU      0.02s WALL (    2108 calls)
     fftw         :      2.67s CPU      3.07s WALL (  419116 calls)
     davcio       :      0.09s CPU      0.11s WALL (   49093 calls)
     write_rec    :      0.00s CPU      0.01s WALL (      30 calls)
 
      Additional routines
     ch_psi       :      2.29s CPU      2.74s WALL (   55387 calls)
     last         :      0.52s CPU      0.62s WALL (   55387 calls)
     Hesh         :      0.02s CPU      0.03s WALL (   55387 calls)
     ch_psi_all_k :      0.42s CPU      0.50s WALL (   55387 calls)
                                        0.00s GPU  (   55387 calls)
     ch_psi_calbe :      0.16s CPU      0.19s WALL (   55387 calls)
                                        0.00s GPU  (   55387 calls)
     h_psi_bgrp   :      3.03s CPU      3.48s WALL (   74347 calls)
     h_psi        :      2.97s CPU      3.41s WALL (   74347 calls)
     h_psi:pot    :      2.90s CPU      3.33s WALL (   74347 calls)
     h_psi:calbec :      0.27s CPU      0.32s WALL (   74347 calls)
     s_psi_bgrp   :      0.25s CPU      0.30s WALL (  139120 calls)
     s_psi        :      0.14s CPU      0.17s WALL (  139120 calls)
 
 
     PHONON       :      8.17s CPU      9.43s WALL

 
   This run was terminated on:  12:24:49   1Apr2026            

=------------------------------------------------------------------------------=
   JOB DONE.
=------------------------------------------------------------------------------=
