
     Program Q2R v.7.4 starts on 15Jun2026 at 23: 6: 8 

     This program is part of the open-source Quantum ESPRESSO suite
     for quantum simulation of materials; please cite
         "P. Giannozzi et al., J. Phys.:Condens. Matter 21 395502 (2009);
         "P. Giannozzi et al., J. Phys.:Condens. Matter 29 465901 (2017);
         "P. Giannozzi et al., J. Chem. Phys. 152 154105 (2020);
          URL http://www.quantum-espresso.org", 
     in publications or presentations arising from this work. More details at
     http://www.quantum-espresso.org/quote

     Parallel version (MPI), running on    12 processors

     MPI processes distributed on     1 nodes
     R & G space division:  proc/nbgrp/npool/nimage =      12
     98824 MiB available memory on the printing compute node when the environment starts
 

  reading grid info from file al.dyn0    

  reading force constants from file al.dyn1
  Dielectric Tensor not found
  nqs=            1
 q=   0.00000000  0.00000000  0.00000000
  reading force constants from file al.dyn2
  nqs=            4
 q=   0.35355339 -0.35355339  0.35355339
 q=   0.35355339  0.35355339 -0.35355339
 q=  -0.35355339 -0.35355339 -0.35355339
 q=   0.35355339 -0.35355339 -0.35355339
  reading force constants from file al.dyn3
  nqs=            3
 q=   0.00000000 -0.70710678  0.00000000
 q=  -0.70710678  0.00000000  0.00000000
 q=   0.00000000  0.00000000  0.70710678

      q-space grid ok, #points =    8

      fft-check success (sum of imaginary terms < 10^-12)
 
     Q2R          :      0.00s CPU      0.01s WALL

 
   This run was terminated on:  23: 6: 8  15Jun2026            

=------------------------------------------------------------------------------=
   JOB DONE.
=------------------------------------------------------------------------------=
