
     Program Q2R v.7.4 starts on 14Jun2026 at 11:42:32 

     This program is part of the open-source Quantum ESPRESSO suite
     for quantum simulation of materials; please cite
         "P. Giannozzi et al., J. Phys.:Condens. Matter 21 395502 (2009);
         "P. Giannozzi et al., J. Phys.:Condens. Matter 29 465901 (2017);
         "P. Giannozzi et al., J. Chem. Phys. 152 154105 (2020);
          URL http://www.quantum-espresso.org", 
     in publications or presentations arising from this work. More details at
     http://www.quantum-espresso.org/quote

     Parallel version (MPI), running on    12 processors

     MPI processes distributed on     1 nodes
     R & G space division:  proc/nbgrp/npool/nimage =      12
     2878 MiB available memory on the printing compute node when the environment starts
 

  reading grid info from file si.dyn0    

  reading force constants from file si.dyn1
 macroscopic fields = T
  13.08648   0.00000   0.00000
   0.00000  13.08648   0.00000
   0.00000   0.00000  13.08648
  na=            1
  -0.00692   0.00000   0.00000
   0.00000  -0.00692   0.00000
   0.00000   0.00000  -0.00692
  na=            2
  -0.00692   0.00000   0.00000
   0.00000  -0.00692   0.00000
   0.00000   0.00000  -0.00692
  Norm of the difference between old and new effective charges:    0.01696227008111124770
  alpha Ewald:    1.33403616556697     
  nqs=            1
 q=   0.00000000  0.00000000  0.00000000
  reading force constants from file si.dyn2
  alpha Ewald:    1.33403616556697     
  nqs=            8
 q=  -0.11785113  0.11785113 -0.11785113
 q=   0.11785113  0.11785113  0.11785113
 q=  -0.11785113 -0.11785113 -0.11785113
 q=   0.11785113 -0.11785113  0.11785113
 q=   0.11785113 -0.11785113 -0.11785113
 q=   0.11785113  0.11785113 -0.11785113
 q=  -0.11785113 -0.11785113  0.11785113
 q=  -0.11785113  0.11785113  0.11785113
  reading force constants from file si.dyn3
  alpha Ewald:    1.33403616556697     
  nqs=            8
 q=  -0.23570226  0.23570226 -0.23570226
 q=   0.23570226  0.23570226  0.23570226
 q=  -0.23570226 -0.23570226 -0.23570226
 q=   0.23570226 -0.23570226  0.23570226
 q=   0.23570226 -0.23570226 -0.23570226
 q=   0.23570226  0.23570226 -0.23570226
 q=  -0.23570226 -0.23570226  0.23570226
 q=  -0.23570226  0.23570226  0.23570226
  reading force constants from file si.dyn4
  alpha Ewald:    1.33403616556697     
  nqs=            4
 q=   0.35355339 -0.35355339  0.35355339
 q=   0.35355339  0.35355339  0.35355339
 q=  -0.35355339  0.35355339  0.35355339
 q=   0.35355339  0.35355339 -0.35355339
  reading force constants from file si.dyn5
  alpha Ewald:    1.33403616556697     
  nqs=            6
 q=   0.00000000  0.23570226  0.00000000
 q=   0.23570226  0.00000000  0.00000000
 q=   0.00000000  0.00000000  0.23570226
 q=   0.00000000 -0.23570226  0.00000000
 q=  -0.23570226  0.00000000  0.00000000
 q=   0.00000000  0.00000000 -0.23570226
  reading force constants from file si.dyn6
  alpha Ewald:    1.33403616556697     
  nqs=           24
 q=  -0.11785113  0.35355339 -0.11785113
 q=   0.11785113  0.35355339  0.11785113
 q=  -0.11785113  0.35355339  0.11785113
 q=   0.11785113  0.35355339 -0.11785113
 q=   0.35355339 -0.11785113  0.11785113
 q=   0.11785113 -0.11785113  0.35355339
 q=  -0.11785113 -0.35355339 -0.11785113
 q=   0.11785113 -0.35355339 -0.11785113
 q=  -0.11785113 -0.35355339  0.11785113
 q=   0.35355339 -0.11785113 -0.11785113
 q=  -0.35355339 -0.11785113  0.11785113
 q=   0.35355339  0.11785113  0.11785113
 q=  -0.11785113  0.11785113 -0.35355339
 q=  -0.11785113 -0.11785113  0.35355339
 q=   0.11785113  0.11785113  0.35355339
 q=   0.11785113 -0.11785113 -0.35355339
 q=  -0.35355339  0.11785113 -0.11785113
 q=  -0.35355339 -0.11785113 -0.11785113
 q=   0.11785113 -0.35355339  0.11785113
 q=   0.35355339  0.11785113 -0.11785113
 q=   0.11785113  0.11785113 -0.35355339
 q=  -0.11785113 -0.11785113 -0.35355339
 q=  -0.35355339  0.11785113  0.11785113
 q=  -0.11785113  0.11785113  0.35355339
  reading force constants from file si.dyn7
  alpha Ewald:    1.33403616556697     
  nqs=           24
 q=   0.47140452 -0.23570226  0.47140452
 q=  -0.47140452 -0.23570226 -0.47140452
 q=   0.47140452 -0.23570226 -0.47140452
 q=  -0.47140452 -0.23570226  0.47140452
 q=  -0.23570226  0.47140452 -0.47140452
 q=  -0.47140452  0.47140452 -0.23570226
 q=   0.47140452  0.23570226  0.47140452
 q=  -0.47140452  0.23570226  0.47140452
 q=   0.47140452  0.23570226 -0.47140452
 q=  -0.23570226  0.47140452  0.47140452
 q=   0.23570226  0.47140452 -0.47140452
 q=  -0.23570226 -0.47140452 -0.47140452
 q=   0.47140452 -0.47140452  0.23570226
 q=   0.47140452  0.47140452 -0.23570226
 q=  -0.47140452 -0.47140452 -0.23570226
 q=  -0.47140452  0.47140452  0.23570226
 q=   0.23570226 -0.47140452  0.47140452
 q=   0.23570226  0.47140452  0.47140452
 q=  -0.47140452  0.23570226 -0.47140452
 q=  -0.23570226 -0.47140452  0.47140452
 q=  -0.47140452 -0.47140452  0.23570226
 q=   0.47140452  0.47140452  0.23570226
 q=   0.23570226 -0.47140452 -0.47140452
 q=   0.47140452 -0.47140452 -0.23570226
  reading force constants from file si.dyn8
  alpha Ewald:    1.33403616556697     
  nqs=           24
 q=   0.35355339 -0.11785113  0.35355339
 q=  -0.35355339 -0.11785113 -0.35355339
 q=   0.35355339 -0.11785113 -0.35355339
 q=  -0.35355339 -0.11785113  0.35355339
 q=  -0.11785113  0.35355339 -0.35355339
 q=  -0.35355339  0.35355339 -0.11785113
 q=   0.35355339  0.11785113  0.35355339
 q=  -0.35355339  0.11785113  0.35355339
 q=   0.35355339  0.11785113 -0.35355339
 q=  -0.11785113  0.35355339  0.35355339
 q=   0.11785113  0.35355339 -0.35355339
 q=  -0.11785113 -0.35355339 -0.35355339
 q=   0.35355339 -0.35355339  0.11785113
 q=   0.35355339  0.35355339 -0.11785113
 q=  -0.35355339 -0.35355339 -0.11785113
 q=  -0.35355339  0.35355339  0.11785113
 q=   0.11785113 -0.35355339  0.35355339
 q=   0.11785113  0.35355339  0.35355339
 q=  -0.35355339  0.11785113 -0.35355339
 q=  -0.11785113 -0.35355339  0.35355339
 q=  -0.35355339 -0.35355339  0.11785113
 q=   0.35355339  0.35355339  0.11785113
 q=   0.11785113 -0.35355339 -0.35355339
 q=   0.35355339 -0.35355339 -0.11785113
  reading force constants from file si.dyn9
  alpha Ewald:    1.33403616556697     
  nqs=           12
 q=   0.23570226  0.00000000  0.23570226
 q=  -0.23570226  0.00000000  0.23570226
 q=   0.23570226  0.00000000 -0.23570226
 q=  -0.23570226  0.00000000 -0.23570226
 q=   0.00000000  0.23570226 -0.23570226
 q=  -0.23570226  0.23570226  0.00000000
 q=   0.00000000  0.23570226  0.23570226
 q=   0.00000000 -0.23570226 -0.23570226
 q=   0.23570226 -0.23570226  0.00000000
 q=   0.23570226  0.23570226  0.00000000
 q=  -0.23570226 -0.23570226  0.00000000
 q=   0.00000000 -0.23570226  0.23570226
  reading force constants from file si.dyn10
  alpha Ewald:    1.33403616556697     
  nqs=            6
 q=   0.00000000  0.47140452  0.00000000
 q=   0.47140452  0.00000000  0.00000000
 q=   0.00000000  0.00000000  0.47140452
 q=   0.00000000 -0.47140452  0.00000000
 q=  -0.47140452  0.00000000  0.00000000
 q=   0.00000000  0.00000000 -0.47140452
  reading force constants from file si.dyn11
  alpha Ewald:    1.33403616556697     
  nqs=           24
 q=   0.58925565 -0.11785113  0.58925565
 q=  -0.58925565 -0.11785113  0.58925565
 q=   0.58925565 -0.11785113 -0.58925565
 q=  -0.58925565 -0.11785113 -0.58925565
 q=  -0.11785113  0.58925565 -0.58925565
 q=  -0.58925565  0.58925565 -0.11785113
 q=   0.58925565  0.11785113  0.58925565
 q=  -0.58925565  0.11785113  0.58925565
 q=   0.58925565  0.11785113 -0.58925565
 q=  -0.11785113  0.58925565  0.58925565
 q=   0.11785113  0.58925565 -0.58925565
 q=  -0.11785113 -0.58925565 -0.58925565
 q=   0.58925565 -0.58925565  0.11785113
 q=   0.58925565  0.58925565 -0.11785113
 q=  -0.58925565 -0.58925565 -0.11785113
 q=  -0.58925565  0.58925565  0.11785113
 q=   0.11785113 -0.58925565  0.58925565
 q=   0.11785113  0.58925565  0.58925565
 q=  -0.58925565  0.11785113 -0.58925565
 q=  -0.11785113 -0.58925565  0.58925565
 q=  -0.58925565 -0.58925565  0.11785113
 q=   0.58925565  0.58925565  0.11785113
 q=   0.11785113 -0.58925565 -0.58925565
 q=   0.58925565 -0.58925565 -0.11785113
  reading force constants from file si.dyn12
  alpha Ewald:    1.33403616556697     
  nqs=           12
 q=   0.47140452  0.00000000  0.47140452
 q=  -0.47140452  0.00000000  0.47140452
 q=  -0.47140452  0.00000000 -0.47140452
 q=   0.47140452  0.00000000 -0.47140452
 q=   0.00000000  0.47140452 -0.47140452
 q=  -0.47140452  0.47140452  0.00000000
 q=   0.00000000  0.47140452  0.47140452
 q=   0.00000000 -0.47140452 -0.47140452
 q=   0.47140452 -0.47140452  0.00000000
 q=   0.47140452  0.47140452  0.00000000
 q=  -0.47140452 -0.47140452  0.00000000
 q=   0.00000000 -0.47140452  0.47140452
  reading force constants from file si.dyn13
  alpha Ewald:    1.33403616556697     
  nqs=            3
 q=   0.00000000 -0.70710678  0.00000000
 q=  -0.70710678  0.00000000  0.00000000
 q=   0.00000000  0.00000000  0.70710678
  reading force constants from file si.dyn14
  alpha Ewald:    1.33403616556697     
  nqs=           24
 q=   0.47140452 -0.23570226  0.70710678
 q=   0.70710678  0.23570226  0.47140452
 q=   0.47140452  0.23570226  0.70710678
 q=  -0.70710678 -0.23570226  0.47140452
 q=  -0.70710678 -0.23570226 -0.47140452
 q=  -0.47140452 -0.23570226 -0.70710678
 q=   0.70710678  0.23570226 -0.47140452
 q=  -0.47140452  0.23570226  0.70710678
 q=  -0.23570226  0.70710678  0.47140452
 q=   0.23570226  0.70710678 -0.47140452
 q=  -0.23570226 -0.70710678 -0.47140452
 q=   0.70710678 -0.47140452  0.23570226
 q=   0.70710678  0.47140452 -0.23570226
 q=  -0.23570226  0.47140452 -0.70710678
 q=  -0.70710678 -0.47140452 -0.23570226
 q=  -0.70710678  0.47140452  0.23570226
 q=   0.23570226 -0.47140452  0.70710678
 q=   0.23570226 -0.70710678  0.47140452
 q=   0.47140452 -0.70710678  0.23570226
 q=   0.23570226  0.47140452  0.70710678
 q=  -0.23570226 -0.47140452 -0.70710678
 q=  -0.47140452 -0.70710678  0.23570226
 q=   0.47140452  0.70710678 -0.23570226
 q=  -0.47140452 -0.70710678 -0.23570226
  reading force constants from file si.dyn15
  alpha Ewald:    1.33403616556697     
  nqs=           24
 q=   0.35355339 -0.11785113  0.58925565
 q=   0.58925565  0.11785113  0.35355339
 q=   0.35355339  0.11785113  0.58925565
 q=  -0.58925565 -0.11785113  0.35355339
 q=  -0.58925565 -0.11785113 -0.35355339
 q=  -0.35355339 -0.11785113 -0.58925565
 q=   0.58925565 -0.11785113  0.35355339
 q=  -0.35355339 -0.11785113  0.58925565
 q=  -0.58925565  0.11785113  0.35355339
 q=   0.58925565  0.11785113 -0.35355339
 q=   0.58925565 -0.11785113 -0.35355339
 q=   0.35355339  0.11785113 -0.58925565
 q=  -0.35355339  0.11785113  0.58925565
 q=  -0.35355339  0.11785113 -0.58925565
 q=  -0.58925565  0.11785113 -0.35355339
 q=   0.58925565 -0.35355339  0.11785113
 q=   0.58925565  0.35355339 -0.11785113
 q=  -0.58925565 -0.35355339 -0.11785113
 q=  -0.58925565  0.35355339  0.11785113
 q=   0.11785113 -0.35355339  0.58925565
 q=  -0.11785113  0.35355339  0.58925565
 q=   0.11785113  0.35355339 -0.58925565
 q=  -0.11785113 -0.35355339 -0.58925565
 q=  -0.35355339  0.58925565  0.11785113
  reading force constants from file si.dyn16
  alpha Ewald:    1.33403616556697     
  nqs=           12
 q=  -0.23570226 -0.70710678  0.00000000
 q=   0.00000000 -0.70710678 -0.23570226
 q=   0.00000000 -0.70710678  0.23570226
 q=   0.23570226 -0.70710678  0.00000000
 q=  -0.70710678  0.00000000 -0.23570226
 q=   0.70710678  0.00000000  0.23570226
 q=   0.00000000  0.23570226  0.70710678
 q=   0.00000000 -0.23570226 -0.70710678
 q=  -0.70710678 -0.23570226  0.00000000
 q=   0.70710678  0.23570226  0.00000000
 q=  -0.23570226  0.00000000  0.70710678
 q=   0.23570226  0.00000000  0.70710678

      q-space grid ok, #points =  216

      fft-check success (sum of imaginary terms < 10^-12)
 
     Q2R          :      0.07s CPU      0.08s WALL

 
   This run was terminated on:  11:42:32  14Jun2026            

=------------------------------------------------------------------------------=
   JOB DONE.
=------------------------------------------------------------------------------=
