
     Program PHONON v.7.4 starts on 14Jun2026 at  9:45:15 

     This program is part of the open-source Quantum ESPRESSO suite
     for quantum simulation of materials; please cite
         "P. Giannozzi et al., J. Phys.:Condens. Matter 21 395502 (2009);
         "P. Giannozzi et al., J. Phys.:Condens. Matter 29 465901 (2017);
         "P. Giannozzi et al., J. Chem. Phys. 152 154105 (2020);
          URL http://www.quantum-espresso.org", 
     in publications or presentations arising from this work. More details at
     http://www.quantum-espresso.org/quote

     Parallel version (MPI), running on    12 processors

     MPI processes distributed on     1 nodes
     6203 MiB available memory on the printing compute node when the environment starts
 
     Reading input from si.ph.in

     Reading xml data from directory:

     ./tmp/si.save/
 
     R & G space division:  proc/nbgrp/npool/nimage =      12
     Subspace diagonalization in iterative solution of the eigenvalue problem:
     a serial algorithm will be used

     file Si_NC_PBE.upf: wavefunction(s)  4f renormalized

     IMPORTANT: XC functional enforced from input :
     Exchange-correlation= PBE
                           (   1   4   3   4   0   0   0)
     Any further DFT definition will be discarded
     Please, verify this is what you really want

 
     Parallelization info
     --------------------
     sticks:   dense  smooth     PW     G-vecs:    dense   smooth      PW
     Min          61      61     18                 1078     1078     185
     Max          62      62     19                 1079     1079     187
     Sum         733     733    223                12939    12939    2229
 
     Using Slab Decomposition
 
     Reading collected, re-writing distributed wavefunctions in ./tmp/


     Dynamical matrices for ( 2, 2, 2)  uniform grid of q-points
     (   3 q-points):
       N         xq(1)         xq(2)         xq(3) 
       1   0.000000000   0.000000000   0.000000000
       2   0.353553391  -0.353553391   0.353553391
       3   0.000000000  -0.707106781   0.000000000

     Number and degeneracy of irreps per q-point
       N         xq(1)         xq(2)         xq(3)   N irreps
       1   0.000000000   0.000000000   0.000000000       2
        3   3
       2   0.353553391  -0.353553391   0.353553391       4
        1   1   2   2
       3   0.000000000  -0.707106781   0.000000000       3
        2   2   2

     Calculation of q =    0.0000000   0.0000000   0.0000000

     Si                                                                         

     bravais-lattice index     =            0
     lattice parameter (alat)  =       7.2571  a.u.
     unit-cell volume          =     270.2564 (a.u.)^3
     number of atoms/cell      =            2
     number of atomic types    =            1
     kinetic-energy cut-off    =      50.0000  Ry
     charge density cut-off    =     200.0000  Ry
     convergence threshold     =      1.0E-12
     beta                      =       0.7000
     number of iterations used =            4
     Exchange-correlation= PBE
                           (   1   4   3   4   0   0   0)


     celldm(1)=    7.25711  celldm(2)=    0.00000  celldm(3)=    0.00000
     celldm(4)=    0.00000  celldm(5)=    0.00000  celldm(6)=    0.00000

     crystal axes: (cart. coord. in units of alat)
               a(1) = ( -0.7071  0.0000  0.7071 )  
               a(2) = (  0.0000  0.7071  0.7071 )  
               a(3) = ( -0.7071  0.7071  0.0000 )  

     reciprocal axes: (cart. coord. in units 2 pi/alat)
               b(1) = ( -0.7071 -0.7071  0.7071 )  
               b(2) = (  0.7071  0.7071  0.7071 )  
               b(3) = ( -0.7071  0.7071 -0.7071 )  


     Atoms inside the unit cell: 

     Cartesian axes

     site n.  atom      mass           positions (alat units)
        1  Si     28.0860   tau(    1) = (    0.00000    0.00000    0.00000  )
        2  Si     28.0860   tau(    2) = (   -0.35355    0.35355    0.35355  )

     Computing dynamical matrix for 
                    q = (   0.0000000   0.0000000   0.0000000 )
 
     49 Sym.Ops. (with q -> -q+G )


     G cutoff =  266.8072  (   1078 G-vectors)     FFT grid: ( 36, 36, 36)
     number of k points=    72

     PseudoPot. # 1 for Si read from file:
     ../../../pseudopotentzialak/Si_NC_PBE.upf
     MD5 check sum: 2f548285ada518390005852429903be6
     Pseudo is Norm-conserving, Zval =  4.0
     Generated using FHI98PP, converted with fhi2upf.x v.5.0.2
     Using radial grid of  495 points,  3 beta functions with: 
                l(1) =   0
                l(2) =   1
                l(3) =   3

     Mode symmetry, O_h (m-3m)  point group:


     Electric field:
     Dielectric constant
     Born effective charges in two ways 


     Atomic displacements:
     There are    2 irreducible representations

     Representation     1      3 modes -  To be done

     Representation     2      3 modes -  To be done



     Alpha used in Ewald sum =   2.1000
     PHONON       :      0.15s CPU      0.19s WALL


     Electric Fields Calculation

      iter #   1 total cpu time :     4.3 secs   av.it.:   6.1
      thresh= 1.000E-02 alpha_mix =  0.700 |ddv_scf|^2 =  2.954E-07

      iter #   2 total cpu time :     6.4 secs   av.it.:  10.1
      thresh= 5.435E-05 alpha_mix =  0.700 |ddv_scf|^2 =  1.686E-08

      iter #   3 total cpu time :     8.5 secs   av.it.:   9.9
      thresh= 1.299E-05 alpha_mix =  0.700 |ddv_scf|^2 =  1.153E-09

      iter #   4 total cpu time :    10.5 secs   av.it.:   9.3
      thresh= 3.395E-06 alpha_mix =  0.700 |ddv_scf|^2 =  2.874E-12

      iter #   5 total cpu time :    12.6 secs   av.it.:  10.1
      thresh= 1.695E-07 alpha_mix =  0.700 |ddv_scf|^2 =  6.938E-15

     End of electric fields calculation

          Dielectric constant in cartesian axis 

          (      13.086481170      -0.000000000       0.000000000 )
          (      -0.000000000      13.086481170       0.000000000 )
          (      -0.000000000       0.000000000      13.086481170 )

          Effective charges (d Force / dE) in cartesian axis without acoustic sum rule applied (asr)

           atom    1  Si    Mean Z*:       -0.00692
      Ex  (       -0.00692        0.00000       -0.00000 )
      Ey  (        0.00000       -0.00692       -0.00000 )
      Ez  (       -0.00000       -0.00000       -0.00692 )
           atom    2  Si    Mean Z*:       -0.00692
      Ex  (       -0.00692       -0.00000        0.00000 )
      Ey  (        0.00000       -0.00692       -0.00000 )
      Ez  (        0.00000       -0.00000       -0.00692 )

          Effective charges Sum: Mean:       -0.01385
             -0.01385        0.00000       -0.00000
              0.00000       -0.01385       -0.00000
             -0.00000       -0.00000       -0.01385

          Effective charges (d Force / dE) in cartesian axis with asr applied: 
           atom    1  Si    Mean Z*:       -0.00000
      E*x (       -0.00000        0.00000       -0.00000 )
      E*y (        0.00000        0.00000        0.00000 )
      E*z (       -0.00000        0.00000        0.00000 )
           atom    2  Si    Mean Z*:        0.00000
      E*x (        0.00000       -0.00000        0.00000 )
      E*y (       -0.00000       -0.00000       -0.00000 )
      E*z (        0.00000       -0.00000        0.00000 )


     Representation #   1 modes #   1   2   3

     Self-consistent Calculation

      iter #   1 total cpu time :    14.4 secs   av.it.:   5.0
      thresh= 1.000E-02 alpha_mix =  0.700 |ddv_scf|^2 =  3.274E-08

      iter #   2 total cpu time :    16.5 secs   av.it.:  10.3
      thresh= 1.809E-05 alpha_mix =  0.700 |ddv_scf|^2 =  8.000E-10

      iter #   3 total cpu time :    18.6 secs   av.it.:  10.1
      thresh= 2.828E-06 alpha_mix =  0.700 |ddv_scf|^2 =  6.133E-11

      iter #   4 total cpu time :    20.6 secs   av.it.:   9.4
      thresh= 7.831E-07 alpha_mix =  0.700 |ddv_scf|^2 =  6.960E-14

     End of self-consistent calculation

     Convergence has been achieved 


     Representation #   2 modes #   4   5   6

     Self-consistent Calculation

      iter #   1 total cpu time :    22.2 secs   av.it.:   5.1
      thresh= 1.000E-02 alpha_mix =  0.700 |ddv_scf|^2 =  2.267E-08

      iter #   2 total cpu time :    24.3 secs   av.it.:  10.5
      thresh= 1.506E-05 alpha_mix =  0.700 |ddv_scf|^2 =  1.039E-09

      iter #   3 total cpu time :    26.4 secs   av.it.:  10.2
      thresh= 3.223E-06 alpha_mix =  0.700 |ddv_scf|^2 =  6.729E-11

      iter #   4 total cpu time :    28.5 secs   av.it.:   9.7
      thresh= 8.203E-07 alpha_mix =  0.700 |ddv_scf|^2 =  9.444E-14

     End of self-consistent calculation

     Convergence has been achieved 
 
     Number of q in the star =    1
     List of q in the star:
          1   0.000000000   0.000000000   0.000000000

          Dielectric constant in cartesian axis 

          (      13.086481170      -0.000000000       0.000000000 )
          (      -0.000000000      13.086481170       0.000000000 )
          (      -0.000000000       0.000000000      13.086481170 )

          Effective charges (d Force / dE) in cartesian axis without acoustic sum rule applied (asr)

           atom    1  Si    Mean Z*:       -0.00692
      Ex  (       -0.00692        0.00000       -0.00000 )
      Ey  (        0.00000       -0.00692       -0.00000 )
      Ez  (       -0.00000       -0.00000       -0.00692 )
           atom    2  Si    Mean Z*:       -0.00692
      Ex  (       -0.00692       -0.00000        0.00000 )
      Ey  (        0.00000       -0.00692       -0.00000 )
      Ez  (        0.00000       -0.00000       -0.00692 )

          Effective charges Sum: Mean:       -0.01385
             -0.01385        0.00000       -0.00000
              0.00000       -0.01385       -0.00000
             -0.00000       -0.00000       -0.01385

          Effective charges (d Force / dE) in cartesian axis with asr applied: 
           atom    1  Si    Mean Z*:       -0.00000
      E*x (       -0.00000        0.00000       -0.00000 )
      E*y (        0.00000        0.00000        0.00000 )
      E*z (       -0.00000        0.00000        0.00000 )
           atom    2  Si    Mean Z*:        0.00000
      E*x (        0.00000       -0.00000        0.00000 )
      E*y (       -0.00000       -0.00000       -0.00000 )
      E*z (        0.00000       -0.00000        0.00000 )

          Effective charges (d P / du) in cartesian axis 

           atom      1Si    
      Px  (       -0.00467        0.00000        0.00000 )
      Py  (       -0.00000       -0.00467        0.00000 )
      Pz  (        0.00000       -0.00000       -0.00467 )
           atom      2Si    
      Px  (       -0.00467        0.00000       -0.00000 )
      Py  (       -0.00000       -0.00467        0.00000 )
      Pz  (        0.00000        0.00000       -0.00467 )

     Diagonalizing the dynamical matrix

     q = (    0.000000000   0.000000000   0.000000000 ) 

 **************************************************************************
     freq (    1) =       0.474701 [THz] =      15.834328 [cm-1]
     freq (    2) =       0.474701 [THz] =      15.834328 [cm-1]
     freq (    3) =       0.474701 [THz] =      15.834328 [cm-1]
     freq (    4) =      15.331096 [THz] =     511.390303 [cm-1]
     freq (    5) =      15.331096 [THz] =     511.390303 [cm-1]
     freq (    6) =      15.331096 [THz] =     511.390303 [cm-1]
 **************************************************************************

     Mode symmetry, O_h (m-3m)  point group:

     freq (   1-   3) =         15.8  [cm-1]   --> T_1u G_15  G_4- I  
     freq (   4-   6) =        511.4  [cm-1]   --> T_2g G_25' G_5+ R  

     Calculation of q =    0.3535534  -0.3535534   0.3535534
 
     Parallelization info
     --------------------
     sticks:   dense  smooth     PW     G-vecs:    dense   smooth      PW
     Min          61      61     21                 1078     1078     223
     Max          62      62     22                 1079     1079     226
     Sum         733     733    253                12939    12939    2685
 
     Using Slab Decomposition
 

     Title: 
     Si                                                                         


     bravais-lattice index     =            0
     lattice parameter (alat)  =       7.2571  a.u.
     unit-cell volume          =     270.2564 (a.u.)^3
     number of atoms/cell      =            2
     number of atomic types    =            1
     number of electrons       =         8.00
     number of Kohn-Sham states=            4
     kinetic-energy cutoff     =      50.0000  Ry
     charge density cutoff     =     200.0000  Ry
     Exchange-correlation= PBE
                           (   1   4   3   4   0   0   0)

     celldm(1)=   7.257109  celldm(2)=   0.000000  celldm(3)=   0.000000
     celldm(4)=   0.000000  celldm(5)=   0.000000  celldm(6)=   0.000000

     crystal axes: (cart. coord. in units of alat)
               a(1) = (  -0.707107   0.000000   0.707107 )  
               a(2) = (   0.000000   0.707107   0.707107 )  
               a(3) = (  -0.707107   0.707107   0.000000 )  

     reciprocal axes: (cart. coord. in units 2 pi/alat)
               b(1) = ( -0.707107 -0.707107  0.707107 )  
               b(2) = (  0.707107  0.707107  0.707107 )  
               b(3) = ( -0.707107  0.707107 -0.707107 )  


     PseudoPot. # 1 for Si read from file:
     ../../../pseudopotentzialak/Si_NC_PBE.upf
     MD5 check sum: 2f548285ada518390005852429903be6
     Pseudo is Norm-conserving, Zval =  4.0
     Generated using FHI98PP, converted with fhi2upf.x v.5.0.2
     Using radial grid of  495 points,  3 beta functions with: 
                l(1) =   0
                l(2) =   1
                l(3) =   3

     atomic species   valence    mass     pseudopotential
     Si                4.00    28.08600     Si( 1.00)

     48 Sym. Ops., with inversion, found



   Cartesian axes

     site n.     atom                  positions (alat units)
         1        Si     tau(   1) = (   0.0000000   0.0000000   0.0000000  )
         2        Si     tau(   2) = (  -0.3535534   0.3535534   0.3535534  )

     number of k points=   378

     Number of k-points >= 100: set verbosity='high' to print them.

     Dense  grid:    12939 G-vectors     FFT dimensions: (  36,  36,  36)

     Estimated max dynamical RAM per process >       1.09 MB

     Estimated total dynamical RAM >      13.04 MB

     The potential is recalculated from file :
     ./tmp/_ph0/si.save/charge-density

     Starting wfcs are   32 atomic wfcs

     Band Structure Calculation
     Davidson diagonalization with overlap

     ethr =  1.25E-10,  avg # of iterations =  9.7

     total cpu time spent up to now is        4.6 secs

     End of band structure calculation

     Number of k-points >= 100: set verbosity='high' to print the bands.

     highest occupied level (ev):     6.2210

     Writing config to output data dir ./tmp/_ph0/si.save/ :
     XML data file

     Si                                                                         

     bravais-lattice index     =            0
     lattice parameter (alat)  =       7.2571  a.u.
     unit-cell volume          =     270.2564 (a.u.)^3
     number of atoms/cell      =            2
     number of atomic types    =            1
     kinetic-energy cut-off    =      50.0000  Ry
     charge density cut-off    =     200.0000  Ry
     convergence threshold     =      1.0E-12
     beta                      =       0.7000
     number of iterations used =            4
     Exchange-correlation= PBE
                           (   1   4   3   4   0   0   0)


     celldm(1)=    7.25711  celldm(2)=    0.00000  celldm(3)=    0.00000
     celldm(4)=    0.00000  celldm(5)=    0.00000  celldm(6)=    0.00000

     crystal axes: (cart. coord. in units of alat)
               a(1) = ( -0.7071  0.0000  0.7071 )  
               a(2) = (  0.0000  0.7071  0.7071 )  
               a(3) = ( -0.7071  0.7071  0.0000 )  

     reciprocal axes: (cart. coord. in units 2 pi/alat)
               b(1) = ( -0.7071 -0.7071  0.7071 )  
               b(2) = (  0.7071  0.7071  0.7071 )  
               b(3) = ( -0.7071  0.7071 -0.7071 )  


     Atoms inside the unit cell: 

     Cartesian axes

     site n.  atom      mass           positions (alat units)
        1  Si     28.0860   tau(    1) = (    0.00000    0.00000    0.00000  )
        2  Si     28.0860   tau(    2) = (   -0.35355    0.35355    0.35355  )

     Computing dynamical matrix for 
                    q = (   0.3535534  -0.3535534   0.3535534 )
 
     13 Sym.Ops. (with q -> -q+G )


     G cutoff =  266.8072  (   1078 G-vectors)     FFT grid: ( 36, 36, 36)
     number of k points=   378

     PseudoPot. # 1 for Si read from file:
     ../../../pseudopotentzialak/Si_NC_PBE.upf
     MD5 check sum: 2f548285ada518390005852429903be6
     Pseudo is Norm-conserving, Zval =  4.0
     Generated using FHI98PP, converted with fhi2upf.x v.5.0.2
     Using radial grid of  495 points,  3 beta functions with: 
                l(1) =   0
                l(2) =   1
                l(3) =   3


     Atomic displacements:
     There are    4 irreducible representations

     Representation     1      1 modes -  To be done

     Representation     2      1 modes -  To be done

     Representation     3      2 modes -  To be done

     Representation     4      2 modes -  To be done


     Message from routine init_vloc:
     Interpolation table for Vloc re-allocated

     Alpha used in Ewald sum =   2.1000
     PHONON       :     30.48s CPU     33.32s WALL



     Representation #   1 mode #   1

     Self-consistent Calculation

      iter #   1 total cpu time :    34.3 secs   av.it.:   5.0
      thresh= 1.000E-02 alpha_mix =  0.700 |ddv_scf|^2 =  3.939E-06

      iter #   2 total cpu time :    35.6 secs   av.it.:   8.8
      thresh= 1.985E-04 alpha_mix =  0.700 |ddv_scf|^2 =  3.243E-06

      iter #   3 total cpu time :    36.9 secs   av.it.:   8.2
      thresh= 1.801E-04 alpha_mix =  0.700 |ddv_scf|^2 =  1.455E-09

      iter #   4 total cpu time :    38.2 secs   av.it.:   8.6
      thresh= 3.815E-06 alpha_mix =  0.700 |ddv_scf|^2 =  2.058E-11

      iter #   5 total cpu time :    39.6 secs   av.it.:   8.3
      thresh= 4.537E-07 alpha_mix =  0.700 |ddv_scf|^2 =  2.016E-13

     End of self-consistent calculation

     Convergence has been achieved 


     Representation #   2 mode #   2

     Self-consistent Calculation

      iter #   1 total cpu time :    40.6 secs   av.it.:   5.9
      thresh= 1.000E-02 alpha_mix =  0.700 |ddv_scf|^2 =  6.466E-05

      iter #   2 total cpu time :    42.0 secs   av.it.:   8.9
      thresh= 8.041E-04 alpha_mix =  0.700 |ddv_scf|^2 =  2.058E-04

      iter #   3 total cpu time :    43.3 secs   av.it.:   8.0
      thresh= 1.435E-03 alpha_mix =  0.700 |ddv_scf|^2 =  9.040E-09

      iter #   4 total cpu time :    44.6 secs   av.it.:   8.9
      thresh= 9.508E-06 alpha_mix =  0.700 |ddv_scf|^2 =  4.671E-10

      iter #   5 total cpu time :    46.0 secs   av.it.:   8.9
      thresh= 2.161E-06 alpha_mix =  0.700 |ddv_scf|^2 =  5.562E-11

      iter #   6 total cpu time :    47.3 secs   av.it.:   8.6
      thresh= 7.458E-07 alpha_mix =  0.700 |ddv_scf|^2 =  6.794E-14

     End of self-consistent calculation

     Convergence has been achieved 


     Representation #   3 modes #   3   4

     Self-consistent Calculation

      iter #   1 total cpu time :    49.3 secs   av.it.:   5.3
      thresh= 1.000E-02 alpha_mix =  0.700 |ddv_scf|^2 =  1.907E-07

      iter #   2 total cpu time :    52.3 secs   av.it.:  10.1
      thresh= 4.366E-05 alpha_mix =  0.700 |ddv_scf|^2 =  1.585E-08

      iter #   3 total cpu time :    55.1 secs   av.it.:   9.9
      thresh= 1.259E-05 alpha_mix =  0.700 |ddv_scf|^2 =  1.914E-10

      iter #   4 total cpu time :    57.9 secs   av.it.:   9.3
      thresh= 1.384E-06 alpha_mix =  0.700 |ddv_scf|^2 =  2.760E-13

     End of self-consistent calculation

     Convergence has been achieved 


     Representation #   4 modes #   5   6

     Self-consistent Calculation

      iter #   1 total cpu time :    59.7 secs   av.it.:   4.8
      thresh= 1.000E-02 alpha_mix =  0.700 |ddv_scf|^2 =  2.420E-08

      iter #   2 total cpu time :    62.7 secs   av.it.:  10.0
      thresh= 1.556E-05 alpha_mix =  0.700 |ddv_scf|^2 =  9.948E-10

      iter #   3 total cpu time :    65.5 secs   av.it.:   9.5
      thresh= 3.154E-06 alpha_mix =  0.700 |ddv_scf|^2 =  1.189E-10

      iter #   4 total cpu time :    68.3 secs   av.it.:   9.3
      thresh= 1.091E-06 alpha_mix =  0.700 |ddv_scf|^2 =  1.692E-13

     End of self-consistent calculation

     Convergence has been achieved 
 
     Number of q in the star =    4
     List of q in the star:
          1   0.353553391  -0.353553391   0.353553391
          2   0.353553391   0.353553391  -0.353553391
          3  -0.353553391  -0.353553391  -0.353553391
          4   0.353553391  -0.353553391  -0.353553391

     Diagonalizing the dynamical matrix

     q = (    0.353553391  -0.353553391   0.353553391 ) 

 **************************************************************************
     freq (    1) =       3.265163 [THz] =     108.914101 [cm-1]
     freq (    2) =       3.265163 [THz] =     108.914101 [cm-1]
     freq (    3) =      11.175993 [THz] =     372.791010 [cm-1]
     freq (    4) =      12.309138 [THz] =     410.588639 [cm-1]
     freq (    5) =      14.606115 [THz] =     487.207552 [cm-1]
     freq (    6) =      14.606115 [THz] =     487.207552 [cm-1]
 **************************************************************************

     Calculation of q =    0.0000000  -0.7071068   0.0000000
 
     Parallelization info
     --------------------
     sticks:   dense  smooth     PW     G-vecs:    dense   smooth      PW
     Min          61      61     21                 1078     1078     223
     Max          62      62     22                 1079     1079     226
     Sum         733     733    253                12939    12939    2685
 
     Using Slab Decomposition
 

     Title: 
     Si                                                                         


     bravais-lattice index     =            0
     lattice parameter (alat)  =       7.2571  a.u.
     unit-cell volume          =     270.2564 (a.u.)^3
     number of atoms/cell      =            2
     number of atomic types    =            1
     number of electrons       =         8.00
     number of Kohn-Sham states=            4
     kinetic-energy cutoff     =      50.0000  Ry
     charge density cutoff     =     200.0000  Ry
     Exchange-correlation= PBE
                           (   1   4   3   4   0   0   0)

     celldm(1)=   7.257109  celldm(2)=   0.000000  celldm(3)=   0.000000
     celldm(4)=   0.000000  celldm(5)=   0.000000  celldm(6)=   0.000000

     crystal axes: (cart. coord. in units of alat)
               a(1) = (  -0.707107   0.000000   0.707107 )  
               a(2) = (   0.000000   0.707107   0.707107 )  
               a(3) = (  -0.707107   0.707107   0.000000 )  

     reciprocal axes: (cart. coord. in units 2 pi/alat)
               b(1) = ( -0.707107 -0.707107  0.707107 )  
               b(2) = (  0.707107  0.707107  0.707107 )  
               b(3) = ( -0.707107  0.707107 -0.707107 )  


     PseudoPot. # 1 for Si read from file:
     ../../../pseudopotentzialak/Si_NC_PBE.upf
     MD5 check sum: 2f548285ada518390005852429903be6
     Pseudo is Norm-conserving, Zval =  4.0
     Generated using FHI98PP, converted with fhi2upf.x v.5.0.2
     Using radial grid of  495 points,  3 beta functions with: 
                l(1) =   0
                l(2) =   1
                l(3) =   3

     atomic species   valence    mass     pseudopotential
     Si                4.00    28.08600     Si( 1.00)

     48 Sym. Ops., with inversion, found



   Cartesian axes

     site n.     atom                  positions (alat units)
         1        Si     tau(   1) = (   0.0000000   0.0000000   0.0000000  )
         2        Si     tau(   2) = (  -0.3535534   0.3535534   0.3535534  )

     number of k points=   326

     Number of k-points >= 100: set verbosity='high' to print them.

     Dense  grid:    12939 G-vectors     FFT dimensions: (  36,  36,  36)

     Estimated max dynamical RAM per process >       1.09 MB

     Estimated total dynamical RAM >      13.07 MB

     The potential is recalculated from file :
     ./tmp/_ph0/si.save/charge-density

     Starting wfcs are   32 atomic wfcs

     Band Structure Calculation
     Davidson diagonalization with overlap

     ethr =  1.25E-10,  avg # of iterations =  9.7

     total cpu time spent up to now is        8.6 secs

     End of band structure calculation

     Number of k-points >= 100: set verbosity='high' to print the bands.

     highest occupied level (ev):     6.2210

     Writing config to output data dir ./tmp/_ph0/si.save/ :
     XML data file

     Si                                                                         

     bravais-lattice index     =            0
     lattice parameter (alat)  =       7.2571  a.u.
     unit-cell volume          =     270.2564 (a.u.)^3
     number of atoms/cell      =            2
     number of atomic types    =            1
     kinetic-energy cut-off    =      50.0000  Ry
     charge density cut-off    =     200.0000  Ry
     convergence threshold     =      1.0E-12
     beta                      =       0.7000
     number of iterations used =            4
     Exchange-correlation= PBE
                           (   1   4   3   4   0   0   0)


     celldm(1)=    7.25711  celldm(2)=    0.00000  celldm(3)=    0.00000
     celldm(4)=    0.00000  celldm(5)=    0.00000  celldm(6)=    0.00000

     crystal axes: (cart. coord. in units of alat)
               a(1) = ( -0.7071  0.0000  0.7071 )  
               a(2) = (  0.0000  0.7071  0.7071 )  
               a(3) = ( -0.7071  0.7071  0.0000 )  

     reciprocal axes: (cart. coord. in units 2 pi/alat)
               b(1) = ( -0.7071 -0.7071  0.7071 )  
               b(2) = (  0.7071  0.7071  0.7071 )  
               b(3) = ( -0.7071  0.7071 -0.7071 )  


     Atoms inside the unit cell: 

     Cartesian axes

     site n.  atom      mass           positions (alat units)
        1  Si     28.0860   tau(    1) = (    0.00000    0.00000    0.00000  )
        2  Si     28.0860   tau(    2) = (   -0.35355    0.35355    0.35355  )

     Computing dynamical matrix for 
                    q = (   0.0000000  -0.7071068   0.0000000 )
 
     17 Sym.Ops. (with q -> -q+G )


     G cutoff =  266.8072  (   1078 G-vectors)     FFT grid: ( 36, 36, 36)
     number of k points=   326

     PseudoPot. # 1 for Si read from file:
     ../../../pseudopotentzialak/Si_NC_PBE.upf
     MD5 check sum: 2f548285ada518390005852429903be6
     Pseudo is Norm-conserving, Zval =  4.0
     Generated using FHI98PP, converted with fhi2upf.x v.5.0.2
     Using radial grid of  495 points,  3 beta functions with: 
                l(1) =   0
                l(2) =   1
                l(3) =   3


     Atomic displacements:
     There are    3 irreducible representations

     Representation     1      2 modes -  To be done

     Representation     2      2 modes -  To be done

     Representation     3      2 modes -  To be done



     Alpha used in Ewald sum =   2.1000
     PHONON       :   1m 6.01s CPU   1m12.41s WALL



     Representation #   1 modes #   1   2

     Self-consistent Calculation

      iter #   1 total cpu time :    74.0 secs   av.it.:   4.5
      thresh= 1.000E-02 alpha_mix =  0.700 |ddv_scf|^2 =  5.585E-09

      iter #   2 total cpu time :    76.5 secs   av.it.:   9.6
      thresh= 7.473E-06 alpha_mix =  0.700 |ddv_scf|^2 =  6.851E-10

      iter #   3 total cpu time :    79.0 secs   av.it.:   9.3
      thresh= 2.617E-06 alpha_mix =  0.700 |ddv_scf|^2 =  9.823E-12

      iter #   4 total cpu time :    81.5 secs   av.it.:   9.5
      thresh= 3.134E-07 alpha_mix =  0.700 |ddv_scf|^2 =  6.641E-14

     End of self-consistent calculation

     Convergence has been achieved 


     Representation #   2 modes #   3   4

     Self-consistent Calculation

      iter #   1 total cpu time :    83.3 secs   av.it.:   5.6
      thresh= 1.000E-02 alpha_mix =  0.700 |ddv_scf|^2 =  3.060E-06

      iter #   2 total cpu time :    85.9 secs   av.it.:   9.6
      thresh= 1.749E-04 alpha_mix =  0.700 |ddv_scf|^2 =  4.127E-06

      iter #   3 total cpu time :    88.3 secs   av.it.:   8.9
      thresh= 2.032E-04 alpha_mix =  0.700 |ddv_scf|^2 =  1.193E-09

      iter #   4 total cpu time :    90.8 secs   av.it.:   9.4
      thresh= 3.454E-06 alpha_mix =  0.700 |ddv_scf|^2 =  8.339E-11

      iter #   5 total cpu time :    93.2 secs   av.it.:   9.2
      thresh= 9.132E-07 alpha_mix =  0.700 |ddv_scf|^2 =  5.075E-13

     End of self-consistent calculation

     Convergence has been achieved 


     Representation #   3 modes #   5   6

     Self-consistent Calculation

      iter #   1 total cpu time :    95.0 secs   av.it.:   5.7
      thresh= 1.000E-02 alpha_mix =  0.700 |ddv_scf|^2 =  6.438E-07

      iter #   2 total cpu time :    97.7 secs   av.it.:  10.0
      thresh= 8.024E-05 alpha_mix =  0.700 |ddv_scf|^2 =  1.759E-07

      iter #   3 total cpu time :   100.2 secs   av.it.:   9.7
      thresh= 4.194E-05 alpha_mix =  0.700 |ddv_scf|^2 =  2.576E-10

      iter #   4 total cpu time :   102.7 secs   av.it.:   9.3
      thresh= 1.605E-06 alpha_mix =  0.700 |ddv_scf|^2 =  5.571E-13

     End of self-consistent calculation

     Convergence has been achieved 
 
     Number of q in the star =    3
     List of q in the star:
          1   0.000000000  -0.707106781   0.000000000
          2  -0.707106781   0.000000000   0.000000000
          3   0.000000000   0.000000000   0.707106781

     Diagonalizing the dynamical matrix

     q = (    0.000000000  -0.707106781   0.000000000 ) 

 **************************************************************************
     freq (    1) =       4.252057 [THz] =     141.833369 [cm-1]
     freq (    2) =       4.252057 [THz] =     141.833369 [cm-1]
     freq (    3) =      12.229030 [THz] =     407.916534 [cm-1]
     freq (    4) =      12.229030 [THz] =     407.916534 [cm-1]
     freq (    5) =      13.741901 [THz] =     458.380471 [cm-1]
     freq (    6) =      13.741901 [THz] =     458.380471 [cm-1]
 **************************************************************************
 
     init_run     :      0.03s CPU      0.03s WALL (       2 calls)
     electrons    :      7.86s CPU      8.57s WALL (       2 calls)

     Called by init_run:
     wfcinit      :      0.00s CPU      0.00s WALL (       2 calls)
     potinit      :      0.01s CPU      0.01s WALL (       2 calls)
     hinit0       :      0.01s CPU      0.01s WALL (       2 calls)

     Called by electrons:
     c_bands      :      7.86s CPU      8.57s WALL (       2 calls)
     v_of_rho     :      0.01s CPU      0.01s WALL (       3 calls)

     Called by c_bands:
     init_us_2    :      0.67s CPU      0.77s WALL (   11408 calls)
     cegterg      :      4.68s CPU      5.03s WALL (     704 calls)

     Called by *egterg:
     cdiaghg      :      0.65s CPU      0.70s WALL (    7528 calls)
     h_psi        :     59.70s CPU     65.62s WALL (  131499 calls)
     g_psi        :      0.02s CPU      0.02s WALL (    6824 calls)

     Called by h_psi:
     h_psi:calbec :      5.21s CPU      5.71s WALL (  131499 calls)
     vloc_psi     :     52.42s CPU     57.65s WALL (  131499 calls)
     add_vuspsi   :      1.25s CPU      1.38s WALL (  131499 calls)

     General routines
     calbec       :      5.33s CPU      5.87s WALL (  146131 calls)
     fft          :      0.40s CPU      0.61s WALL (    1054 calls)
     ffts         :      0.27s CPU      0.30s WALL (    3030 calls)
     fftw         :     56.56s CPU     62.54s WALL ( 1193200 calls)
     davcio       :      1.22s CPU      1.43s WALL (   59244 calls)
 
     Parallel routines
 
     PHONON       :   1m33.42s CPU   1m42.74s WALL

     INITIALIZATION: 
     phq_setup    :      0.02s CPU      0.03s WALL (       3 calls)
     phq_init     :      0.20s CPU      0.21s WALL (       3 calls)
 
     phq_init     :      0.20s CPU      0.21s WALL (       3 calls)
     init_vloc    :      0.00s CPU      0.00s WALL (       3 calls)
     init_us_1    :      0.00s CPU      0.00s WALL (       3 calls)
     init_us_2    :      0.67s CPU      0.77s WALL (   11408 calls)
 
     DYNAMICAL MATRIX:
     dynmat0      :      0.13s CPU      0.13s WALL (       3 calls)
     dynmat_us    :      0.12s CPU      0.13s WALL (       3 calls)
     d2ionq       :      0.00s CPU      0.00s WALL (       3 calls)
     phqscf       :     73.54s CPU     80.95s WALL (       3 calls)
     dynmatrix    :      0.00s CPU      0.00s WALL (       3 calls)
 
     phqscf       :     73.54s CPU     80.95s WALL (       3 calls)
     solve_linter :     73.17s CPU     80.53s WALL (       9 calls)
     sth_kernel   :     72.55s CPU     80.25s WALL (      45 calls)
     h_prec       :      0.25s CPU      0.29s WALL (    6862 calls)
     apply_dpot_b :      4.62s CPU      5.23s WALL (    9389 calls)
     ortho        :      0.48s CPU      0.54s WALL (   12365 calls)
     cgsolve      :     61.67s CPU     67.83s WALL (   12365 calls)
     incdrhoscf   :      6.05s CPU      6.89s WALL (   12149 calls)
                                        0.00s GPU  (   12149 calls)
     dv_of_drho   :      0.43s CPU      0.63s WALL (      92 calls)
     mix_pot      :      0.03s CPU      0.05s WALL (      45 calls)
     drhodv       :      0.35s CPU      0.39s WALL (       9 calls)
     psymdvscf    :      7.30s CPU      7.35s WALL (      45 calls)
     com_dvloc    :      0.35s CPU      0.39s WALL (    3030 calls)
                                        0.00s GPU  (    3030 calls)
     addcore      :      0.00s CPU      0.00s WALL (      77 calls)
                                        0.00s GPU  (      77 calls)
 
     dvqpsi_us    :      1.91s CPU      2.12s WALL (    2976 calls)
                                        0.00s GPU  (    2976 calls)
     dvqpsi_us_on :      0.27s CPU      0.30s WALL (    2976 calls)
 
     add_vuspsi   :      1.25s CPU      1.38s WALL (  131499 calls)
 
 
      General routines
     calbec       :      5.33s CPU      5.87s WALL (  146131 calls)
     fft          :      0.40s CPU      0.61s WALL (    1054 calls)
     ffts         :      0.27s CPU      0.30s WALL (    3030 calls)
     fftw         :     56.56s CPU     62.54s WALL ( 1193200 calls)
     davcio       :      1.22s CPU      1.43s WALL (   59244 calls)
     write_rec    :      0.02s CPU      0.04s WALL (      54 calls)
 
      Additional routines
     ch_psi       :     58.14s CPU     63.93s WALL (  123267 calls)
     last         :      3.61s CPU      3.96s WALL (  123267 calls)
     Hesh         :      0.24s CPU      0.27s WALL (  123267 calls)
     ch_psi_all_k :      3.03s CPU      3.34s WALL (  123267 calls)
                                        0.00s GPU  (  123267 calls)
     h_psi_bgrp   :     59.90s CPU     65.83s WALL (  131499 calls)
     h_psi        :     59.70s CPU     65.62s WALL (  131499 calls)
     h_psi:pot    :     59.32s CPU     65.20s WALL (  131499 calls)
     h_psi:calbec :      5.21s CPU      5.71s WALL (  131499 calls)
     s_psi_bgrp   :      0.32s CPU      0.35s WALL (  258899 calls)
 
 
     PHONON       :   1m33.42s CPU   1m42.74s WALL

 
   This run was terminated on:   9:46:58  14Jun2026            

=------------------------------------------------------------------------------=
   JOB DONE.
=------------------------------------------------------------------------------=
