
     Program Q2R v.7.4 starts on 26Apr2026 at 10: 4:55 

     This program is part of the open-source Quantum ESPRESSO suite
     for quantum simulation of materials; please cite
         "P. Giannozzi et al., J. Phys.:Condens. Matter 21 395502 (2009);
         "P. Giannozzi et al., J. Phys.:Condens. Matter 29 465901 (2017);
         "P. Giannozzi et al., J. Chem. Phys. 152 154105 (2020);
          URL http://www.quantum-espresso.org", 
     in publications or presentations arising from this work. More details at
     http://www.quantum-espresso.org/quote

     Parallel version (MPI), running on    12 processors

     MPI processes distributed on     1 nodes
     R & G space division:  proc/nbgrp/npool/nimage =      12
     54580 MiB available memory on the printing compute node when the environment starts
 

  reading grid info from file si.dyn0    

  reading force constants from file si.dyn1
 macroscopic fields = T
  13.34771   0.00000   0.00000
   0.00000  13.34771   0.00000
   0.00000   0.00000  13.34771
  na=            1
  -0.00857   0.00000   0.00000
   0.00000  -0.00857   0.00000
   0.00000   0.00000  -0.00857
  na=            2
  -0.00857   0.00000   0.00000
   0.00000  -0.00857   0.00000
   0.00000   0.00000  -0.00857
  Norm of the difference between old and new effective charges:    0.02098654828968203601
  alpha Ewald:    1.31581582081108     
  nqs=            1
 q=   0.00000000  0.00000000  0.00000000
  reading force constants from file si.dyn2
  alpha Ewald:    1.31581582081108     
  nqs=            4
 q=   0.35355339 -0.35355339  0.35355339
 q=   0.35355339  0.35355339 -0.35355339
 q=  -0.35355339 -0.35355339 -0.35355339
 q=   0.35355339 -0.35355339 -0.35355339
  reading force constants from file si.dyn3
  alpha Ewald:    1.31581582081108     
  nqs=            3
 q=   0.00000000 -0.70710678  0.00000000
 q=  -0.70710678  0.00000000  0.00000000
 q=   0.00000000  0.00000000  0.70710678

      q-space grid ok, #points =    8

      fft-check success (sum of imaginary terms < 10^-12)
 
     Q2R          :      0.00s CPU      0.01s WALL

 
   This run was terminated on:  10: 4:55  26Apr2026            

=------------------------------------------------------------------------------=
   JOB DONE.
=------------------------------------------------------------------------------=
