
     Program PHONON v.7.4 starts on 19May2026 at 17:29:11 

     This program is part of the open-source Quantum ESPRESSO suite
     for quantum simulation of materials; please cite
         "P. Giannozzi et al., J. Phys.:Condens. Matter 21 395502 (2009);
         "P. Giannozzi et al., J. Phys.:Condens. Matter 29 465901 (2017);
         "P. Giannozzi et al., J. Chem. Phys. 152 154105 (2020);
          URL http://www.quantum-espresso.org", 
     in publications or presentations arising from this work. More details at
     http://www.quantum-espresso.org/quote

     Parallel version (MPI), running on    12 processors

     MPI processes distributed on     1 nodes
     130933 MiB available memory on the printing compute node when the environment starts
 
     Reading input from c.ph.in

     Reading xml data from directory:

     ./tmp/graphene.save/
 
     R & G space division:  proc/nbgrp/npool/nimage =      12
     Subspace diagonalization in iterative solution of the eigenvalue problem:
     a serial algorithm will be used

read_pp_mesh; mismatch in mesh size, discarding the one in header

     IMPORTANT: XC functional enforced from input :
     Exchange-correlation= PW
                           (   1   4   0   0   0   0   0)
     Any further DFT definition will be discarded
     Please, verify this is what you really want

 
     Parallelization info
     --------------------
     sticks:   dense  smooth     PW     G-vecs:    dense   smooth      PW
     Min          49      49     14                 7111     7111    1110
     Max          50      50     15                 7132     7132    1134
     Sum         595     595    169                85433    85433   13473
 
     Using Slab Decomposition
 
 ----2D----2D----2D----2D----2D----2D----2D----2D----2D----2D----2D----2D
  The code is running with the 2D cutoff
  Please refer to:
  Sohier, T., Calandra, M., & Mauri, F. (2017), 
  Density functional perturbation theory for gated two-dimensional heterostructu
 res:
  Theoretical developments and application to flexural phonons in graphene.
  Physical Review B, 96(7), 75448. https://doi.org/10.1103/PhysRevB.96.075448
 ----2D----2D----2D----2D----2D----2D----2D----2D----2D----2D----2D----2D

     Check: negative core charge=   -0.000011

     negative rho (up, down):  4.548E-05 0.000E+00
     Reading collected, re-writing distributed wavefunctions in ./tmp/


     Dynamical matrices for ( 2, 2, 1)  uniform grid of q-points
     (   2 q-points):
       N         xq(1)         xq(2)         xq(3) 
       1   0.000000000   0.000000000   0.000000000
       2   0.000000000  -0.577350269   0.000000000

     Number and degeneracy of irreps per q-point
       N         xq(1)         xq(2)         xq(3)   N irreps
       1   0.000000000   0.000000000   0.000000000       4
        1   2   1   2
       2   0.000000000  -0.577350269   0.000000000       6
     No degeneracy

     Calculation of q =    0.0000000   0.0000000   0.0000000

     Phonon graphene                                                            

     bravais-lattice index     =            0
     lattice parameter (alat)  =       4.6588  a.u.
     unit-cell volume          =     632.2598 (a.u.)^3
     number of atoms/cell      =            2
     number of atomic types    =            1
     kinetic-energy cut-off    =     100.0000  Ry
     charge density cut-off    =     400.0000  Ry
     convergence threshold     =      1.0E-14
     beta                      =       0.7000
     number of iterations used =            4
     Exchange-correlation= PW
                           (   1   4   0   0   0   0   0)


     celldm(1)=    4.65879  celldm(2)=    0.00000  celldm(3)=    0.00000
     celldm(4)=    0.00000  celldm(5)=    0.00000  celldm(6)=    0.00000

     crystal axes: (cart. coord. in units of alat)
               a(1) = (  1.0000  0.0000  0.0000 )  
               a(2) = ( -0.5000  0.8660  0.0000 )  
               a(3) = (  0.0000  0.0000  7.2201 )  

     reciprocal axes: (cart. coord. in units 2 pi/alat)
               b(1) = (  1.0000  0.5774  0.0000 )  
               b(2) = (  0.0000  1.1547  0.0000 )  
               b(3) = (  0.0000  0.0000  0.1385 )  


     Atoms inside the unit cell: 

     Cartesian axes

     site n.  atom      mass           positions (alat units)
        1  C      12.0107   tau(    1) = (   -0.00000    0.57735    3.61007  )
        2  C      12.0107   tau(    2) = (    0.50000    0.28868    3.61007  )

     Computing dynamical matrix for 
                    q = (   0.0000000   0.0000000   0.0000000 )
 
     25 Sym.Ops. (with q -> -q+G )


     G cutoff =  219.9107  (   7111 G-vectors)     FFT grid: ( 30, 30,216)

     number of k points=    80  Marzari-Vanderbilt smearing, width (Ry)=  0.0200

     PseudoPot. # 1 for C  read from file:
     ../../../pseudopotentzialak/C.upf
     MD5 check sum: 1b594deb0bcc8b4bffb8cfaf75c62b92
     Pseudo is Projector augmented-wave + core cor, Zval =  4.0
     Generated using ATOMPAW code
     Shape of augmentation charge: SINC**2
     Using radial grid of 2342 points,  4 beta functions with: 
                l(1) =   0
                l(2) =   0
                l(3) =   1
                l(4) =   1
     Q(r) pseudized with 0 coefficients 


     Mode symmetry, D_6h(6/mmm) point group:


     Atomic displacements:
     There are    4 irreducible representations

     Representation     1      1 modes -  To be done

     Representation     2      2 modes -  To be done

     Representation     3      1 modes -  To be done

     Representation     4      2 modes -  To be done



     Alpha used in Ewald sum =   2.8000

     negative rho (up, down):  4.548E-05 0.000E+00
     PHONON       :      0.51s CPU      0.57s WALL



     Representation #   1 mode #   1

     Self-consistent Calculation
 
     Pert. #  1: Fermi energy shift (Ry) =     0.0000E+00     0.0000E+00

      iter #   1 total cpu time :     1.1 secs   av.it.:   3.9
      thresh= 1.000E-02 alpha_mix =  0.700 |ddv_scf|^2 =  2.926E-06
 
     Pert. #  1: Fermi energy shift (Ry) =     0.0000E+00     0.0000E+00

      iter #   2 total cpu time :     1.7 secs   av.it.:   6.5
      thresh= 1.710E-04 alpha_mix =  0.700 |ddv_scf|^2 =  2.634E-07
 
     Pert. #  1: Fermi energy shift (Ry) =     0.0000E+00     0.0000E+00

      iter #   3 total cpu time :     2.2 secs   av.it.:   5.7
      thresh= 5.132E-05 alpha_mix =  0.700 |ddv_scf|^2 =  1.221E-12
 
     Pert. #  1: Fermi energy shift (Ry) =     0.0000E+00     0.0000E+00

      iter #   4 total cpu time :     2.9 secs   av.it.:   9.3
      thresh= 1.105E-07 alpha_mix =  0.700 |ddv_scf|^2 =  5.726E-15

     End of self-consistent calculation

     Convergence has been achieved 


     Representation #   2 modes #   2   3

     Self-consistent Calculation
 
     Pert. #  1: Fermi energy shift (Ry) =     1.1565E-18     2.7551E-40
     Pert. #  2: Fermi energy shift (Ry) =     6.9389E-18    -1.8367E-40

      iter #   1 total cpu time :     4.1 secs   av.it.:   5.0
      thresh= 1.000E-02 alpha_mix =  0.700 |ddv_scf|^2 =  3.020E-06
 
     Pert. #  1: Fermi energy shift (Ry) =     9.8301E-18     2.9387E-39
     Pert. #  2: Fermi energy shift (Ry) =    -4.0477E-18    -2.4489E-39

      iter #   2 total cpu time :     5.4 secs   av.it.:   8.2
      thresh= 1.738E-04 alpha_mix =  0.700 |ddv_scf|^2 =  2.710E-07
 
     Pert. #  1: Fermi energy shift (Ry) =     5.7824E-18     1.2245E-40
     Pert. #  2: Fermi energy shift (Ry) =    -2.8912E-18    -6.1224E-41

      iter #   3 total cpu time :     6.5 secs   av.it.:   6.4
      thresh= 5.206E-05 alpha_mix =  0.700 |ddv_scf|^2 =  3.321E-12
 
     Pert. #  1: Fermi energy shift (Ry) =     2.3130E-18    -2.1428E-40
     Pert. #  2: Fermi energy shift (Ry) =    -9.8301E-18    -3.6734E-40

      iter #   4 total cpu time :     8.0 secs   av.it.:  10.4
      thresh= 1.822E-07 alpha_mix =  0.700 |ddv_scf|^2 =  4.472E-15

     End of self-consistent calculation

     Convergence has been achieved 


     Representation #   3 mode #   4

     Self-consistent Calculation
 
     Pert. #  1: Fermi energy shift (Ry) =    -4.4116E-24     0.0000E+00

      iter #   1 total cpu time :     8.7 secs   av.it.:   5.9
      thresh= 1.000E-02 alpha_mix =  0.700 |ddv_scf|^2 =  2.086E-04
 
     Pert. #  1: Fermi energy shift (Ry) =     0.0000E+00    -2.4489E-40

      iter #   2 total cpu time :     9.4 secs   av.it.:   8.1
      thresh= 1.444E-03 alpha_mix =  0.700 |ddv_scf|^2 =  3.063E-04
 
     Pert. #  1: Fermi energy shift (Ry) =     2.2058E-24     4.8979E-40

      iter #   3 total cpu time :    10.0 secs   av.it.:   7.5
      thresh= 1.750E-03 alpha_mix =  0.700 |ddv_scf|^2 =  1.262E-06
 
     Pert. #  1: Fermi energy shift (Ry) =    -2.2058E-24    -4.8979E-40

      iter #   4 total cpu time :    10.5 secs   av.it.:   5.7
      thresh= 1.123E-04 alpha_mix =  0.700 |ddv_scf|^2 =  3.896E-09
 
     Pert. #  1: Fermi energy shift (Ry) =    -2.2058E-24    -4.8979E-40

      iter #   5 total cpu time :    11.1 secs   av.it.:   7.1
      thresh= 6.242E-06 alpha_mix =  0.700 |ddv_scf|^2 =  9.520E-11
 
     Pert. #  1: Fermi energy shift (Ry) =     2.2058E-24    -4.8979E-40

      iter #   6 total cpu time :    11.7 secs   av.it.:   7.3
      thresh= 9.757E-07 alpha_mix =  0.700 |ddv_scf|^2 =  8.881E-14
 
     Pert. #  1: Fermi energy shift (Ry) =     2.2058E-24    -4.8979E-40

      iter #   7 total cpu time :    12.3 secs   av.it.:   7.5
      thresh= 2.980E-08 alpha_mix =  0.700 |ddv_scf|^2 =  5.941E-16

     End of self-consistent calculation

     Convergence has been achieved 


     Representation #   4 modes #   5   6

     Self-consistent Calculation
 
     Pert. #  1: Fermi energy shift (Ry) =     8.2718E-25    -8.0247E-36
     Pert. #  2: Fermi energy shift (Ry) =     5.5145E-25     8.0247E-36

      iter #   1 total cpu time :    13.5 secs   av.it.:   4.7
      thresh= 1.000E-02 alpha_mix =  0.700 |ddv_scf|^2 =  1.996E-06
 
     Pert. #  1: Fermi energy shift (Ry) =     5.5145E-25    -9.4040E-38
     Pert. #  2: Fermi energy shift (Ry) =    -8.2718E-25    -6.2693E-38

      iter #   2 total cpu time :    14.6 secs   av.it.:   7.3
      thresh= 1.413E-04 alpha_mix =  0.700 |ddv_scf|^2 =  1.793E-07
 
     Pert. #  1: Fermi energy shift (Ry) =    -1.3786E-25     0.0000E+00
     Pert. #  2: Fermi energy shift (Ry) =     0.0000E+00    -3.1347E-38

      iter #   3 total cpu time :    15.8 secs   av.it.:   6.8
      thresh= 4.235E-05 alpha_mix =  0.700 |ddv_scf|^2 =  1.066E-12
 
     Pert. #  1: Fermi energy shift (Ry) =     4.1359E-25    -1.1755E-38
     Pert. #  2: Fermi energy shift (Ry) =     0.0000E+00     0.0000E+00

      iter #   4 total cpu time :    17.3 secs   av.it.:  10.4
      thresh= 1.032E-07 alpha_mix =  0.700 |ddv_scf|^2 =  9.624E-15

     End of self-consistent calculation

     Convergence has been achieved 
 
     Number of q in the star =    1
     List of q in the star:
          1   0.000000000   0.000000000   0.000000000

     Diagonalizing the dynamical matrix

     q = (    0.000000000   0.000000000   0.000000000 ) 

 **************************************************************************
     freq (    1) =      -2.599075 [THz] =     -86.695807 [cm-1]
     freq (    2) =      -1.253136 [THz] =     -41.800125 [cm-1]
     freq (    3) =      -1.253136 [THz] =     -41.800125 [cm-1]
     freq (    4) =      27.056727 [THz] =     902.515283 [cm-1]
     freq (    5) =      46.318998 [THz] =    1545.035465 [cm-1]
     freq (    6) =      46.318998 [THz] =    1545.035465 [cm-1]
 **************************************************************************

     Mode symmetry, D_6h(6/mmm) point group:

     freq (   1-   1) =        -86.7  [cm-1]   --> A_2u            I  
     freq (   2-   3) =        -41.8  [cm-1]   --> E_1u            I  
     freq (   4-   4) =        902.5  [cm-1]   --> B_1g               
     freq (   5-   6) =       1545.0  [cm-1]   --> E_2g            R  

     Calculation of q =    0.0000000  -0.5773503   0.0000000
 
     Parallelization info
     --------------------
     sticks:   dense  smooth     PW     G-vecs:    dense   smooth      PW
     Min          49      49     16                 7111     7111    1368
     Max          50      50     17                 7132     7132    1399
     Sum         595     595    199                85433    85433   16629
 
     Using Slab Decomposition
 

     Title: 
     Phonon graphene                                                            


     bravais-lattice index     =            0
     lattice parameter (alat)  =       4.6588  a.u.
     unit-cell volume          =     632.2598 (a.u.)^3
     number of atoms/cell      =            2
     number of atomic types    =            1
     number of electrons       =         8.00
     number of Kohn-Sham states=            8
     kinetic-energy cutoff     =     100.0000  Ry
     charge density cutoff     =     400.0000  Ry
     Exchange-correlation= PW
                           (   1   4   0   0   0   0   0)

     celldm(1)=   4.658789  celldm(2)=   0.000000  celldm(3)=   0.000000
     celldm(4)=   0.000000  celldm(5)=   0.000000  celldm(6)=   0.000000

     crystal axes: (cart. coord. in units of alat)
               a(1) = (   1.000000   0.000000   0.000000 )  
               a(2) = (  -0.500000   0.866025   0.000000 )  
               a(3) = (   0.000000   0.000000   7.220143 )  

     reciprocal axes: (cart. coord. in units 2 pi/alat)
               b(1) = (  1.000000  0.577350  0.000000 )  
               b(2) = (  0.000000  1.154701  0.000000 )  
               b(3) = (  0.000000  0.000000  0.138501 )  


     PseudoPot. # 1 for C  read from file:
     ../../../pseudopotentzialak/C.upf
     MD5 check sum: 1b594deb0bcc8b4bffb8cfaf75c62b92
     Pseudo is Projector augmented-wave + core cor, Zval =  4.0
     Generated using ATOMPAW code
     Shape of augmentation charge: SINC**2
     Using radial grid of 2342 points,  4 beta functions with: 
                l(1) =   0
                l(2) =   0
                l(3) =   1
                l(4) =   1
     Q(r) pseudized with 0 coefficients 


     atomic species   valence    mass     pseudopotential
     C                 4.00    12.01070     C ( 1.00)

     24 Sym. Ops., with inversion, found



   Cartesian axes

     site n.     atom                  positions (alat units)
         1        C      tau(   1) = (  -0.0000000   0.5773503   3.6100717  )
         2        C      tau(   2) = (   0.5000000   0.2886751   3.6100717  )

     number of k points=   422  Marzari-Vanderbilt smearing, width (Ry)=  0.0200

     Number of k-points >= 100: set verbosity='high' to print them.

     Dense  grid:    85433 G-vectors     FFT dimensions: (  30,  30, 216)

     Estimated max dynamical RAM per process >       7.81 MB

     Estimated total dynamical RAM >      93.69 MB
 ----2D----2D----2D----2D----2D----2D----2D----2D----2D----2D----2D----2D
  The code is running with the 2D cutoff
  Please refer to:
  Sohier, T., Calandra, M., & Mauri, F. (2017), 
  Density functional perturbation theory for gated two-dimensional heterostructu
 res:
  Theoretical developments and application to flexural phonons in graphene.
  Physical Review B, 96(7), 75448. https://doi.org/10.1103/PhysRevB.96.075448
 ----2D----2D----2D----2D----2D----2D----2D----2D----2D----2D----2D----2D

     Check: negative core charge=   -0.000011

     The potential is recalculated from file :
     ./tmp/_ph0/graphene.q_2/graphene.save/charge-density


     negative rho (up, down):  4.548E-05 0.000E+00
     Starting wfcs are   16 atomic wfcs
     Checking if some PAW data can be deallocated... 

     Band Structure Calculation
     Davidson diagonalization with overlap

     ethr =  1.25E-10,  avg # of iterations = 25.1

     total cpu time spent up to now is       11.1 secs

     End of band structure calculation

     Number of k-points >= 100: set verbosity='high' to print the bands.

     the Fermi energy is    -4.6898 ev

     Writing config to output data dir ./tmp/_ph0/graphene.q_2/graphene.save/ :
     XML data file

     Phonon graphene                                                            

     bravais-lattice index     =            0
     lattice parameter (alat)  =       4.6588  a.u.
     unit-cell volume          =     632.2598 (a.u.)^3
     number of atoms/cell      =            2
     number of atomic types    =            1
     kinetic-energy cut-off    =     100.0000  Ry
     charge density cut-off    =     400.0000  Ry
     convergence threshold     =      1.0E-14
     beta                      =       0.7000
     number of iterations used =            4
     Exchange-correlation= PW
                           (   1   4   0   0   0   0   0)


     celldm(1)=    4.65879  celldm(2)=    0.00000  celldm(3)=    0.00000
     celldm(4)=    0.00000  celldm(5)=    0.00000  celldm(6)=    0.00000

     crystal axes: (cart. coord. in units of alat)
               a(1) = (  1.0000  0.0000  0.0000 )  
               a(2) = ( -0.5000  0.8660  0.0000 )  
               a(3) = (  0.0000  0.0000  7.2201 )  

     reciprocal axes: (cart. coord. in units 2 pi/alat)
               b(1) = (  1.0000  0.5774  0.0000 )  
               b(2) = (  0.0000  1.1547  0.0000 )  
               b(3) = (  0.0000  0.0000  0.1385 )  


     Atoms inside the unit cell: 

     Cartesian axes

     site n.  atom      mass           positions (alat units)
        1  C      12.0107   tau(    1) = (   -0.00000    0.57735    3.61007  )
        2  C      12.0107   tau(    2) = (    0.50000    0.28868    3.61007  )

     Computing dynamical matrix for 
                    q = (   0.0000000  -0.5773503   0.0000000 )
 
      9 Sym.Ops. (with q -> -q+G )


     G cutoff =  219.9107  (   7111 G-vectors)     FFT grid: ( 30, 30,216)

     number of k points=   422  Marzari-Vanderbilt smearing, width (Ry)=  0.0200

     PseudoPot. # 1 for C  read from file:
     ../../../pseudopotentzialak/C.upf
     MD5 check sum: 1b594deb0bcc8b4bffb8cfaf75c62b92
     Pseudo is Projector augmented-wave + core cor, Zval =  4.0
     Generated using ATOMPAW code
     Shape of augmentation charge: SINC**2
     Using radial grid of 2342 points,  4 beta functions with: 
                l(1) =   0
                l(2) =   0
                l(3) =   1
                l(4) =   1
     Q(r) pseudized with 0 coefficients 


     Mode symmetry, D_2h (mmm)  point group:


     Atomic displacements:
     There are    6 irreducible representations

     Representation     1      1 modes -  To be done

     Representation     2      1 modes -  To be done

     Representation     3      1 modes -  To be done

     Representation     4      1 modes -  To be done

     Representation     5      1 modes -  To be done

     Representation     6      1 modes -  To be done


     Message from routine init_vloc:
     Interpolation table for Vloc re-allocated

     Alpha used in Ewald sum =   2.8000

     negative rho (up, down):  4.548E-05 0.000E+00
     PHONON       :     28.22s CPU     29.32s WALL



     Representation #   1 mode #   1

     Self-consistent Calculation

      iter #   1 total cpu time :    30.8 secs   av.it.:   5.9
      thresh= 1.000E-02 alpha_mix =  0.700 |ddv_scf|^2 =  1.004E-05

      iter #   2 total cpu time :    32.6 secs   av.it.:   9.2
      thresh= 3.168E-04 alpha_mix =  0.700 |ddv_scf|^2 =  3.184E-06

      iter #   3 total cpu time :    34.3 secs   av.it.:   9.4
      thresh= 1.784E-04 alpha_mix =  0.700 |ddv_scf|^2 =  9.308E-07

      iter #   4 total cpu time :    36.0 secs   av.it.:   9.2
      thresh= 9.648E-05 alpha_mix =  0.700 |ddv_scf|^2 =  3.924E-09

      iter #   5 total cpu time :    37.8 secs   av.it.:   9.4
      thresh= 6.264E-06 alpha_mix =  0.700 |ddv_scf|^2 =  4.477E-14

      iter #   6 total cpu time :    39.6 secs   av.it.:   9.9
      thresh= 2.116E-08 alpha_mix =  0.700 |ddv_scf|^2 =  4.496E-15

     End of self-consistent calculation

     Convergence has been achieved 


     Representation #   2 mode #   2

     Self-consistent Calculation

      iter #   1 total cpu time :    40.8 secs   av.it.:   4.0
      thresh= 1.000E-02 alpha_mix =  0.700 |ddv_scf|^2 =  1.184E-05

      iter #   2 total cpu time :    42.0 secs   av.it.:   5.5
      thresh= 3.441E-04 alpha_mix =  0.700 |ddv_scf|^2 =  1.066E-06

      iter #   3 total cpu time :    43.2 secs   av.it.:   5.1
      thresh= 1.032E-04 alpha_mix =  0.700 |ddv_scf|^2 =  3.825E-13

      iter #   4 total cpu time :    45.1 secs   av.it.:   9.5
      thresh= 6.184E-08 alpha_mix =  0.700 |ddv_scf|^2 =  2.591E-14

      iter #   5 total cpu time :    46.8 secs   av.it.:   9.0
      thresh= 1.610E-08 alpha_mix =  0.700 |ddv_scf|^2 =  2.997E-17

     End of self-consistent calculation

     Convergence has been achieved 


     Representation #   3 mode #   3

     Self-consistent Calculation

      iter #   1 total cpu time :    48.3 secs   av.it.:   5.7
      thresh= 1.000E-02 alpha_mix =  0.700 |ddv_scf|^2 =  2.732E-05

      iter #   2 total cpu time :    49.8 secs   av.it.:   7.5
      thresh= 5.227E-04 alpha_mix =  0.700 |ddv_scf|^2 =  2.450E-06

      iter #   3 total cpu time :    51.2 secs   av.it.:   7.1
      thresh= 1.565E-04 alpha_mix =  0.700 |ddv_scf|^2 =  1.432E-09

      iter #   4 total cpu time :    53.0 secs   av.it.:   9.7
      thresh= 3.784E-06 alpha_mix =  0.700 |ddv_scf|^2 =  1.871E-13

      iter #   5 total cpu time :    54.8 secs   av.it.:   9.6
      thresh= 4.326E-08 alpha_mix =  0.700 |ddv_scf|^2 =  9.839E-15

     End of self-consistent calculation

     Convergence has been achieved 


     Representation #   4 mode #   4

     Self-consistent Calculation

      iter #   1 total cpu time :    56.2 secs   av.it.:   5.1
      thresh= 1.000E-02 alpha_mix =  0.700 |ddv_scf|^2 =  1.219E-05

      iter #   2 total cpu time :    57.6 secs   av.it.:   7.3
      thresh= 3.491E-04 alpha_mix =  0.700 |ddv_scf|^2 =  1.094E-06

      iter #   3 total cpu time :    58.9 secs   av.it.:   6.0
      thresh= 1.046E-04 alpha_mix =  0.700 |ddv_scf|^2 =  1.147E-11

      iter #   4 total cpu time :    61.0 secs   av.it.:   9.5
      thresh= 3.387E-07 alpha_mix =  0.700 |ddv_scf|^2 =  7.167E-14

      iter #   5 total cpu time :    62.9 secs   av.it.:   9.5
      thresh= 2.677E-08 alpha_mix =  0.700 |ddv_scf|^2 =  5.379E-16

     End of self-consistent calculation

     Convergence has been achieved 


     Representation #   5 mode #   5

     Self-consistent Calculation

      iter #   1 total cpu time :    64.4 secs   av.it.:   5.1
      thresh= 1.000E-02 alpha_mix =  0.700 |ddv_scf|^2 =  8.719E-06

      iter #   2 total cpu time :    66.0 secs   av.it.:   7.8
      thresh= 2.953E-04 alpha_mix =  0.700 |ddv_scf|^2 =  7.729E-07

      iter #   3 total cpu time :    67.5 secs   av.it.:   7.0
      thresh= 8.792E-05 alpha_mix =  0.700 |ddv_scf|^2 =  3.637E-10

      iter #   4 total cpu time :    69.3 secs   av.it.:   9.6
      thresh= 1.907E-06 alpha_mix =  0.700 |ddv_scf|^2 =  4.739E-14

      iter #   5 total cpu time :    71.2 secs   av.it.:   9.5
      thresh= 2.177E-08 alpha_mix =  0.700 |ddv_scf|^2 =  1.203E-15

     End of self-consistent calculation

     Convergence has been achieved 


     Representation #   6 mode #   6

     Self-consistent Calculation

      iter #   1 total cpu time :    72.9 secs   av.it.:   5.3
      thresh= 1.000E-02 alpha_mix =  0.700 |ddv_scf|^2 =  1.693E-05

      iter #   2 total cpu time :    74.8 secs   av.it.:   8.6
      thresh= 4.115E-04 alpha_mix =  0.700 |ddv_scf|^2 =  3.721E-06

      iter #   3 total cpu time :    77.0 secs   av.it.:   9.6
      thresh= 1.929E-04 alpha_mix =  0.700 |ddv_scf|^2 =  3.375E-06

      iter #   4 total cpu time :    79.1 secs   av.it.:   9.1
      thresh= 1.837E-04 alpha_mix =  0.700 |ddv_scf|^2 =  1.232E-11

      iter #   5 total cpu time :    81.1 secs   av.it.:   9.3
      thresh= 3.509E-07 alpha_mix =  0.700 |ddv_scf|^2 =  3.769E-13

      iter #   6 total cpu time :    83.2 secs   av.it.:   9.3
      thresh= 6.140E-08 alpha_mix =  0.700 |ddv_scf|^2 =  2.334E-16

     End of self-consistent calculation

     Convergence has been achieved 
 
     Number of q in the star =    3
     List of q in the star:
          1   0.000000000  -0.577350269   0.000000000
          2   0.500000000   0.288675135   0.000000000
          3  -0.500000000   0.288675135   0.000000000

     Diagonalizing the dynamical matrix

     q = (    0.000000000  -0.577350269   0.000000000 ) 

 **************************************************************************
     freq (    1) =      14.338675 [THz] =     478.286724 [cm-1]
     freq (    2) =      18.663082 [THz] =     622.533400 [cm-1]
     freq (    3) =      19.535368 [THz] =     651.629731 [cm-1]
     freq (    4) =      39.582814 [THz] =    1320.340550 [cm-1]
     freq (    5) =      39.786797 [THz] =    1327.144692 [cm-1]
     freq (    6) =      41.294016 [THz] =    1377.420107 [cm-1]
 **************************************************************************

     Mode symmetry, D_2h (mmm)  point group:

     freq (   1-   1) =        478.3  [cm-1]   --> B_2g               
     freq (   2-   2) =        622.5  [cm-1]   --> B_1g               
     freq (   3-   3) =        651.6  [cm-1]   --> B_1u               
     freq (   4-   4) =       1320.3  [cm-1]   --> B_3u               
     freq (   5-   5) =       1327.1  [cm-1]   --> A_g                
     freq (   6-   6) =       1377.4  [cm-1]   --> B_2u               
 
     init_run     :      0.07s CPU      0.07s WALL (       1 calls)
     electrons    :     10.79s CPU     11.05s WALL (       1 calls)

     Called by init_run:
     wfcinit      :      0.00s CPU      0.00s WALL (       1 calls)
     potinit      :      0.00s CPU      0.00s WALL (       1 calls)
     hinit0       :      0.01s CPU      0.01s WALL (       1 calls)

     Called by electrons:
     c_bands      :     10.78s CPU     11.05s WALL (       1 calls)
     v_of_rho     :      0.00s CPU      0.00s WALL (       2 calls)
     newd         :      0.00s CPU      0.01s WALL (       2 calls)
     PAW_pot      :      0.01s CPU      0.01s WALL (       2 calls)

     Called by c_bands:
     init_us_2    :      0.69s CPU      0.75s WALL (   13270 calls)
     cegterg      :      9.66s CPU      9.88s WALL (     778 calls)

     Called by *egterg:
     cdiaghg      :      0.86s CPU      0.88s WALL (   10994 calls)
     h_psi        :     50.13s CPU     51.73s WALL (   96577 calls)
     s_psi        :      1.80s CPU      1.87s WALL (  190294 calls)
     g_psi        :      0.06s CPU      0.06s WALL (   10572 calls)

     Called by h_psi:
     h_psi:calbec :      1.87s CPU      1.92s WALL (   96577 calls)
     vloc_psi     :     46.84s CPU     48.34s WALL (   96577 calls)
     add_vuspsi   :      0.92s CPU      0.95s WALL (   96577 calls)

     General routines
     calbec       :      3.85s CPU      4.02s WALL (  212010 calls)
     fft          :      0.06s CPU      0.07s WALL (     524 calls)
     ffts         :      0.29s CPU      0.30s WALL (    3106 calls)
     fftw         :     50.87s CPU     52.93s WALL (  864376 calls)
     davcio       :      0.96s CPU      1.10s WALL (   49109 calls)
 
     Parallel routines
 
     PHONON       :   1m19.89s CPU   1m23.23s WALL

     INITIALIZATION: 
     phq_setup    :      0.00s CPU      0.00s WALL (       2 calls)
     phq_init     :      1.15s CPU      1.20s WALL (       2 calls)
 
     phq_init     :      1.15s CPU      1.20s WALL (       2 calls)
     set_drhoc    :      0.00s CPU      0.00s WALL (       6 calls)
     init_vloc    :      0.00s CPU      0.00s WALL (       2 calls)
     init_us_1    :      0.01s CPU      0.01s WALL (       2 calls)
     init_us_2    :      0.69s CPU      0.75s WALL (   13270 calls)
     newd         :      0.00s CPU      0.01s WALL (       2 calls)
     dvanqq       :      0.04s CPU      0.04s WALL (       2 calls)
     drho         :      0.97s CPU      1.01s WALL (       2 calls)
     drhous       :      0.87s CPU      0.90s WALL (       2 calls)
     nldyntot     :      0.01s CPU      0.01s WALL (       2 calls)
 
     DYNAMICAL MATRIX:
     dynmat0      :      0.08s CPU      0.09s WALL (       2 calls)
     dynmat_us    :      0.08s CPU      0.09s WALL (       2 calls)
     addusdynmat  :      0.00s CPU      0.00s WALL (       2 calls)
     d2ionq       :      0.00s CPU      0.00s WALL (       2 calls)
     dynmatcc     :      0.00s CPU      0.00s WALL (       2 calls)
     phqscf       :     67.68s CPU     70.65s WALL (       2 calls)
     dynmatrix    :      0.00s CPU      0.00s WALL (       2 calls)
 
     phqscf       :     67.68s CPU     70.65s WALL (       2 calls)
     solve_linter :     67.34s CPU     70.27s WALL (      10 calls)
     sth_kernel   :     61.05s CPU     63.71s WALL (      51 calls)
     h_prec       :      0.11s CPU      0.12s WALL (    8272 calls)
     apply_dpot_b :      4.00s CPU      4.38s WALL (    7166 calls)
     ortho        :      0.69s CPU      0.76s WALL (    8912 calls)
     cgsolve      :     49.07s CPU     50.71s WALL (    8912 calls)
     incdrhoscf   :      5.65s CPU      6.04s WALL (    8912 calls)
                                        0.00s GPU  (    8912 calls)
     addusddens   :      0.23s CPU      0.23s WALL (      61 calls)
     dv_of_drho   :      0.02s CPU      0.02s WALL (      59 calls)
     mix_pot      :      0.02s CPU      0.04s WALL (      51 calls)
     ef_shift     :      0.01s CPU      0.01s WALL (      19 calls)
     ef_shift_wfc :      0.00s CPU      0.02s WALL (       4 calls)
     localdos     :      0.17s CPU      0.18s WALL (       4 calls)
     drhodv       :      0.34s CPU      0.37s WALL (      10 calls)
     psymdvscf    :      2.66s CPU      2.70s WALL (      51 calls)
     newdq        :      0.20s CPU      0.21s WALL (      51 calls)
     adddvscf     :      0.20s CPU      0.22s WALL (    7166 calls)
     com_dvloc    :      0.29s CPU      0.31s WALL (    1818 calls)
                                        0.00s GPU  (    1818 calls)
     addcore      :      0.02s CPU      0.03s WALL (     143 calls)
                                        0.00s GPU  (     143 calls)
     drhodvus     :      0.00s CPU      0.00s WALL (      10 calls)
 
     dvqpsi_us    :      2.37s CPU      2.51s WALL (    1746 calls)
                                        0.00s GPU  (    1746 calls)
     dvqpsi_us_on :      0.21s CPU      0.22s WALL (    1746 calls)
 
     add_vuspsi   :      0.92s CPU      0.95s WALL (   96577 calls)
     addusdbec    :      0.37s CPU      0.39s WALL (   10658 calls)
 
     drhodvus     :      0.00s CPU      0.00s WALL (      10 calls)
 
      General routines
     calbec       :      3.85s CPU      4.02s WALL (  212010 calls)
     fft          :      0.06s CPU      0.07s WALL (     524 calls)
     ffts         :      0.29s CPU      0.30s WALL (    3106 calls)
     fftw         :     50.87s CPU     52.93s WALL (  864376 calls)
     davcio       :      0.96s CPU      1.10s WALL (   49109 calls)
     write_rec    :      0.02s CPU      0.03s WALL (      61 calls)
 
      Additional routines
     ch_psi       :     47.53s CPU     49.11s WALL (   84805 calls)
     last         :      4.18s CPU      4.31s WALL (   84805 calls)
     Hesh         :      0.23s CPU      0.24s WALL (   84805 calls)
     ch_psi_all_k :      3.79s CPU      3.92s WALL (   84805 calls)
                                        0.00s GPU  (   84805 calls)
     ch_psi_calbe :      1.31s CPU      1.35s WALL (   84805 calls)
                                        0.00s GPU  (   84805 calls)
     h_psi_bgrp   :     50.23s CPU     51.84s WALL (   96577 calls)
     h_psi        :     50.13s CPU     51.73s WALL (   96577 calls)
     h_psi:pot    :     49.84s CPU     51.42s WALL (   96577 calls)
     h_psi:calbec :      1.87s CPU      1.92s WALL (   96577 calls)
     s_psi_bgrp   :      2.23s CPU      2.31s WALL (  190294 calls)
     s_psi        :      1.80s CPU      1.87s WALL (  190294 calls)
 
 
     PHONON       :   1m19.89s CPU   1m23.23s WALL

 
   This run was terminated on:  17:30:34  19May2026            

=------------------------------------------------------------------------------=
   JOB DONE.
=------------------------------------------------------------------------------=
