
     Program PHONON v.7.4 starts on  1May2026 at 12:44:21 

     This program is part of the open-source Quantum ESPRESSO suite
     for quantum simulation of materials; please cite
         "P. Giannozzi et al., J. Phys.:Condens. Matter 21 395502 (2009);
         "P. Giannozzi et al., J. Phys.:Condens. Matter 29 465901 (2017);
         "P. Giannozzi et al., J. Chem. Phys. 152 154105 (2020);
          URL http://www.quantum-espresso.org", 
     in publications or presentations arising from this work. More details at
     http://www.quantum-espresso.org/quote

     Parallel version (MPI), running on    12 processors

     MPI processes distributed on     1 nodes
     94888 MiB available memory on the printing compute node when the environment starts
 
     Reading input from si.ph.in

     Reading xml data from directory:

     ./tmp/si.save/
 
     R & G space division:  proc/nbgrp/npool/nimage =      12
     Subspace diagonalization in iterative solution of the eigenvalue problem:
     a serial algorithm will be used


     IMPORTANT: XC functional enforced from input :
     Exchange-correlation= PW
                           (   1   4   0   0   0   0   0)
     Any further DFT definition will be discarded
     Please, verify this is what you really want

 
     Parallelization info
     --------------------
     sticks:   dense  smooth     PW     G-vecs:    dense   smooth      PW
     Min          41      41     13                  614      614     113
     Max          42      42     14                  618      618     115
     Sum         499     499    163                 7391     7391    1363
 
     Using Slab Decomposition
 
     Reading collected, re-writing distributed wavefunctions in ./tmp/


     Dynamical matrices for ( 3, 3, 3)  uniform grid of q-points
     (   4 q-points):
       N         xq(1)         xq(2)         xq(3) 
       1   0.000000000   0.000000000   0.000000000
       2  -0.235702260   0.235702260  -0.235702260
       3   0.000000000   0.471404521   0.000000000
       4   0.471404521  -0.000000000   0.471404521

     Number and degeneracy of irreps per q-point
       N         xq(1)         xq(2)         xq(3)   N irreps
       1   0.000000000   0.000000000   0.000000000       2
        3   3
       2  -0.235702260   0.235702260  -0.235702260       4
        1   1   2   2
       3   0.000000000   0.471404521   0.000000000       4
        1   1   2   2
       4   0.471404521  -0.000000000   0.471404521       6
     No degeneracy

     Calculation of q =    0.0000000   0.0000000   0.0000000

     Si                                                                         

     bravais-lattice index     =            0
     lattice parameter (alat)  =       7.2074  a.u.
     unit-cell volume          =     264.7386 (a.u.)^3
     number of atoms/cell      =            2
     number of atomic types    =            1
     kinetic-energy cut-off    =      35.0000  Ry
     charge density cut-off    =     140.0000  Ry
     convergence threshold     =      1.0E-12
     beta                      =       0.7000
     number of iterations used =            4
     Exchange-correlation= PW
                           (   1   4   0   0   0   0   0)


     celldm(1)=    7.20738  celldm(2)=    0.00000  celldm(3)=    0.00000
     celldm(4)=    0.00000  celldm(5)=    0.00000  celldm(6)=    0.00000

     crystal axes: (cart. coord. in units of alat)
               a(1) = ( -0.7071  0.0000  0.7071 )  
               a(2) = (  0.0000  0.7071  0.7071 )  
               a(3) = ( -0.7071  0.7071  0.0000 )  

     reciprocal axes: (cart. coord. in units 2 pi/alat)
               b(1) = ( -0.7071 -0.7071  0.7071 )  
               b(2) = (  0.7071  0.7071  0.7071 )  
               b(3) = ( -0.7071  0.7071 -0.7071 )  


     Atoms inside the unit cell: 

     Cartesian axes

     site n.  atom      mass           positions (alat units)
        1  Si     28.0860   tau(    1) = (    0.00000    0.00000    0.00000  )
        2  Si     28.0860   tau(    2) = (   -0.35355    0.35355    0.35355  )

     Computing dynamical matrix for 
                    q = (   0.0000000   0.0000000   0.0000000 )
 
     49 Sym.Ops. (with q -> -q+G )


     G cutoff =  184.2142  (    618 G-vectors)     FFT grid: ( 32, 32, 32)
     number of k points=    72

     PseudoPot. # 1 for Si read from file:
     ./Si.upf
     MD5 check sum: 9e2d726316af3d4752eea8ab0afbb951
     Pseudo is Norm-conserving + core correction, Zval =  4.0
     Generated using ONCVPSP code by D. R. Hamann
     Using radial grid of 1510 points,  6 beta functions with: 
                l(1) =   0
                l(2) =   0
                l(3) =   1
                l(4) =   1
                l(5) =   2
                l(6) =   2

     Mode symmetry, O_h (m-3m)  point group:


     Electric field:
     Dielectric constant
     Born effective charges in two ways 


     Atomic displacements:
     There are    2 irreducible representations

     Representation     1      3 modes -  To be done

     Representation     2      3 modes -  To be done



     Alpha used in Ewald sum =   1.5000
     PHONON       :      0.08s CPU      0.09s WALL


     Electric Fields Calculation

      iter #   1 total cpu time :     1.2 secs   av.it.:   6.7
      thresh= 1.000E-02 alpha_mix =  0.700 |ddv_scf|^2 =  3.555E-07

      iter #   2 total cpu time :     1.8 secs   av.it.:  11.0
      thresh= 5.963E-05 alpha_mix =  0.700 |ddv_scf|^2 =  1.526E-08

      iter #   3 total cpu time :     2.3 secs   av.it.:  10.8
      thresh= 1.235E-05 alpha_mix =  0.700 |ddv_scf|^2 =  1.720E-10

      iter #   4 total cpu time :     2.9 secs   av.it.:  11.2
      thresh= 1.312E-06 alpha_mix =  0.700 |ddv_scf|^2 =  1.018E-12

      iter #   5 total cpu time :     3.4 secs   av.it.:  10.4
      thresh= 1.009E-07 alpha_mix =  0.700 |ddv_scf|^2 =  3.595E-16

     End of electric fields calculation

          Dielectric constant in cartesian axis 

          (      13.347712485      -0.000000000       0.000000000 )
          (      -0.000000000      13.347712485       0.000000000 )
          (       0.000000000       0.000000000      13.347712485 )

          Effective charges (d Force / dE) in cartesian axis without acoustic sum rule applied (asr)

           atom    1  Si    Mean Z*:       -0.00857
      Ex  (       -0.00857        0.00000        0.00000 )
      Ey  (        0.00000       -0.00857       -0.00000 )
      Ez  (       -0.00000       -0.00000       -0.00857 )
           atom    2  Si    Mean Z*:       -0.00857
      Ex  (       -0.00857        0.00000       -0.00000 )
      Ey  (       -0.00000       -0.00857       -0.00000 )
      Ez  (        0.00000       -0.00000       -0.00857 )

          Effective charges Sum: Mean:       -0.01714
             -0.01714       -0.00000        0.00000
              0.00000       -0.01714       -0.00000
             -0.00000       -0.00000       -0.01714

          Effective charges (d Force / dE) in cartesian axis with asr applied: 
           atom    1  Si    Mean Z*:       -0.00000
      E*x (        0.00000       -0.00000        0.00000 )
      E*y (        0.00000       -0.00000        0.00000 )
      E*z (       -0.00000       -0.00000        0.00000 )
           atom    2  Si    Mean Z*:        0.00000
      E*x (        0.00000        0.00000       -0.00000 )
      E*y (       -0.00000        0.00000       -0.00000 )
      E*z (        0.00000        0.00000        0.00000 )


     Representation #   1 modes #   1   2   3

     Self-consistent Calculation

      iter #   1 total cpu time :     3.9 secs   av.it.:   5.9
      thresh= 1.000E-02 alpha_mix =  0.700 |ddv_scf|^2 =  2.559E-08

      iter #   2 total cpu time :     4.4 secs   av.it.:  11.1
      thresh= 1.600E-05 alpha_mix =  0.700 |ddv_scf|^2 =  5.762E-10

      iter #   3 total cpu time :     5.0 secs   av.it.:  11.2
      thresh= 2.400E-06 alpha_mix =  0.700 |ddv_scf|^2 =  2.147E-11

      iter #   4 total cpu time :     5.5 secs   av.it.:  10.9
      thresh= 4.634E-07 alpha_mix =  0.700 |ddv_scf|^2 =  6.950E-14

     End of self-consistent calculation

     Convergence has been achieved 


     Representation #   2 modes #   4   5   6

     Self-consistent Calculation

      iter #   1 total cpu time :     5.9 secs   av.it.:   5.9
      thresh= 1.000E-02 alpha_mix =  0.700 |ddv_scf|^2 =  1.848E-08

      iter #   2 total cpu time :     6.4 secs   av.it.:  11.4
      thresh= 1.359E-05 alpha_mix =  0.700 |ddv_scf|^2 =  6.648E-10

      iter #   3 total cpu time :     6.9 secs   av.it.:  11.3
      thresh= 2.578E-06 alpha_mix =  0.700 |ddv_scf|^2 =  3.023E-11

      iter #   4 total cpu time :     7.5 secs   av.it.:  11.4
      thresh= 5.498E-07 alpha_mix =  0.700 |ddv_scf|^2 =  5.421E-14

     End of self-consistent calculation

     Convergence has been achieved 
 
     Number of q in the star =    1
     List of q in the star:
          1   0.000000000   0.000000000   0.000000000

          Dielectric constant in cartesian axis 

          (      13.347712485      -0.000000000       0.000000000 )
          (      -0.000000000      13.347712485       0.000000000 )
          (       0.000000000       0.000000000      13.347712485 )

          Effective charges (d Force / dE) in cartesian axis without acoustic sum rule applied (asr)

           atom    1  Si    Mean Z*:       -0.00857
      Ex  (       -0.00857        0.00000        0.00000 )
      Ey  (        0.00000       -0.00857       -0.00000 )
      Ez  (       -0.00000       -0.00000       -0.00857 )
           atom    2  Si    Mean Z*:       -0.00857
      Ex  (       -0.00857        0.00000       -0.00000 )
      Ey  (       -0.00000       -0.00857       -0.00000 )
      Ez  (        0.00000       -0.00000       -0.00857 )

          Effective charges Sum: Mean:       -0.01714
             -0.01714       -0.00000        0.00000
              0.00000       -0.01714       -0.00000
             -0.00000       -0.00000       -0.01714

          Effective charges (d Force / dE) in cartesian axis with asr applied: 
           atom    1  Si    Mean Z*:       -0.00000
      E*x (        0.00000       -0.00000        0.00000 )
      E*y (        0.00000       -0.00000        0.00000 )
      E*z (       -0.00000       -0.00000        0.00000 )
           atom    2  Si    Mean Z*:        0.00000
      E*x (        0.00000        0.00000       -0.00000 )
      E*y (       -0.00000        0.00000       -0.00000 )
      E*z (        0.00000        0.00000        0.00000 )

          Effective charges (d P / du) in cartesian axis 

           atom      1Si    
      Px  (       -0.00653       -0.00000       -0.00000 )
      Py  (       -0.00000       -0.00653        0.00000 )
      Pz  (       -0.00000        0.00000       -0.00653 )
           atom      2Si    
      Px  (       -0.00653       -0.00000       -0.00000 )
      Py  (       -0.00000       -0.00653        0.00000 )
      Pz  (       -0.00000        0.00000       -0.00653 )

     Diagonalizing the dynamical matrix

     q = (    0.000000000   0.000000000   0.000000000 ) 

 **************************************************************************
     freq (    1) =      -0.190258 [THz] =      -6.346327 [cm-1]
     freq (    2) =      -0.190258 [THz] =      -6.346327 [cm-1]
     freq (    3) =      -0.190258 [THz] =      -6.346327 [cm-1]
     freq (    4) =      15.397083 [THz] =     513.591414 [cm-1]
     freq (    5) =      15.397083 [THz] =     513.591414 [cm-1]
     freq (    6) =      15.397083 [THz] =     513.591414 [cm-1]
 **************************************************************************

     Mode symmetry, O_h (m-3m)  point group:

     freq (   1-   3) =         -6.3  [cm-1]   --> T_1u G_15  G_4- I  
     freq (   4-   6) =        513.6  [cm-1]   --> T_2g G_25' G_5+ R  

     Calculation of q =   -0.2357023   0.2357023  -0.2357023
 
     Parallelization info
     --------------------
     sticks:   dense  smooth     PW     G-vecs:    dense   smooth      PW
     Min          41      41     14                  614      614     121
     Max          42      42     15                  618      618     124
     Sum         499     499    169                 7391     7391    1471
 
     Using Slab Decomposition
 

     Title: 
     Si                                                                         


     bravais-lattice index     =            0
     lattice parameter (alat)  =       7.2074  a.u.
     unit-cell volume          =     264.7386 (a.u.)^3
     number of atoms/cell      =            2
     number of atomic types    =            1
     number of electrons       =         8.00
     number of Kohn-Sham states=            4
     kinetic-energy cutoff     =      35.0000  Ry
     charge density cutoff     =     140.0000  Ry
     Exchange-correlation= PW
                           (   1   4   0   0   0   0   0)

     celldm(1)=   7.207380  celldm(2)=   0.000000  celldm(3)=   0.000000
     celldm(4)=   0.000000  celldm(5)=   0.000000  celldm(6)=   0.000000

     crystal axes: (cart. coord. in units of alat)
               a(1) = (  -0.707107   0.000000   0.707107 )  
               a(2) = (   0.000000   0.707107   0.707107 )  
               a(3) = (  -0.707107   0.707107   0.000000 )  

     reciprocal axes: (cart. coord. in units 2 pi/alat)
               b(1) = ( -0.707107 -0.707107  0.707107 )  
               b(2) = (  0.707107  0.707107  0.707107 )  
               b(3) = ( -0.707107  0.707107 -0.707107 )  


     PseudoPot. # 1 for Si read from file:
     ./Si.upf
     MD5 check sum: 9e2d726316af3d4752eea8ab0afbb951
     Pseudo is Norm-conserving + core correction, Zval =  4.0
     Generated using ONCVPSP code by D. R. Hamann
     Using radial grid of 1510 points,  6 beta functions with: 
                l(1) =   0
                l(2) =   0
                l(3) =   1
                l(4) =   1
                l(5) =   2
                l(6) =   2

     atomic species   valence    mass     pseudopotential
     Si                4.00    28.08600     Si( 1.00)

     48 Sym. Ops., with inversion, found



   Cartesian axes

     site n.     atom                  positions (alat units)
         1        Si     tau(   1) = (   0.0000000   0.0000000   0.0000000  )
         2        Si     tau(   2) = (  -0.3535534   0.3535534   0.3535534  )

     number of k points=   728

     Number of k-points >= 100: set verbosity='high' to print them.

     Dense  grid:     7391 G-vectors     FFT dimensions: (  32,  32,  32)

     Estimated max dynamical RAM per process >       1.36 MB

     Estimated total dynamical RAM >      16.35 MB

     The potential is recalculated from file :
     ./tmp/_ph0/si.save/charge-density

     Starting wfcs are    8 atomic wfcs

     Band Structure Calculation
     Davidson diagonalization with overlap

     ethr =  1.25E-10,  avg # of iterations = 12.6

     total cpu time spent up to now is        2.0 secs

     End of band structure calculation

     Number of k-points >= 100: set verbosity='high' to print the bands.

     highest occupied level (ev):     6.2489

     Writing config to output data dir ./tmp/_ph0/si.save/ :
     XML data file

     Si                                                                         

     bravais-lattice index     =            0
     lattice parameter (alat)  =       7.2074  a.u.
     unit-cell volume          =     264.7386 (a.u.)^3
     number of atoms/cell      =            2
     number of atomic types    =            1
     kinetic-energy cut-off    =      35.0000  Ry
     charge density cut-off    =     140.0000  Ry
     convergence threshold     =      1.0E-12
     beta                      =       0.7000
     number of iterations used =            4
     Exchange-correlation= PW
                           (   1   4   0   0   0   0   0)


     celldm(1)=    7.20738  celldm(2)=    0.00000  celldm(3)=    0.00000
     celldm(4)=    0.00000  celldm(5)=    0.00000  celldm(6)=    0.00000

     crystal axes: (cart. coord. in units of alat)
               a(1) = ( -0.7071  0.0000  0.7071 )  
               a(2) = (  0.0000  0.7071  0.7071 )  
               a(3) = ( -0.7071  0.7071  0.0000 )  

     reciprocal axes: (cart. coord. in units 2 pi/alat)
               b(1) = ( -0.7071 -0.7071  0.7071 )  
               b(2) = (  0.7071  0.7071  0.7071 )  
               b(3) = ( -0.7071  0.7071 -0.7071 )  


     Atoms inside the unit cell: 

     Cartesian axes

     site n.  atom      mass           positions (alat units)
        1  Si     28.0860   tau(    1) = (    0.00000    0.00000    0.00000  )
        2  Si     28.0860   tau(    2) = (   -0.35355    0.35355    0.35355  )

     Computing dynamical matrix for 
                    q = (  -0.2357023   0.2357023  -0.2357023 )
 
      6 Sym.Ops. (no q -> -q+G )


     G cutoff =  184.2142  (    618 G-vectors)     FFT grid: ( 32, 32, 32)
     number of k points=   728

     PseudoPot. # 1 for Si read from file:
     ./Si.upf
     MD5 check sum: 9e2d726316af3d4752eea8ab0afbb951
     Pseudo is Norm-conserving + core correction, Zval =  4.0
     Generated using ONCVPSP code by D. R. Hamann
     Using radial grid of 1510 points,  6 beta functions with: 
                l(1) =   0
                l(2) =   0
                l(3) =   1
                l(4) =   1
                l(5) =   2
                l(6) =   2

     Mode symmetry, C_3v (3m)   point group:


     Atomic displacements:
     There are    4 irreducible representations

     Representation     1      1 modes -  To be done

     Representation     2      1 modes -  To be done

     Representation     3      2 modes -  To be done

     Representation     4      2 modes -  To be done


     Message from routine init_vloc:
     Interpolation table for Vloc re-allocated

     Alpha used in Ewald sum =   1.5000
     PHONON       :      8.80s CPU      9.60s WALL



     Representation #   1 mode #   1

     Self-consistent Calculation

      iter #   1 total cpu time :    10.2 secs   av.it.:   6.5
      thresh= 1.000E-02 alpha_mix =  0.700 |ddv_scf|^2 =  1.515E-04

      iter #   2 total cpu time :    10.9 secs   av.it.:   9.5
      thresh= 1.231E-03 alpha_mix =  0.700 |ddv_scf|^2 =  1.209E-03

      iter #   3 total cpu time :    11.5 secs   av.it.:   8.0
      thresh= 3.477E-03 alpha_mix =  0.700 |ddv_scf|^2 =  2.226E-07

      iter #   4 total cpu time :    12.3 secs   av.it.:   9.6
      thresh= 4.718E-05 alpha_mix =  0.700 |ddv_scf|^2 =  4.525E-09

      iter #   5 total cpu time :    13.0 secs   av.it.:   9.6
      thresh= 6.727E-06 alpha_mix =  0.700 |ddv_scf|^2 =  4.907E-11

      iter #   6 total cpu time :    13.8 secs   av.it.:  10.2
      thresh= 7.005E-07 alpha_mix =  0.700 |ddv_scf|^2 =  1.212E-11

      iter #   7 total cpu time :    14.6 secs   av.it.:   9.6
      thresh= 3.481E-07 alpha_mix =  0.700 |ddv_scf|^2 =  2.480E-11

      iter #   8 total cpu time :    15.2 secs   av.it.:   8.8
      thresh= 4.980E-07 alpha_mix =  0.700 |ddv_scf|^2 =  4.497E-12

      iter #   9 total cpu time :    15.9 secs   av.it.:   8.8
      thresh= 2.121E-07 alpha_mix =  0.700 |ddv_scf|^2 =  5.818E-13

     End of self-consistent calculation

     Convergence has been achieved 


     Representation #   2 mode #   2

     Self-consistent Calculation

      iter #   1 total cpu time :    16.5 secs   av.it.:   6.5
      thresh= 1.000E-02 alpha_mix =  0.700 |ddv_scf|^2 =  1.515E-04

      iter #   2 total cpu time :    17.2 secs   av.it.:   9.5
      thresh= 1.231E-03 alpha_mix =  0.700 |ddv_scf|^2 =  1.209E-03

      iter #   3 total cpu time :    17.9 secs   av.it.:   8.0
      thresh= 3.477E-03 alpha_mix =  0.700 |ddv_scf|^2 =  2.226E-07

      iter #   4 total cpu time :    18.6 secs   av.it.:   9.6
      thresh= 4.718E-05 alpha_mix =  0.700 |ddv_scf|^2 =  4.525E-09

      iter #   5 total cpu time :    19.3 secs   av.it.:   9.6
      thresh= 6.727E-06 alpha_mix =  0.700 |ddv_scf|^2 =  4.931E-11

      iter #   6 total cpu time :    20.1 secs   av.it.:  10.2
      thresh= 7.022E-07 alpha_mix =  0.700 |ddv_scf|^2 =  1.343E-11

      iter #   7 total cpu time :    20.9 secs   av.it.:   9.6
      thresh= 3.664E-07 alpha_mix =  0.700 |ddv_scf|^2 =  2.711E-11

      iter #   8 total cpu time :    21.5 secs   av.it.:   8.8
      thresh= 5.207E-07 alpha_mix =  0.700 |ddv_scf|^2 =  4.513E-12

      iter #   9 total cpu time :    22.2 secs   av.it.:   8.8
      thresh= 2.124E-07 alpha_mix =  0.700 |ddv_scf|^2 =  5.808E-13

     End of self-consistent calculation

     Convergence has been achieved 


     Representation #   3 modes #   3   4

     Self-consistent Calculation

      iter #   1 total cpu time :    23.3 secs   av.it.:   6.1
      thresh= 1.000E-02 alpha_mix =  0.700 |ddv_scf|^2 =  8.508E-08

      iter #   2 total cpu time :    24.9 secs   av.it.:  11.2
      thresh= 2.917E-05 alpha_mix =  0.700 |ddv_scf|^2 =  5.900E-09

      iter #   3 total cpu time :    26.6 secs   av.it.:  11.0
      thresh= 7.681E-06 alpha_mix =  0.700 |ddv_scf|^2 =  8.524E-11

      iter #   4 total cpu time :    28.3 secs   av.it.:  11.2
      thresh= 9.233E-07 alpha_mix =  0.700 |ddv_scf|^2 =  8.570E-13

     End of self-consistent calculation

     Convergence has been achieved 


     Representation #   4 modes #   5   6

     Self-consistent Calculation

      iter #   1 total cpu time :    29.4 secs   av.it.:   6.1
      thresh= 1.000E-02 alpha_mix =  0.700 |ddv_scf|^2 =  8.506E-08

      iter #   2 total cpu time :    31.1 secs   av.it.:  11.1
      thresh= 2.917E-05 alpha_mix =  0.700 |ddv_scf|^2 =  5.893E-09

      iter #   3 total cpu time :    32.7 secs   av.it.:  10.9
      thresh= 7.677E-06 alpha_mix =  0.700 |ddv_scf|^2 =  8.527E-11

      iter #   4 total cpu time :    34.4 secs   av.it.:  11.1
      thresh= 9.234E-07 alpha_mix =  0.700 |ddv_scf|^2 =  8.565E-13

     End of self-consistent calculation

     Convergence has been achieved 
 
     Number of q in the star =    8
     List of q in the star:
          1  -0.235702260   0.235702260  -0.235702260
          2   0.235702260   0.235702260  -0.235702260
          3   0.235702260   0.235702260   0.235702260
          4  -0.235702260   0.235702260   0.235702260
          5   0.235702260  -0.235702260   0.235702260
          6  -0.235702260  -0.235702260  -0.235702260
          7   0.235702260  -0.235702260  -0.235702260
          8  -0.235702260  -0.235702260   0.235702260

     Diagonalizing the dynamical matrix

     q = (   -0.235702260   0.235702260  -0.235702260 ) 

 **************************************************************************
     freq (    1) =       2.938640 [THz] =      98.022470 [cm-1]
     freq (    2) =       2.938640 [THz] =      98.022470 [cm-1]
     freq (    3) =       8.751710 [THz] =     291.925634 [cm-1]
     freq (    4) =      13.844197 [THz] =     461.792716 [cm-1]
     freq (    5) =      14.730459 [THz] =     491.355231 [cm-1]
     freq (    6) =      14.730459 [THz] =     491.355231 [cm-1]
 **************************************************************************

     Mode symmetry, C_3v (3m)   point group:

     freq (   1-   2) =         98.0  [cm-1]   --> E    L_3           
     freq (   3-   3) =        291.9  [cm-1]   --> A_1  L_1           
     freq (   4-   4) =        461.8  [cm-1]   --> A_1  L_1           
     freq (   5-   6) =        491.4  [cm-1]   --> E    L_3           

     Calculation of q =    0.0000000   0.4714045   0.0000000
 
     Parallelization info
     --------------------
     sticks:   dense  smooth     PW     G-vecs:    dense   smooth      PW
     Min          41      41     14                  614      614     121
     Max          42      42     15                  618      618     124
     Sum         499     499    169                 7391     7391    1471
 
     Using Slab Decomposition
 

     Title: 
     Si                                                                         


     bravais-lattice index     =            0
     lattice parameter (alat)  =       7.2074  a.u.
     unit-cell volume          =     264.7386 (a.u.)^3
     number of atoms/cell      =            2
     number of atomic types    =            1
     number of electrons       =         8.00
     number of Kohn-Sham states=            4
     kinetic-energy cutoff     =      35.0000  Ry
     charge density cutoff     =     140.0000  Ry
     Exchange-correlation= PW
                           (   1   4   0   0   0   0   0)

     celldm(1)=   7.207380  celldm(2)=   0.000000  celldm(3)=   0.000000
     celldm(4)=   0.000000  celldm(5)=   0.000000  celldm(6)=   0.000000

     crystal axes: (cart. coord. in units of alat)
               a(1) = (  -0.707107   0.000000   0.707107 )  
               a(2) = (   0.000000   0.707107   0.707107 )  
               a(3) = (  -0.707107   0.707107   0.000000 )  

     reciprocal axes: (cart. coord. in units 2 pi/alat)
               b(1) = ( -0.707107 -0.707107  0.707107 )  
               b(2) = (  0.707107  0.707107  0.707107 )  
               b(3) = ( -0.707107  0.707107 -0.707107 )  


     PseudoPot. # 1 for Si read from file:
     ./Si.upf
     MD5 check sum: 9e2d726316af3d4752eea8ab0afbb951
     Pseudo is Norm-conserving + core correction, Zval =  4.0
     Generated using ONCVPSP code by D. R. Hamann
     Using radial grid of 1510 points,  6 beta functions with: 
                l(1) =   0
                l(2) =   0
                l(3) =   1
                l(4) =   1
                l(5) =   2
                l(6) =   2

     atomic species   valence    mass     pseudopotential
     Si                4.00    28.08600     Si( 1.00)

     48 Sym. Ops., with inversion, found



   Cartesian axes

     site n.     atom                  positions (alat units)
         1        Si     tau(   1) = (   0.0000000   0.0000000   0.0000000  )
         2        Si     tau(   2) = (  -0.3535534   0.3535534   0.3535534  )

     number of k points=   588

     Number of k-points >= 100: set verbosity='high' to print them.

     Dense  grid:     7391 G-vectors     FFT dimensions: (  32,  32,  32)

     Estimated max dynamical RAM per process >       1.37 MB

     Estimated total dynamical RAM >      16.41 MB

     The potential is recalculated from file :
     ./tmp/_ph0/si.save/charge-density

     Starting wfcs are    8 atomic wfcs

     Band Structure Calculation
     Davidson diagonalization with overlap

     ethr =  1.25E-10,  avg # of iterations = 12.5

     total cpu time spent up to now is        3.6 secs

     End of band structure calculation

     Number of k-points >= 100: set verbosity='high' to print the bands.

     highest occupied level (ev):     6.2489

     Writing config to output data dir ./tmp/_ph0/si.save/ :
     XML data file

     Si                                                                         

     bravais-lattice index     =            0
     lattice parameter (alat)  =       7.2074  a.u.
     unit-cell volume          =     264.7386 (a.u.)^3
     number of atoms/cell      =            2
     number of atomic types    =            1
     kinetic-energy cut-off    =      35.0000  Ry
     charge density cut-off    =     140.0000  Ry
     convergence threshold     =      1.0E-12
     beta                      =       0.7000
     number of iterations used =            4
     Exchange-correlation= PW
                           (   1   4   0   0   0   0   0)


     celldm(1)=    7.20738  celldm(2)=    0.00000  celldm(3)=    0.00000
     celldm(4)=    0.00000  celldm(5)=    0.00000  celldm(6)=    0.00000

     crystal axes: (cart. coord. in units of alat)
               a(1) = ( -0.7071  0.0000  0.7071 )  
               a(2) = (  0.0000  0.7071  0.7071 )  
               a(3) = ( -0.7071  0.7071  0.0000 )  

     reciprocal axes: (cart. coord. in units 2 pi/alat)
               b(1) = ( -0.7071 -0.7071  0.7071 )  
               b(2) = (  0.7071  0.7071  0.7071 )  
               b(3) = ( -0.7071  0.7071 -0.7071 )  


     Atoms inside the unit cell: 

     Cartesian axes

     site n.  atom      mass           positions (alat units)
        1  Si     28.0860   tau(    1) = (    0.00000    0.00000    0.00000  )
        2  Si     28.0860   tau(    2) = (   -0.35355    0.35355    0.35355  )

     Computing dynamical matrix for 
                    q = (   0.0000000   0.4714045   0.0000000 )
 
      8 Sym.Ops. (no q -> -q+G )


     G cutoff =  184.2142  (    618 G-vectors)     FFT grid: ( 32, 32, 32)
     number of k points=   588

     PseudoPot. # 1 for Si read from file:
     ./Si.upf
     MD5 check sum: 9e2d726316af3d4752eea8ab0afbb951
     Pseudo is Norm-conserving + core correction, Zval =  4.0
     Generated using ONCVPSP code by D. R. Hamann
     Using radial grid of 1510 points,  6 beta functions with: 
                l(1) =   0
                l(2) =   0
                l(3) =   1
                l(4) =   1
                l(5) =   2
                l(6) =   2

     Mode symmetry, C_4v (4mm)  point group:


     Atomic displacements:
     There are    4 irreducible representations

     Representation     1      1 modes -  To be done

     Representation     2      1 modes -  To be done

     Representation     3      2 modes -  To be done

     Representation     4      2 modes -  To be done



     Alpha used in Ewald sum =   1.5000
     PHONON       :     32.91s CPU     36.06s WALL



     Representation #   1 mode #   1

     Self-consistent Calculation

      iter #   1 total cpu time :    36.5 secs   av.it.:   6.5
      thresh= 1.000E-02 alpha_mix =  0.700 |ddv_scf|^2 =  1.534E-04

      iter #   2 total cpu time :    37.1 secs   av.it.:   9.4
      thresh= 1.239E-03 alpha_mix =  0.700 |ddv_scf|^2 =  9.569E-04

      iter #   3 total cpu time :    37.7 secs   av.it.:   8.2
      thresh= 3.093E-03 alpha_mix =  0.700 |ddv_scf|^2 =  6.526E-09

      iter #   4 total cpu time :    38.3 secs   av.it.:   9.6
      thresh= 8.078E-06 alpha_mix =  0.700 |ddv_scf|^2 =  3.872E-10

      iter #   5 total cpu time :    38.9 secs   av.it.:   9.6
      thresh= 1.968E-06 alpha_mix =  0.700 |ddv_scf|^2 =  1.221E-11

      iter #   6 total cpu time :    39.5 secs   av.it.:   9.7
      thresh= 3.494E-07 alpha_mix =  0.700 |ddv_scf|^2 =  2.302E-13

     End of self-consistent calculation

     Convergence has been achieved 


     Representation #   2 mode #   2

     Self-consistent Calculation

      iter #   1 total cpu time :    39.9 secs   av.it.:   5.9
      thresh= 1.000E-02 alpha_mix =  0.700 |ddv_scf|^2 =  2.054E-06

      iter #   2 total cpu time :    40.5 secs   av.it.:   9.8
      thresh= 1.433E-04 alpha_mix =  0.700 |ddv_scf|^2 =  8.658E-07

      iter #   3 total cpu time :    41.1 secs   av.it.:   9.4
      thresh= 9.305E-05 alpha_mix =  0.700 |ddv_scf|^2 =  1.286E-09

      iter #   4 total cpu time :    41.7 secs   av.it.:   9.7
      thresh= 3.586E-06 alpha_mix =  0.700 |ddv_scf|^2 =  7.558E-11

      iter #   5 total cpu time :    42.3 secs   av.it.:   9.8
      thresh= 8.693E-07 alpha_mix =  0.700 |ddv_scf|^2 =  1.345E-13

     End of self-consistent calculation

     Convergence has been achieved 


     Representation #   3 modes #   3   4

     Self-consistent Calculation

      iter #   1 total cpu time :    43.2 secs   av.it.:   6.0
      thresh= 1.000E-02 alpha_mix =  0.700 |ddv_scf|^2 =  1.869E-07

      iter #   2 total cpu time :    44.5 secs   av.it.:  11.0
      thresh= 4.323E-05 alpha_mix =  0.700 |ddv_scf|^2 =  3.965E-08

      iter #   3 total cpu time :    45.8 secs   av.it.:  10.7
      thresh= 1.991E-05 alpha_mix =  0.700 |ddv_scf|^2 =  1.218E-10

      iter #   4 total cpu time :    47.1 secs   av.it.:  11.0
      thresh= 1.104E-06 alpha_mix =  0.700 |ddv_scf|^2 =  3.690E-13

     End of self-consistent calculation

     Convergence has been achieved 


     Representation #   4 modes #   5   6

     Self-consistent Calculation

      iter #   1 total cpu time :    48.0 secs   av.it.:   6.1
      thresh= 1.000E-02 alpha_mix =  0.700 |ddv_scf|^2 =  2.940E-07

      iter #   2 total cpu time :    49.3 secs   av.it.:  11.0
      thresh= 5.422E-05 alpha_mix =  0.700 |ddv_scf|^2 =  6.327E-08

      iter #   3 total cpu time :    50.6 secs   av.it.:  10.7
      thresh= 2.515E-05 alpha_mix =  0.700 |ddv_scf|^2 =  1.348E-10

      iter #   4 total cpu time :    51.9 secs   av.it.:  10.9
      thresh= 1.161E-06 alpha_mix =  0.700 |ddv_scf|^2 =  3.374E-13

     End of self-consistent calculation

     Convergence has been achieved 
 
     Number of q in the star =    6
     List of q in the star:
          1   0.000000000   0.471404521   0.000000000
          2  -0.471404521   0.000000000   0.000000000
          3   0.000000000  -0.471404521   0.000000000
          4   0.000000000   0.000000000   0.471404521
          5   0.000000000   0.000000000  -0.471404521
          6   0.471404521   0.000000000   0.000000000

     Diagonalizing the dynamical matrix

     q = (    0.000000000   0.471404521   0.000000000 ) 

 **************************************************************************
     freq (    1) =       4.021562 [THz] =     134.144882 [cm-1]
     freq (    2) =       4.021562 [THz] =     134.144882 [cm-1]
     freq (    3) =       9.187635 [THz] =     306.466529 [cm-1]
     freq (    4) =      13.958778 [THz] =     465.614719 [cm-1]
     freq (    5) =      13.958778 [THz] =     465.614719 [cm-1]
     freq (    6) =      14.172486 [THz] =     472.743238 [cm-1]
 **************************************************************************

     Mode symmetry, C_4v (4mm)  point group:

     freq (   1-   2) =        134.1  [cm-1]   --> E    G_5 D_5       
     freq (   3-   3) =        306.5  [cm-1]   --> A_1  G_1 D_1       
     freq (   4-   5) =        465.6  [cm-1]   --> E    G_5 D_5       
     freq (   6-   6) =        472.7  [cm-1]   --> B_2  G_4 D_2'      

     Calculation of q =    0.4714045  -0.0000000   0.4714045
 
     Parallelization info
     --------------------
     sticks:   dense  smooth     PW     G-vecs:    dense   smooth      PW
     Min          41      41     16                  614      614     150
     Max          42      42     17                  618      618     152
     Sum         499     499    199                 7391     7391    1807
 
     Using Slab Decomposition
 

     Title: 
     Si                                                                         


     bravais-lattice index     =            0
     lattice parameter (alat)  =       7.2074  a.u.
     unit-cell volume          =     264.7386 (a.u.)^3
     number of atoms/cell      =            2
     number of atomic types    =            1
     number of electrons       =         8.00
     number of Kohn-Sham states=            4
     kinetic-energy cutoff     =      35.0000  Ry
     charge density cutoff     =     140.0000  Ry
     Exchange-correlation= PW
                           (   1   4   0   0   0   0   0)

     celldm(1)=   7.207380  celldm(2)=   0.000000  celldm(3)=   0.000000
     celldm(4)=   0.000000  celldm(5)=   0.000000  celldm(6)=   0.000000

     crystal axes: (cart. coord. in units of alat)
               a(1) = (  -0.707107   0.000000   0.707107 )  
               a(2) = (   0.000000   0.707107   0.707107 )  
               a(3) = (  -0.707107   0.707107   0.000000 )  

     reciprocal axes: (cart. coord. in units 2 pi/alat)
               b(1) = ( -0.707107 -0.707107  0.707107 )  
               b(2) = (  0.707107  0.707107  0.707107 )  
               b(3) = ( -0.707107  0.707107 -0.707107 )  


     PseudoPot. # 1 for Si read from file:
     ./Si.upf
     MD5 check sum: 9e2d726316af3d4752eea8ab0afbb951
     Pseudo is Norm-conserving + core correction, Zval =  4.0
     Generated using ONCVPSP code by D. R. Hamann
     Using radial grid of 1510 points,  6 beta functions with: 
                l(1) =   0
                l(2) =   0
                l(3) =   1
                l(4) =   1
                l(5) =   2
                l(6) =   2

     atomic species   valence    mass     pseudopotential
     Si                4.00    28.08600     Si( 1.00)

     48 Sym. Ops., with inversion, found



   Cartesian axes

     site n.     atom                  positions (alat units)
         1        Si     tau(   1) = (   0.0000000   0.0000000   0.0000000  )
         2        Si     tau(   2) = (  -0.3535534   0.3535534   0.3535534  )

     number of k points=  1020

     Number of k-points >= 100: set verbosity='high' to print them.

     Dense  grid:     7391 G-vectors     FFT dimensions: (  32,  32,  32)

     Estimated max dynamical RAM per process >       1.38 MB

     Estimated total dynamical RAM >      16.57 MB

     The potential is recalculated from file :
     ./tmp/_ph0/si.save/charge-density

     Starting wfcs are    8 atomic wfcs

     Band Structure Calculation
     Davidson diagonalization with overlap

     ethr =  1.25E-10,  avg # of iterations = 12.5

     total cpu time spent up to now is        6.4 secs

     End of band structure calculation

     Number of k-points >= 100: set verbosity='high' to print the bands.

     highest occupied level (ev):     6.2489

     Writing config to output data dir ./tmp/_ph0/si.save/ :
     XML data file

     Si                                                                         

     bravais-lattice index     =            0
     lattice parameter (alat)  =       7.2074  a.u.
     unit-cell volume          =     264.7386 (a.u.)^3
     number of atoms/cell      =            2
     number of atomic types    =            1
     kinetic-energy cut-off    =      35.0000  Ry
     charge density cut-off    =     140.0000  Ry
     convergence threshold     =      1.0E-12
     beta                      =       0.7000
     number of iterations used =            4
     Exchange-correlation= PW
                           (   1   4   0   0   0   0   0)


     celldm(1)=    7.20738  celldm(2)=    0.00000  celldm(3)=    0.00000
     celldm(4)=    0.00000  celldm(5)=    0.00000  celldm(6)=    0.00000

     crystal axes: (cart. coord. in units of alat)
               a(1) = ( -0.7071  0.0000  0.7071 )  
               a(2) = (  0.0000  0.7071  0.7071 )  
               a(3) = ( -0.7071  0.7071  0.0000 )  

     reciprocal axes: (cart. coord. in units 2 pi/alat)
               b(1) = ( -0.7071 -0.7071  0.7071 )  
               b(2) = (  0.7071  0.7071  0.7071 )  
               b(3) = ( -0.7071  0.7071 -0.7071 )  


     Atoms inside the unit cell: 

     Cartesian axes

     site n.  atom      mass           positions (alat units)
        1  Si     28.0860   tau(    1) = (    0.00000    0.00000    0.00000  )
        2  Si     28.0860   tau(    2) = (   -0.35355    0.35355    0.35355  )

     Computing dynamical matrix for 
                    q = (   0.4714045  -0.0000000   0.4714045 )
 
      4 Sym.Ops. (no q -> -q+G )


     G cutoff =  184.2142  (    618 G-vectors)     FFT grid: ( 32, 32, 32)
     number of k points=  1020

     PseudoPot. # 1 for Si read from file:
     ./Si.upf
     MD5 check sum: 9e2d726316af3d4752eea8ab0afbb951
     Pseudo is Norm-conserving + core correction, Zval =  4.0
     Generated using ONCVPSP code by D. R. Hamann
     Using radial grid of 1510 points,  6 beta functions with: 
                l(1) =   0
                l(2) =   0
                l(3) =   1
                l(4) =   1
                l(5) =   2
                l(6) =   2

     Mode symmetry, C_2v (mm2)  point group:


     Atomic displacements:
     There are    6 irreducible representations

     Representation     1      1 modes -  To be done

     Representation     2      1 modes -  To be done

     Representation     3      1 modes -  To be done

     Representation     4      1 modes -  To be done

     Representation     5      1 modes -  To be done

     Representation     6      1 modes -  To be done



     Alpha used in Ewald sum =   1.5000
     PHONON       :     49.99s CPU     54.78s WALL



     Representation #   1 mode #   1

     Self-consistent Calculation

      iter #   1 total cpu time :    55.6 secs   av.it.:   6.2
      thresh= 1.000E-02 alpha_mix =  0.700 |ddv_scf|^2 =  7.025E-06

      iter #   2 total cpu time :    56.6 secs   av.it.:  10.1
      thresh= 2.651E-04 alpha_mix =  0.700 |ddv_scf|^2 =  9.537E-06

      iter #   3 total cpu time :    57.7 secs   av.it.:   9.3
      thresh= 3.088E-04 alpha_mix =  0.700 |ddv_scf|^2 =  1.337E-07

      iter #   4 total cpu time :    58.7 secs   av.it.:   9.4
      thresh= 3.656E-05 alpha_mix =  0.700 |ddv_scf|^2 =  5.206E-10

      iter #   5 total cpu time :    59.7 secs   av.it.:   9.9
      thresh= 2.282E-06 alpha_mix =  0.700 |ddv_scf|^2 =  3.955E-12

      iter #   6 total cpu time :    60.8 secs   av.it.:  10.0
      thresh= 1.989E-07 alpha_mix =  0.700 |ddv_scf|^2 =  4.227E-14

     End of self-consistent calculation

     Convergence has been achieved 


     Representation #   2 mode #   2

     Self-consistent Calculation

      iter #   1 total cpu time :    61.6 secs   av.it.:   6.6
      thresh= 1.000E-02 alpha_mix =  0.700 |ddv_scf|^2 =  2.297E-05

      iter #   2 total cpu time :    62.7 secs   av.it.:  10.0
      thresh= 4.792E-04 alpha_mix =  0.700 |ddv_scf|^2 =  4.010E-05

      iter #   3 total cpu time :    63.9 secs   av.it.:   9.1
      thresh= 6.333E-04 alpha_mix =  0.700 |ddv_scf|^2 =  1.733E-07

      iter #   4 total cpu time :    65.0 secs   av.it.:   9.4
      thresh= 4.162E-05 alpha_mix =  0.700 |ddv_scf|^2 =  8.389E-10

      iter #   5 total cpu time :    66.0 secs   av.it.:   9.6
      thresh= 2.896E-06 alpha_mix =  0.700 |ddv_scf|^2 =  8.970E-12

      iter #   6 total cpu time :    67.1 secs   av.it.:   9.7
      thresh= 2.995E-07 alpha_mix =  0.700 |ddv_scf|^2 =  1.963E-13

     End of self-consistent calculation

     Convergence has been achieved 


     Representation #   3 mode #   3

     Self-consistent Calculation

      iter #   1 total cpu time :    68.0 secs   av.it.:   6.0
      thresh= 1.000E-02 alpha_mix =  0.700 |ddv_scf|^2 =  1.481E-06

      iter #   2 total cpu time :    69.1 secs   av.it.:   9.9
      thresh= 1.217E-04 alpha_mix =  0.700 |ddv_scf|^2 =  2.687E-07

      iter #   3 total cpu time :    70.2 secs   av.it.:   9.6
      thresh= 5.183E-05 alpha_mix =  0.700 |ddv_scf|^2 =  5.648E-10

      iter #   4 total cpu time :    71.2 secs   av.it.:   9.7
      thresh= 2.377E-06 alpha_mix =  0.700 |ddv_scf|^2 =  4.056E-13

     End of self-consistent calculation

     Convergence has been achieved 


     Representation #   4 mode #   4

     Self-consistent Calculation

      iter #   1 total cpu time :    72.0 secs   av.it.:   5.1
      thresh= 1.000E-02 alpha_mix =  0.700 |ddv_scf|^2 =  3.105E-08

      iter #   2 total cpu time :    73.1 secs   av.it.:   9.8
      thresh= 1.762E-05 alpha_mix =  0.700 |ddv_scf|^2 =  1.469E-09

      iter #   3 total cpu time :    74.2 secs   av.it.:   9.9
      thresh= 3.833E-06 alpha_mix =  0.700 |ddv_scf|^2 =  1.035E-11

      iter #   4 total cpu time :    75.3 secs   av.it.:   9.6
      thresh= 3.216E-07 alpha_mix =  0.700 |ddv_scf|^2 =  2.083E-13

     End of self-consistent calculation

     Convergence has been achieved 


     Representation #   5 mode #   5

     Self-consistent Calculation

      iter #   1 total cpu time :    76.0 secs   av.it.:   5.2
      thresh= 1.000E-02 alpha_mix =  0.700 |ddv_scf|^2 =  1.903E-07

      iter #   2 total cpu time :    77.2 secs   av.it.:  10.2
      thresh= 4.362E-05 alpha_mix =  0.700 |ddv_scf|^2 =  1.059E-07

      iter #   3 total cpu time :    78.2 secs   av.it.:   9.6
      thresh= 3.254E-05 alpha_mix =  0.700 |ddv_scf|^2 =  6.776E-09

      iter #   4 total cpu time :    79.3 secs   av.it.:   9.6
      thresh= 8.232E-06 alpha_mix =  0.700 |ddv_scf|^2 =  8.525E-11

      iter #   5 total cpu time :    80.4 secs   av.it.:  10.0
      thresh= 9.233E-07 alpha_mix =  0.700 |ddv_scf|^2 =  1.172E-12

      iter #   6 total cpu time :    81.5 secs   av.it.:   9.9
      thresh= 1.082E-07 alpha_mix =  0.700 |ddv_scf|^2 =  1.662E-15

     End of self-consistent calculation

     Convergence has been achieved 


     Representation #   6 mode #   6

     Self-consistent Calculation

      iter #   1 total cpu time :    82.4 secs   av.it.:   6.3
      thresh= 1.000E-02 alpha_mix =  0.700 |ddv_scf|^2 =  9.729E-06

      iter #   2 total cpu time :    83.5 secs   av.it.:  10.1
      thresh= 3.119E-04 alpha_mix =  0.700 |ddv_scf|^2 =  1.248E-05

      iter #   3 total cpu time :    84.6 secs   av.it.:   9.3
      thresh= 3.533E-04 alpha_mix =  0.700 |ddv_scf|^2 =  2.569E-09

      iter #   4 total cpu time :    85.6 secs   av.it.:   9.9
      thresh= 5.068E-06 alpha_mix =  0.700 |ddv_scf|^2 =  1.190E-10

      iter #   5 total cpu time :    86.8 secs   av.it.:  10.0
      thresh= 1.091E-06 alpha_mix =  0.700 |ddv_scf|^2 =  5.454E-13

     End of self-consistent calculation

     Convergence has been achieved 
 
     Number of q in the star =   12
     List of q in the star:
          1   0.471404521   0.000000000   0.471404521
          2   0.471404521   0.000000000  -0.471404521
          3  -0.471404521   0.000000000  -0.471404521
          4  -0.471404521   0.000000000   0.471404521
          5   0.000000000  -0.471404521   0.471404521
          6  -0.471404521   0.471404521   0.000000000
          7  -0.471404521  -0.471404521   0.000000000
          8   0.471404521   0.471404521   0.000000000
          9   0.471404521  -0.471404521   0.000000000
         10   0.000000000   0.471404521   0.471404521
         11   0.000000000   0.471404521  -0.471404521
         12   0.000000000  -0.471404521  -0.471404521

     Diagonalizing the dynamical matrix

     q = (    0.471404521  -0.000000000   0.471404521 ) 

 **************************************************************************
     freq (    1) =       4.246802 [THz] =     141.658055 [cm-1]
     freq (    2) =       6.422787 [THz] =     214.241129 [cm-1]
     freq (    3) =      10.127130 [THz] =     337.804690 [cm-1]
     freq (    4) =      11.335323 [THz] =     378.105678 [cm-1]
     freq (    5) =      13.936944 [THz] =     464.886397 [cm-1]
     freq (    6) =      14.502832 [THz] =     483.762404 [cm-1]
 **************************************************************************

     Mode symmetry, C_2v (mm2)  point group:

     freq (   1-   1) =        141.7  [cm-1]   --> B_1  D_3  S_3      
     freq (   2-   2) =        214.2  [cm-1]   --> B_2  D_4  S_4      
     freq (   3-   3) =        337.8  [cm-1]   --> A_1  D_1  S_1      
     freq (   4-   4) =        378.1  [cm-1]   --> B_2  D_4  S_4      
     freq (   5-   5) =        464.9  [cm-1]   --> A_2  D_2  S_2      
     freq (   6-   6) =        483.8  [cm-1]   --> A_1  D_1  S_1      
 
     init_run     :      0.01s CPU      0.01s WALL (       3 calls)
     electrons    :      5.88s CPU      6.35s WALL (       3 calls)

     Called by init_run:
     wfcinit      :      0.00s CPU      0.00s WALL (       3 calls)
     potinit      :      0.00s CPU      0.00s WALL (       3 calls)
     hinit0       :      0.00s CPU      0.00s WALL (       3 calls)

     Called by electrons:
     c_bands      :      5.88s CPU      6.35s WALL (       3 calls)
     v_of_rho     :      0.00s CPU      0.00s WALL (       4 calls)

     Called by c_bands:
     init_us_2    :      0.47s CPU      0.52s WALL (   48716 calls)
     cegterg      :      5.01s CPU      5.41s WALL (    2336 calls)

     Called by *egterg:
     cdiaghg      :      0.63s CPU      0.68s WALL (   31556 calls)
     h_psi        :     55.64s CPU     61.13s WALL (  458096 calls)
     g_psi        :      0.03s CPU      0.03s WALL (   29220 calls)

     Called by h_psi:
     h_psi:calbec :      4.41s CPU      4.84s WALL (  458096 calls)
     vloc_psi     :     48.58s CPU     53.38s WALL (  458096 calls)
     add_vuspsi   :      1.52s CPU      1.68s WALL (  458096 calls)

     General routines
     calbec       :      4.40s CPU      4.85s WALL (  500472 calls)
     fft          :      0.05s CPU      0.07s WALL (    1565 calls)
     ffts         :      0.19s CPU      0.21s WALL (    7968 calls)
     fftw         :     51.38s CPU     56.42s WALL ( 3921848 calls)
     davcio       :      0.52s CPU      0.57s WALL (  203610 calls)
 
     Parallel routines
 
     PHONON       :   1m19.10s CPU   1m26.79s WALL

     INITIALIZATION: 
     phq_setup    :      0.00s CPU      0.00s WALL (       4 calls)
     phq_init     :      0.22s CPU      0.24s WALL (       4 calls)
 
     phq_init     :      0.22s CPU      0.24s WALL (       4 calls)
     set_drhoc    :      0.00s CPU      0.00s WALL (      12 calls)
     init_vloc    :      0.00s CPU      0.00s WALL (       4 calls)
     init_us_1    :      0.00s CPU      0.00s WALL (       4 calls)
     init_us_2    :      0.47s CPU      0.52s WALL (   48716 calls)
 
     DYNAMICAL MATRIX:
     dynmat0      :      0.17s CPU      0.17s WALL (       4 calls)
     dynmat_us    :      0.17s CPU      0.17s WALL (       4 calls)
     d2ionq       :      0.00s CPU      0.00s WALL (       4 calls)
     dynmatcc     :      0.00s CPU      0.00s WALL (       4 calls)
     phqscf       :     69.77s CPU     76.62s WALL (       4 calls)
     dynmatrix    :      0.00s CPU      0.00s WALL (       4 calls)
 
     phqscf       :     69.77s CPU     76.62s WALL (       4 calls)
     solve_linter :     69.41s CPU     76.22s WALL (      16 calls)
     sth_kernel   :     68.88s CPU     75.74s WALL (      89 calls)
     h_prec       :      0.18s CPU      0.20s WALL (   32012 calls)
     apply_dpot_b :      4.06s CPU      4.47s WALL (   31276 calls)
     ortho        :      0.32s CPU      0.35s WALL (   39148 calls)
     cgsolve      :     58.95s CPU     64.84s WALL (   39148 calls)
     incdrhoscf   :      5.12s CPU      5.63s WALL (   38932 calls)
                                        0.00s GPU  (   38932 calls)
     dv_of_drho   :      0.02s CPU      0.02s WALL (     131 calls)
     mix_pot      :      0.02s CPU      0.02s WALL (      89 calls)
     drhodv       :      0.36s CPU      0.40s WALL (      16 calls)
     psymdvscf    :      1.06s CPU      1.08s WALL (      89 calls)
     com_dvloc    :      0.26s CPU      0.29s WALL (    7968 calls)
                                        0.00s GPU  (    7968 calls)
     addcore      :      0.03s CPU      0.03s WALL (     716 calls)
                                        0.00s GPU  (     716 calls)
 
     dvqpsi_us    :      1.72s CPU      1.87s WALL (    7872 calls)
                                        0.00s GPU  (    7872 calls)
     dvqpsi_us_on :      0.48s CPU      0.52s WALL (    7872 calls)
 
     add_vuspsi   :      1.52s CPU      1.68s WALL (  458096 calls)
 
 
      General routines
     calbec       :      4.40s CPU      4.85s WALL (  500472 calls)
     fft          :      0.05s CPU      0.07s WALL (    1565 calls)
     ffts         :      0.19s CPU      0.21s WALL (    7968 calls)
     fftw         :     51.38s CPU     56.42s WALL ( 3921848 calls)
     davcio       :      0.52s CPU      0.57s WALL (  203610 calls)
     write_rec    :      0.01s CPU      0.02s WALL (     105 calls)
 
      Additional routines
     ch_psi       :     55.88s CPU     61.46s WALL (  424204 calls)
     last         :      3.31s CPU      3.64s WALL (  424204 calls)
     Hesh         :      0.22s CPU      0.24s WALL (  424204 calls)
     ch_psi_all_k :      2.56s CPU      2.82s WALL (  424204 calls)
                                        0.00s GPU  (  424204 calls)
     h_psi_bgrp   :     55.98s CPU     61.49s WALL (  458096 calls)
     h_psi        :     55.64s CPU     61.13s WALL (  458096 calls)
     h_psi:pot    :     55.23s CPU     60.67s WALL (  458096 calls)
     h_psi:calbec :      4.41s CPU      4.84s WALL (  458096 calls)
     s_psi_bgrp   :      0.35s CPU      0.38s WALL (  887556 calls)
 
 
     PHONON       :   1m19.10s CPU   1m26.79s WALL

 
   This run was terminated on:  12:45:48   1May2026            

=------------------------------------------------------------------------------=
   JOB DONE.
=------------------------------------------------------------------------------=
