
     Program Q2R v.7.4 starts on  1May2026 at 12:45:49 

     This program is part of the open-source Quantum ESPRESSO suite
     for quantum simulation of materials; please cite
         "P. Giannozzi et al., J. Phys.:Condens. Matter 21 395502 (2009);
         "P. Giannozzi et al., J. Phys.:Condens. Matter 29 465901 (2017);
         "P. Giannozzi et al., J. Chem. Phys. 152 154105 (2020);
          URL http://www.quantum-espresso.org", 
     in publications or presentations arising from this work. More details at
     http://www.quantum-espresso.org/quote

     Parallel version (MPI), running on    12 processors

     MPI processes distributed on     1 nodes
     R & G space division:  proc/nbgrp/npool/nimage =      12
     93775 MiB available memory on the printing compute node when the environment starts
 

  reading grid info from file si.dyn0    

  reading force constants from file si.dyn1
 macroscopic fields = T
  13.34771   0.00000   0.00000
   0.00000  13.34771   0.00000
   0.00000   0.00000  13.34771
  na=            1
  -0.00857   0.00000   0.00000
   0.00000  -0.00857   0.00000
   0.00000   0.00000  -0.00857
  na=            2
  -0.00857   0.00000   0.00000
   0.00000  -0.00857   0.00000
   0.00000   0.00000  -0.00857
  Norm of the difference between old and new effective charges:    0.02098654828968203601
  alpha Ewald:    1.31581582081108     
  nqs=            1
 q=   0.00000000  0.00000000  0.00000000
  reading force constants from file si.dyn2
  alpha Ewald:    1.31581582081108     
  nqs=            8
 q=  -0.23570226  0.23570226 -0.23570226
 q=   0.23570226  0.23570226 -0.23570226
 q=   0.23570226  0.23570226  0.23570226
 q=  -0.23570226  0.23570226  0.23570226
 q=   0.23570226 -0.23570226  0.23570226
 q=  -0.23570226 -0.23570226 -0.23570226
 q=   0.23570226 -0.23570226 -0.23570226
 q=  -0.23570226 -0.23570226  0.23570226
  reading force constants from file si.dyn3
  alpha Ewald:    1.31581582081108     
  nqs=            6
 q=   0.00000000  0.47140452  0.00000000
 q=  -0.47140452  0.00000000  0.00000000
 q=   0.00000000 -0.47140452  0.00000000
 q=   0.00000000  0.00000000  0.47140452
 q=   0.00000000  0.00000000 -0.47140452
 q=   0.47140452  0.00000000  0.00000000
  reading force constants from file si.dyn4
  alpha Ewald:    1.31581582081108     
  nqs=           12
 q=   0.47140452  0.00000000  0.47140452
 q=   0.47140452  0.00000000 -0.47140452
 q=  -0.47140452  0.00000000 -0.47140452
 q=  -0.47140452  0.00000000  0.47140452
 q=   0.00000000 -0.47140452  0.47140452
 q=  -0.47140452  0.47140452  0.00000000
 q=  -0.47140452 -0.47140452  0.00000000
 q=   0.47140452  0.47140452  0.00000000
 q=   0.47140452 -0.47140452  0.00000000
 q=   0.00000000  0.47140452  0.47140452
 q=   0.00000000  0.47140452 -0.47140452
 q=   0.00000000 -0.47140452 -0.47140452

      q-space grid ok, #points =   27

      fft-check success (sum of imaginary terms < 10^-12)
 
     Q2R          :      0.01s CPU      0.01s WALL

 
   This run was terminated on:  12:45:49   1May2026            

=------------------------------------------------------------------------------=
   JOB DONE.
=------------------------------------------------------------------------------=
