
     Program PHONON v.7.4 starts on 26Apr2026 at 21:34: 3 

     This program is part of the open-source Quantum ESPRESSO suite
     for quantum simulation of materials; please cite
         "P. Giannozzi et al., J. Phys.:Condens. Matter 21 395502 (2009);
         "P. Giannozzi et al., J. Phys.:Condens. Matter 29 465901 (2017);
         "P. Giannozzi et al., J. Chem. Phys. 152 154105 (2020);
          URL http://www.quantum-espresso.org", 
     in publications or presentations arising from this work. More details at
     http://www.quantum-espresso.org/quote

     Parallel version (MPI), running on    12 processors

     MPI processes distributed on     1 nodes
     124461 MiB available memory on the printing compute node when the environment starts
 
     Reading input from si.ph.in

     Reading xml data from directory:

     ./tmp/si.save/
 
     R & G space division:  proc/nbgrp/npool/nimage =      12
     Subspace diagonalization in iterative solution of the eigenvalue problem:
     a serial algorithm will be used


     IMPORTANT: XC functional enforced from input :
     Exchange-correlation= PW
                           (   1   4   0   0   0   0   0)
     Any further DFT definition will be discarded
     Please, verify this is what you really want

 
     Parallelization info
     --------------------
     sticks:   dense  smooth     PW     G-vecs:    dense   smooth      PW
     Min          41      41     13                  614      614     113
     Max          42      42     14                  618      618     115
     Sum         499     499    163                 7391     7391    1363
 
     Using Slab Decomposition
 
     Reading collected, re-writing distributed wavefunctions in ./tmp/


     Dynamical matrices for ( 4, 4, 4)  uniform grid of q-points
     (   8 q-points):
       N         xq(1)         xq(2)         xq(3) 
       1   0.000000000   0.000000000   0.000000000
       2  -0.176776695   0.176776695  -0.176776695
       3   0.353553391  -0.353553391   0.353553391
       4   0.000000000   0.353553391   0.000000000
       5   0.530330086  -0.176776695   0.530330086
       6   0.353553391   0.000000000   0.353553391
       7   0.000000000  -0.707106781   0.000000000
       8  -0.353553391  -0.707106781   0.000000000

     Number and degeneracy of irreps per q-point
       N         xq(1)         xq(2)         xq(3)   N irreps
       1   0.000000000   0.000000000   0.000000000       2
        3   3
       2  -0.176776695   0.176776695  -0.176776695       4
        1   1   2   2
       3   0.353553391  -0.353553391   0.353553391       4
        1   1   2   2
       4   0.000000000   0.353553391   0.000000000       4
        1   1   2   2
       5   0.530330086  -0.176776695   0.530330086       6
     No degeneracy
       6   0.353553391   0.000000000   0.353553391       6
     No degeneracy
       7   0.000000000  -0.707106781   0.000000000       3
        2   2   2
       8  -0.353553391  -0.707106781   0.000000000       3
        2   2   2

     Calculation of q =    0.0000000   0.0000000   0.0000000

     Si                                                                         

     bravais-lattice index     =            0
     lattice parameter (alat)  =       7.2074  a.u.
     unit-cell volume          =     264.7386 (a.u.)^3
     number of atoms/cell      =            2
     number of atomic types    =            1
     kinetic-energy cut-off    =      35.0000  Ry
     charge density cut-off    =     140.0000  Ry
     convergence threshold     =      1.0E-12
     beta                      =       0.7000
     number of iterations used =            4
     Exchange-correlation= PW
                           (   1   4   0   0   0   0   0)


     celldm(1)=    7.20738  celldm(2)=    0.00000  celldm(3)=    0.00000
     celldm(4)=    0.00000  celldm(5)=    0.00000  celldm(6)=    0.00000

     crystal axes: (cart. coord. in units of alat)
               a(1) = ( -0.7071  0.0000  0.7071 )  
               a(2) = (  0.0000  0.7071  0.7071 )  
               a(3) = ( -0.7071  0.7071  0.0000 )  

     reciprocal axes: (cart. coord. in units 2 pi/alat)
               b(1) = ( -0.7071 -0.7071  0.7071 )  
               b(2) = (  0.7071  0.7071  0.7071 )  
               b(3) = ( -0.7071  0.7071 -0.7071 )  


     Atoms inside the unit cell: 

     Cartesian axes

     site n.  atom      mass           positions (alat units)
        1  Si     28.0860   tau(    1) = (    0.00000    0.00000    0.00000  )
        2  Si     28.0860   tau(    2) = (   -0.35355    0.35355    0.35355  )

     Computing dynamical matrix for 
                    q = (   0.0000000   0.0000000   0.0000000 )
 
     49 Sym.Ops. (with q -> -q+G )


     G cutoff =  184.2142  (    618 G-vectors)     FFT grid: ( 32, 32, 32)
     number of k points=    72

     PseudoPot. # 1 for Si read from file:
     ./Si.upf
     MD5 check sum: 9e2d726316af3d4752eea8ab0afbb951
     Pseudo is Norm-conserving + core correction, Zval =  4.0
     Generated using ONCVPSP code by D. R. Hamann
     Using radial grid of 1510 points,  6 beta functions with: 
                l(1) =   0
                l(2) =   0
                l(3) =   1
                l(4) =   1
                l(5) =   2
                l(6) =   2

     Mode symmetry, O_h (m-3m)  point group:


     Electric field:
     Dielectric constant
     Born effective charges in two ways 


     Atomic displacements:
     There are    2 irreducible representations

     Representation     1      3 modes -  To be done

     Representation     2      3 modes -  To be done



     Alpha used in Ewald sum =   1.5000
     PHONON       :      0.07s CPU      0.08s WALL


     Electric Fields Calculation

      iter #   1 total cpu time :     1.3 secs   av.it.:   6.7
      thresh= 1.000E-02 alpha_mix =  0.700 |ddv_scf|^2 =  3.555E-07

      iter #   2 total cpu time :     1.9 secs   av.it.:  11.0
      thresh= 5.963E-05 alpha_mix =  0.700 |ddv_scf|^2 =  1.526E-08

      iter #   3 total cpu time :     2.4 secs   av.it.:  10.8
      thresh= 1.235E-05 alpha_mix =  0.700 |ddv_scf|^2 =  1.720E-10

      iter #   4 total cpu time :     3.0 secs   av.it.:  11.2
      thresh= 1.312E-06 alpha_mix =  0.700 |ddv_scf|^2 =  1.018E-12

      iter #   5 total cpu time :     3.5 secs   av.it.:  10.4
      thresh= 1.009E-07 alpha_mix =  0.700 |ddv_scf|^2 =  3.595E-16

     End of electric fields calculation

          Dielectric constant in cartesian axis 

          (      13.347712485      -0.000000000       0.000000000 )
          (       0.000000000      13.347712485       0.000000000 )
          (      -0.000000000       0.000000000      13.347712485 )

          Effective charges (d Force / dE) in cartesian axis without acoustic sum rule applied (asr)

           atom    1  Si    Mean Z*:       -0.00857
      Ex  (       -0.00857        0.00000       -0.00000 )
      Ey  (        0.00000       -0.00857        0.00000 )
      Ez  (       -0.00000       -0.00000       -0.00857 )
           atom    2  Si    Mean Z*:       -0.00857
      Ex  (       -0.00857        0.00000       -0.00000 )
      Ey  (        0.00000       -0.00857       -0.00000 )
      Ez  (       -0.00000       -0.00000       -0.00857 )

          Effective charges Sum: Mean:       -0.01714
             -0.01714        0.00000       -0.00000
              0.00000       -0.01714       -0.00000
             -0.00000        0.00000       -0.01714

          Effective charges (d Force / dE) in cartesian axis with asr applied: 
           atom    1  Si    Mean Z*:       -0.00000
      E*x (        0.00000        0.00000        0.00000 )
      E*y (        0.00000       -0.00000        0.00000 )
      E*z (        0.00000        0.00000       -0.00000 )
           atom    2  Si    Mean Z*:        0.00000
      E*x (        0.00000        0.00000       -0.00000 )
      E*y (       -0.00000        0.00000       -0.00000 )
      E*z (       -0.00000       -0.00000        0.00000 )


     Representation #   1 modes #   1   2   3

     Self-consistent Calculation

      iter #   1 total cpu time :     4.0 secs   av.it.:   5.9
      thresh= 1.000E-02 alpha_mix =  0.700 |ddv_scf|^2 =  2.559E-08

      iter #   2 total cpu time :     4.6 secs   av.it.:  11.1
      thresh= 1.600E-05 alpha_mix =  0.700 |ddv_scf|^2 =  5.762E-10

      iter #   3 total cpu time :     5.2 secs   av.it.:  11.2
      thresh= 2.400E-06 alpha_mix =  0.700 |ddv_scf|^2 =  2.147E-11

      iter #   4 total cpu time :     5.7 secs   av.it.:  10.9
      thresh= 4.634E-07 alpha_mix =  0.700 |ddv_scf|^2 =  6.950E-14

     End of self-consistent calculation

     Convergence has been achieved 


     Representation #   2 modes #   4   5   6

     Self-consistent Calculation

      iter #   1 total cpu time :     6.2 secs   av.it.:   5.9
      thresh= 1.000E-02 alpha_mix =  0.700 |ddv_scf|^2 =  1.848E-08

      iter #   2 total cpu time :     6.7 secs   av.it.:  11.4
      thresh= 1.359E-05 alpha_mix =  0.700 |ddv_scf|^2 =  6.648E-10

      iter #   3 total cpu time :     7.3 secs   av.it.:  11.3
      thresh= 2.578E-06 alpha_mix =  0.700 |ddv_scf|^2 =  3.023E-11

      iter #   4 total cpu time :     7.9 secs   av.it.:  11.4
      thresh= 5.498E-07 alpha_mix =  0.700 |ddv_scf|^2 =  5.421E-14

     End of self-consistent calculation

     Convergence has been achieved 
 
     Number of q in the star =    1
     List of q in the star:
          1   0.000000000   0.000000000   0.000000000

          Dielectric constant in cartesian axis 

          (      13.347712485      -0.000000000       0.000000000 )
          (       0.000000000      13.347712485       0.000000000 )
          (      -0.000000000       0.000000000      13.347712485 )

          Effective charges (d Force / dE) in cartesian axis without acoustic sum rule applied (asr)

           atom    1  Si    Mean Z*:       -0.00857
      Ex  (       -0.00857        0.00000       -0.00000 )
      Ey  (        0.00000       -0.00857        0.00000 )
      Ez  (       -0.00000       -0.00000       -0.00857 )
           atom    2  Si    Mean Z*:       -0.00857
      Ex  (       -0.00857        0.00000       -0.00000 )
      Ey  (        0.00000       -0.00857       -0.00000 )
      Ez  (       -0.00000       -0.00000       -0.00857 )

          Effective charges Sum: Mean:       -0.01714
             -0.01714        0.00000       -0.00000
              0.00000       -0.01714       -0.00000
             -0.00000        0.00000       -0.01714

          Effective charges (d Force / dE) in cartesian axis with asr applied: 
           atom    1  Si    Mean Z*:       -0.00000
      E*x (        0.00000        0.00000        0.00000 )
      E*y (        0.00000       -0.00000        0.00000 )
      E*z (        0.00000        0.00000       -0.00000 )
           atom    2  Si    Mean Z*:        0.00000
      E*x (        0.00000        0.00000       -0.00000 )
      E*y (       -0.00000        0.00000       -0.00000 )
      E*z (       -0.00000       -0.00000        0.00000 )

          Effective charges (d P / du) in cartesian axis 

           atom      1Si    
      Px  (       -0.00653       -0.00000       -0.00000 )
      Py  (       -0.00000       -0.00653        0.00000 )
      Pz  (       -0.00000        0.00000       -0.00653 )
           atom      2Si    
      Px  (       -0.00653       -0.00000       -0.00000 )
      Py  (       -0.00000       -0.00653        0.00000 )
      Pz  (       -0.00000        0.00000       -0.00653 )

     Diagonalizing the dynamical matrix

     q = (    0.000000000   0.000000000   0.000000000 ) 

 **************************************************************************
     freq (    1) =      -0.190258 [THz] =      -6.346327 [cm-1]
     freq (    2) =      -0.190258 [THz] =      -6.346327 [cm-1]
     freq (    3) =      -0.190258 [THz] =      -6.346327 [cm-1]
     freq (    4) =      15.397083 [THz] =     513.591414 [cm-1]
     freq (    5) =      15.397083 [THz] =     513.591414 [cm-1]
     freq (    6) =      15.397083 [THz] =     513.591414 [cm-1]
 **************************************************************************

     Mode symmetry, O_h (m-3m)  point group:

     freq (   1-   3) =         -6.3  [cm-1]   --> T_1u G_15  G_4- I  
     freq (   4-   6) =        513.6  [cm-1]   --> T_2g G_25' G_5+ R  

     Calculation of q =   -0.1767767   0.1767767  -0.1767767
 
     Parallelization info
     --------------------
     sticks:   dense  smooth     PW     G-vecs:    dense   smooth      PW
     Min          41      41     13                  614      614     119
     Max          42      42     14                  618      618     123
     Sum         499     499    163                 7391     7391    1459
 
     Using Slab Decomposition
 

     Title: 
     Si                                                                         


     bravais-lattice index     =            0
     lattice parameter (alat)  =       7.2074  a.u.
     unit-cell volume          =     264.7386 (a.u.)^3
     number of atoms/cell      =            2
     number of atomic types    =            1
     number of electrons       =         8.00
     number of Kohn-Sham states=            4
     kinetic-energy cutoff     =      35.0000  Ry
     charge density cutoff     =     140.0000  Ry
     Exchange-correlation= PW
                           (   1   4   0   0   0   0   0)

     celldm(1)=   7.207380  celldm(2)=   0.000000  celldm(3)=   0.000000
     celldm(4)=   0.000000  celldm(5)=   0.000000  celldm(6)=   0.000000

     crystal axes: (cart. coord. in units of alat)
               a(1) = (  -0.707107   0.000000   0.707107 )  
               a(2) = (   0.000000   0.707107   0.707107 )  
               a(3) = (  -0.707107   0.707107   0.000000 )  

     reciprocal axes: (cart. coord. in units 2 pi/alat)
               b(1) = ( -0.707107 -0.707107  0.707107 )  
               b(2) = (  0.707107  0.707107  0.707107 )  
               b(3) = ( -0.707107  0.707107 -0.707107 )  


     PseudoPot. # 1 for Si read from file:
     ./Si.upf
     MD5 check sum: 9e2d726316af3d4752eea8ab0afbb951
     Pseudo is Norm-conserving + core correction, Zval =  4.0
     Generated using ONCVPSP code by D. R. Hamann
     Using radial grid of 1510 points,  6 beta functions with: 
                l(1) =   0
                l(2) =   0
                l(3) =   1
                l(4) =   1
                l(5) =   2
                l(6) =   2

     atomic species   valence    mass     pseudopotential
     Si                4.00    28.08600     Si( 1.00)

     48 Sym. Ops., with inversion, found



   Cartesian axes

     site n.     atom                  positions (alat units)
         1        Si     tau(   1) = (   0.0000000   0.0000000   0.0000000  )
         2        Si     tau(   2) = (  -0.3535534   0.3535534   0.3535534  )

     number of k points=   728

     Number of k-points >= 100: set verbosity='high' to print them.

     Dense  grid:     7391 G-vectors     FFT dimensions: (  32,  32,  32)

     Estimated max dynamical RAM per process >       1.36 MB

     Estimated total dynamical RAM >      16.26 MB

     The potential is recalculated from file :
     ./tmp/_ph0/si.save/charge-density

     Starting wfcs are    8 atomic wfcs

     Band Structure Calculation
     Davidson diagonalization with overlap

     ethr =  1.25E-10,  avg # of iterations = 12.6

     total cpu time spent up to now is        2.1 secs

     End of band structure calculation

     Number of k-points >= 100: set verbosity='high' to print the bands.

     highest occupied level (ev):     6.2489

     Writing config to output data dir ./tmp/_ph0/si.save/ :
     XML data file

     Si                                                                         

     bravais-lattice index     =            0
     lattice parameter (alat)  =       7.2074  a.u.
     unit-cell volume          =     264.7386 (a.u.)^3
     number of atoms/cell      =            2
     number of atomic types    =            1
     kinetic-energy cut-off    =      35.0000  Ry
     charge density cut-off    =     140.0000  Ry
     convergence threshold     =      1.0E-12
     beta                      =       0.7000
     number of iterations used =            4
     Exchange-correlation= PW
                           (   1   4   0   0   0   0   0)


     celldm(1)=    7.20738  celldm(2)=    0.00000  celldm(3)=    0.00000
     celldm(4)=    0.00000  celldm(5)=    0.00000  celldm(6)=    0.00000

     crystal axes: (cart. coord. in units of alat)
               a(1) = ( -0.7071  0.0000  0.7071 )  
               a(2) = (  0.0000  0.7071  0.7071 )  
               a(3) = ( -0.7071  0.7071  0.0000 )  

     reciprocal axes: (cart. coord. in units 2 pi/alat)
               b(1) = ( -0.7071 -0.7071  0.7071 )  
               b(2) = (  0.7071  0.7071  0.7071 )  
               b(3) = ( -0.7071  0.7071 -0.7071 )  


     Atoms inside the unit cell: 

     Cartesian axes

     site n.  atom      mass           positions (alat units)
        1  Si     28.0860   tau(    1) = (    0.00000    0.00000    0.00000  )
        2  Si     28.0860   tau(    2) = (   -0.35355    0.35355    0.35355  )

     Computing dynamical matrix for 
                    q = (  -0.1767767   0.1767767  -0.1767767 )
 
      6 Sym.Ops. (no q -> -q+G )


     G cutoff =  184.2142  (    618 G-vectors)     FFT grid: ( 32, 32, 32)
     number of k points=   728

     PseudoPot. # 1 for Si read from file:
     ./Si.upf
     MD5 check sum: 9e2d726316af3d4752eea8ab0afbb951
     Pseudo is Norm-conserving + core correction, Zval =  4.0
     Generated using ONCVPSP code by D. R. Hamann
     Using radial grid of 1510 points,  6 beta functions with: 
                l(1) =   0
                l(2) =   0
                l(3) =   1
                l(4) =   1
                l(5) =   2
                l(6) =   2

     Mode symmetry, C_3v (3m)   point group:


     Atomic displacements:
     There are    4 irreducible representations

     Representation     1      1 modes -  To be done

     Representation     2      1 modes -  To be done

     Representation     3      2 modes -  To be done

     Representation     4      2 modes -  To be done


     Message from routine init_vloc:
     Interpolation table for Vloc re-allocated

     Alpha used in Ewald sum =   1.5000
     PHONON       :      9.21s CPU     10.07s WALL



     Representation #   1 mode #   1

     Self-consistent Calculation

      iter #   1 total cpu time :    10.7 secs   av.it.:   6.6
      thresh= 1.000E-02 alpha_mix =  0.700 |ddv_scf|^2 =  5.250E-04

      iter #   2 total cpu time :    11.4 secs   av.it.:   9.1
      thresh= 2.291E-03 alpha_mix =  0.700 |ddv_scf|^2 =  8.377E-03

      iter #   3 total cpu time :    12.1 secs   av.it.:   7.4
      thresh= 9.152E-03 alpha_mix =  0.700 |ddv_scf|^2 =  2.944E-07

      iter #   4 total cpu time :    12.9 secs   av.it.:   9.5
      thresh= 5.426E-05 alpha_mix =  0.700 |ddv_scf|^2 =  2.410E-08

      iter #   5 total cpu time :    13.6 secs   av.it.:   9.3
      thresh= 1.552E-05 alpha_mix =  0.700 |ddv_scf|^2 =  1.170E-10

      iter #   6 total cpu time :    14.4 secs   av.it.:   9.7
      thresh= 1.082E-06 alpha_mix =  0.700 |ddv_scf|^2 =  2.116E-10

      iter #   7 total cpu time :    15.0 secs   av.it.:   8.2
      thresh= 1.455E-06 alpha_mix =  0.700 |ddv_scf|^2 =  6.253E-11

      iter #   8 total cpu time :    15.8 secs   av.it.:   8.7
      thresh= 7.908E-07 alpha_mix =  0.700 |ddv_scf|^2 =  6.688E-13

     End of self-consistent calculation

     Convergence has been achieved 


     Representation #   2 mode #   2

     Self-consistent Calculation

      iter #   1 total cpu time :    16.4 secs   av.it.:   6.6
      thresh= 1.000E-02 alpha_mix =  0.700 |ddv_scf|^2 =  5.250E-04

      iter #   2 total cpu time :    17.1 secs   av.it.:   9.1
      thresh= 2.291E-03 alpha_mix =  0.700 |ddv_scf|^2 =  8.377E-03

      iter #   3 total cpu time :    17.8 secs   av.it.:   7.4
      thresh= 9.152E-03 alpha_mix =  0.700 |ddv_scf|^2 =  2.944E-07

      iter #   4 total cpu time :    18.5 secs   av.it.:   9.5
      thresh= 5.426E-05 alpha_mix =  0.700 |ddv_scf|^2 =  2.408E-08

      iter #   5 total cpu time :    19.3 secs   av.it.:   9.3
      thresh= 1.552E-05 alpha_mix =  0.700 |ddv_scf|^2 =  1.127E-10

      iter #   6 total cpu time :    20.1 secs   av.it.:   9.8
      thresh= 1.062E-06 alpha_mix =  0.700 |ddv_scf|^2 =  1.527E-10

      iter #   7 total cpu time :    20.8 secs   av.it.:   8.3
      thresh= 1.236E-06 alpha_mix =  0.700 |ddv_scf|^2 =  7.563E-11

      iter #   8 total cpu time :    21.5 secs   av.it.:   8.5
      thresh= 8.697E-07 alpha_mix =  0.700 |ddv_scf|^2 =  6.758E-13

     End of self-consistent calculation

     Convergence has been achieved 


     Representation #   3 modes #   3   4

     Self-consistent Calculation

      iter #   1 total cpu time :    22.7 secs   av.it.:   6.1
      thresh= 1.000E-02 alpha_mix =  0.700 |ddv_scf|^2 =  7.418E-08

      iter #   2 total cpu time :    24.4 secs   av.it.:  11.2
      thresh= 2.724E-05 alpha_mix =  0.700 |ddv_scf|^2 =  4.308E-09

      iter #   3 total cpu time :    26.1 secs   av.it.:  11.1
      thresh= 6.564E-06 alpha_mix =  0.700 |ddv_scf|^2 =  8.021E-11

      iter #   4 total cpu time :    27.9 secs   av.it.:  11.2
      thresh= 8.956E-07 alpha_mix =  0.700 |ddv_scf|^2 =  8.590E-13

     End of self-consistent calculation

     Convergence has been achieved 


     Representation #   4 modes #   5   6

     Self-consistent Calculation

      iter #   1 total cpu time :    29.1 secs   av.it.:   6.1
      thresh= 1.000E-02 alpha_mix =  0.700 |ddv_scf|^2 =  7.416E-08

      iter #   2 total cpu time :    30.8 secs   av.it.:  11.2
      thresh= 2.723E-05 alpha_mix =  0.700 |ddv_scf|^2 =  4.303E-09

      iter #   3 total cpu time :    32.6 secs   av.it.:  11.0
      thresh= 6.560E-06 alpha_mix =  0.700 |ddv_scf|^2 =  8.022E-11

      iter #   4 total cpu time :    34.3 secs   av.it.:  11.2
      thresh= 8.957E-07 alpha_mix =  0.700 |ddv_scf|^2 =  8.599E-13

     End of self-consistent calculation

     Convergence has been achieved 
 
     Number of q in the star =    8
     List of q in the star:
          1  -0.176776695   0.176776695  -0.176776695
          2   0.176776695  -0.176776695  -0.176776695
          3   0.176776695  -0.176776695   0.176776695
          4   0.176776695   0.176776695   0.176776695
          5  -0.176776695  -0.176776695  -0.176776695
          6  -0.176776695  -0.176776695   0.176776695
          7  -0.176776695   0.176776695   0.176776695
          8   0.176776695   0.176776695  -0.176776695

     Diagonalizing the dynamical matrix

     q = (   -0.176776695   0.176776695  -0.176776695 ) 

 **************************************************************************
     freq (    1) =       2.678703 [THz] =      89.351927 [cm-1]
     freq (    2) =       2.678703 [THz] =      89.351927 [cm-1]
     freq (    3) =       6.859453 [THz] =     228.806733 [cm-1]
     freq (    4) =      14.526423 [THz] =     484.549302 [cm-1]
     freq (    5) =      14.839585 [THz] =     494.995263 [cm-1]
     freq (    6) =      14.839585 [THz] =     494.995263 [cm-1]
 **************************************************************************

     Mode symmetry, C_3v (3m)   point group:

     freq (   1-   2) =         89.4  [cm-1]   --> E    L_3           
     freq (   3-   3) =        228.8  [cm-1]   --> A_1  L_1           
     freq (   4-   4) =        484.5  [cm-1]   --> A_1  L_1           
     freq (   5-   6) =        495.0  [cm-1]   --> E    L_3           

     Calculation of q =    0.3535534  -0.3535534   0.3535534
 
     Parallelization info
     --------------------
     sticks:   dense  smooth     PW     G-vecs:    dense   smooth      PW
     Min          41      41     15                  614      614     140
     Max          42      42     16                  618      618     143
     Sum         499     499    187                 7391     7391    1687
 
     Using Slab Decomposition
 

     Title: 
     Si                                                                         


     bravais-lattice index     =            0
     lattice parameter (alat)  =       7.2074  a.u.
     unit-cell volume          =     264.7386 (a.u.)^3
     number of atoms/cell      =            2
     number of atomic types    =            1
     number of electrons       =         8.00
     number of Kohn-Sham states=            4
     kinetic-energy cutoff     =      35.0000  Ry
     charge density cutoff     =     140.0000  Ry
     Exchange-correlation= PW
                           (   1   4   0   0   0   0   0)

     celldm(1)=   7.207380  celldm(2)=   0.000000  celldm(3)=   0.000000
     celldm(4)=   0.000000  celldm(5)=   0.000000  celldm(6)=   0.000000

     crystal axes: (cart. coord. in units of alat)
               a(1) = (  -0.707107   0.000000   0.707107 )  
               a(2) = (   0.000000   0.707107   0.707107 )  
               a(3) = (  -0.707107   0.707107   0.000000 )  

     reciprocal axes: (cart. coord. in units 2 pi/alat)
               b(1) = ( -0.707107 -0.707107  0.707107 )  
               b(2) = (  0.707107  0.707107  0.707107 )  
               b(3) = ( -0.707107  0.707107 -0.707107 )  


     PseudoPot. # 1 for Si read from file:
     ./Si.upf
     MD5 check sum: 9e2d726316af3d4752eea8ab0afbb951
     Pseudo is Norm-conserving + core correction, Zval =  4.0
     Generated using ONCVPSP code by D. R. Hamann
     Using radial grid of 1510 points,  6 beta functions with: 
                l(1) =   0
                l(2) =   0
                l(3) =   1
                l(4) =   1
                l(5) =   2
                l(6) =   2

     atomic species   valence    mass     pseudopotential
     Si                4.00    28.08600     Si( 1.00)

     48 Sym. Ops., with inversion, found



   Cartesian axes

     site n.     atom                  positions (alat units)
         1        Si     tau(   1) = (   0.0000000   0.0000000   0.0000000  )
         2        Si     tau(   2) = (  -0.3535534   0.3535534   0.3535534  )

     number of k points=   378

     Number of k-points >= 100: set verbosity='high' to print them.

     Dense  grid:     7391 G-vectors     FFT dimensions: (  32,  32,  32)

     Estimated max dynamical RAM per process >       1.38 MB

     Estimated total dynamical RAM >      16.52 MB

     The potential is recalculated from file :
     ./tmp/_ph0/si.save/charge-density

     Starting wfcs are    8 atomic wfcs

     Band Structure Calculation
     Davidson diagonalization with overlap

     ethr =  1.25E-10,  avg # of iterations = 12.5

     total cpu time spent up to now is        3.2 secs

     End of band structure calculation

     Number of k-points >= 100: set verbosity='high' to print the bands.

     highest occupied level (ev):     6.2489

     Writing config to output data dir ./tmp/_ph0/si.save/ :
     XML data file

     Si                                                                         

     bravais-lattice index     =            0
     lattice parameter (alat)  =       7.2074  a.u.
     unit-cell volume          =     264.7386 (a.u.)^3
     number of atoms/cell      =            2
     number of atomic types    =            1
     kinetic-energy cut-off    =      35.0000  Ry
     charge density cut-off    =     140.0000  Ry
     convergence threshold     =      1.0E-12
     beta                      =       0.7000
     number of iterations used =            4
     Exchange-correlation= PW
                           (   1   4   0   0   0   0   0)


     celldm(1)=    7.20738  celldm(2)=    0.00000  celldm(3)=    0.00000
     celldm(4)=    0.00000  celldm(5)=    0.00000  celldm(6)=    0.00000

     crystal axes: (cart. coord. in units of alat)
               a(1) = ( -0.7071  0.0000  0.7071 )  
               a(2) = (  0.0000  0.7071  0.7071 )  
               a(3) = ( -0.7071  0.7071  0.0000 )  

     reciprocal axes: (cart. coord. in units 2 pi/alat)
               b(1) = ( -0.7071 -0.7071  0.7071 )  
               b(2) = (  0.7071  0.7071  0.7071 )  
               b(3) = ( -0.7071  0.7071 -0.7071 )  


     Atoms inside the unit cell: 

     Cartesian axes

     site n.  atom      mass           positions (alat units)
        1  Si     28.0860   tau(    1) = (    0.00000    0.00000    0.00000  )
        2  Si     28.0860   tau(    2) = (   -0.35355    0.35355    0.35355  )

     Computing dynamical matrix for 
                    q = (   0.3535534  -0.3535534   0.3535534 )
 
     13 Sym.Ops. (with q -> -q+G )


     G cutoff =  184.2142  (    618 G-vectors)     FFT grid: ( 32, 32, 32)
     number of k points=   378

     PseudoPot. # 1 for Si read from file:
     ./Si.upf
     MD5 check sum: 9e2d726316af3d4752eea8ab0afbb951
     Pseudo is Norm-conserving + core correction, Zval =  4.0
     Generated using ONCVPSP code by D. R. Hamann
     Using radial grid of 1510 points,  6 beta functions with: 
                l(1) =   0
                l(2) =   0
                l(3) =   1
                l(4) =   1
                l(5) =   2
                l(6) =   2


     Atomic displacements:
     There are    4 irreducible representations

     Representation     1      1 modes -  To be done

     Representation     2      1 modes -  To be done

     Representation     3      2 modes -  To be done

     Representation     4      2 modes -  To be done



     Alpha used in Ewald sum =   1.5000
     PHONON       :     32.41s CPU     35.54s WALL



     Representation #   1 mode #   1

     Self-consistent Calculation

      iter #   1 total cpu time :    35.8 secs   av.it.:   5.8
      thresh= 1.000E-02 alpha_mix =  0.700 |ddv_scf|^2 =  4.847E-06

      iter #   2 total cpu time :    36.3 secs   av.it.:   9.7
      thresh= 2.202E-04 alpha_mix =  0.700 |ddv_scf|^2 =  4.473E-06

      iter #   3 total cpu time :    36.6 secs   av.it.:   8.9
      thresh= 2.115E-04 alpha_mix =  0.700 |ddv_scf|^2 =  6.032E-10

      iter #   4 total cpu time :    37.1 secs   av.it.:   9.8
      thresh= 2.456E-06 alpha_mix =  0.700 |ddv_scf|^2 =  1.057E-11

      iter #   5 total cpu time :    37.5 secs   av.it.:   9.4
      thresh= 3.252E-07 alpha_mix =  0.700 |ddv_scf|^2 =  1.443E-13

     End of self-consistent calculation

     Convergence has been achieved 


     Representation #   2 mode #   2

     Self-consistent Calculation

      iter #   1 total cpu time :    37.8 secs   av.it.:   6.6
      thresh= 1.000E-02 alpha_mix =  0.700 |ddv_scf|^2 =  7.404E-05

      iter #   2 total cpu time :    38.3 secs   av.it.:   9.8
      thresh= 8.605E-04 alpha_mix =  0.700 |ddv_scf|^2 =  2.419E-04

      iter #   3 total cpu time :    38.6 secs   av.it.:   8.8
      thresh= 1.555E-03 alpha_mix =  0.700 |ddv_scf|^2 =  1.446E-08

      iter #   4 total cpu time :    39.0 secs   av.it.:   9.4
      thresh= 1.202E-05 alpha_mix =  0.700 |ddv_scf|^2 =  3.006E-10

      iter #   5 total cpu time :    39.5 secs   av.it.:  10.0
      thresh= 1.734E-06 alpha_mix =  0.700 |ddv_scf|^2 =  1.481E-11

      iter #   6 total cpu time :    39.9 secs   av.it.:   9.7
      thresh= 3.848E-07 alpha_mix =  0.700 |ddv_scf|^2 =  4.050E-13

     End of self-consistent calculation

     Convergence has been achieved 


     Representation #   3 modes #   3   4

     Self-consistent Calculation

      iter #   1 total cpu time :    40.5 secs   av.it.:   5.9
      thresh= 1.000E-02 alpha_mix =  0.700 |ddv_scf|^2 =  1.712E-07

      iter #   2 total cpu time :    41.4 secs   av.it.:  10.9
      thresh= 4.138E-05 alpha_mix =  0.700 |ddv_scf|^2 =  1.452E-08

      iter #   3 total cpu time :    42.3 secs   av.it.:  10.7
      thresh= 1.205E-05 alpha_mix =  0.700 |ddv_scf|^2 =  9.714E-11

      iter #   4 total cpu time :    43.2 secs   av.it.:  10.7
      thresh= 9.856E-07 alpha_mix =  0.700 |ddv_scf|^2 =  1.084E-13

     End of self-consistent calculation

     Convergence has been achieved 


     Representation #   4 modes #   5   6

     Self-consistent Calculation

      iter #   1 total cpu time :    43.9 secs   av.it.:   5.6
      thresh= 1.000E-02 alpha_mix =  0.700 |ddv_scf|^2 =  1.944E-08

      iter #   2 total cpu time :    44.8 secs   av.it.:  10.9
      thresh= 1.394E-05 alpha_mix =  0.700 |ddv_scf|^2 =  5.087E-10

      iter #   3 total cpu time :    45.7 secs   av.it.:  10.9
      thresh= 2.255E-06 alpha_mix =  0.700 |ddv_scf|^2 =  3.130E-11

      iter #   4 total cpu time :    46.6 secs   av.it.:  11.0
      thresh= 5.594E-07 alpha_mix =  0.700 |ddv_scf|^2 =  1.337E-13

     End of self-consistent calculation

     Convergence has been achieved 
 
     Number of q in the star =    4
     List of q in the star:
          1   0.353553391  -0.353553391   0.353553391
          2   0.353553391   0.353553391   0.353553391
          3  -0.353553391   0.353553391   0.353553391
          4   0.353553391   0.353553391  -0.353553391

     Diagonalizing the dynamical matrix

     q = (    0.353553391  -0.353553391   0.353553391 ) 

 **************************************************************************
     freq (    1) =       3.146048 [THz] =     104.940856 [cm-1]
     freq (    2) =       3.146048 [THz] =     104.940856 [cm-1]
     freq (    3) =      11.162271 [THz] =     372.333289 [cm-1]
     freq (    4) =      12.384601 [THz] =     413.105811 [cm-1]
     freq (    5) =      14.688243 [THz] =     489.947063 [cm-1]
     freq (    6) =      14.688243 [THz] =     489.947063 [cm-1]
 **************************************************************************

     Calculation of q =    0.0000000   0.3535534   0.0000000
 
     Parallelization info
     --------------------
     sticks:   dense  smooth     PW     G-vecs:    dense   smooth      PW
     Min          41      41     14                  614      614     121
     Max          42      42     15                  618      618     124
     Sum         499     499    169                 7391     7391    1471
 
     Using Slab Decomposition
 

     Title: 
     Si                                                                         


     bravais-lattice index     =            0
     lattice parameter (alat)  =       7.2074  a.u.
     unit-cell volume          =     264.7386 (a.u.)^3
     number of atoms/cell      =            2
     number of atomic types    =            1
     number of electrons       =         8.00
     number of Kohn-Sham states=            4
     kinetic-energy cutoff     =      35.0000  Ry
     charge density cutoff     =     140.0000  Ry
     Exchange-correlation= PW
                           (   1   4   0   0   0   0   0)

     celldm(1)=   7.207380  celldm(2)=   0.000000  celldm(3)=   0.000000
     celldm(4)=   0.000000  celldm(5)=   0.000000  celldm(6)=   0.000000

     crystal axes: (cart. coord. in units of alat)
               a(1) = (  -0.707107   0.000000   0.707107 )  
               a(2) = (   0.000000   0.707107   0.707107 )  
               a(3) = (  -0.707107   0.707107   0.000000 )  

     reciprocal axes: (cart. coord. in units 2 pi/alat)
               b(1) = ( -0.707107 -0.707107  0.707107 )  
               b(2) = (  0.707107  0.707107  0.707107 )  
               b(3) = ( -0.707107  0.707107 -0.707107 )  


     PseudoPot. # 1 for Si read from file:
     ./Si.upf
     MD5 check sum: 9e2d726316af3d4752eea8ab0afbb951
     Pseudo is Norm-conserving + core correction, Zval =  4.0
     Generated using ONCVPSP code by D. R. Hamann
     Using radial grid of 1510 points,  6 beta functions with: 
                l(1) =   0
                l(2) =   0
                l(3) =   1
                l(4) =   1
                l(5) =   2
                l(6) =   2

     atomic species   valence    mass     pseudopotential
     Si                4.00    28.08600     Si( 1.00)

     48 Sym. Ops., with inversion, found



   Cartesian axes

     site n.     atom                  positions (alat units)
         1        Si     tau(   1) = (   0.0000000   0.0000000   0.0000000  )
         2        Si     tau(   2) = (  -0.3535534   0.3535534   0.3535534  )

     number of k points=   588

     Number of k-points >= 100: set verbosity='high' to print them.

     Dense  grid:     7391 G-vectors     FFT dimensions: (  32,  32,  32)

     Estimated max dynamical RAM per process >       1.36 MB

     Estimated total dynamical RAM >      16.31 MB

     The potential is recalculated from file :
     ./tmp/_ph0/si.save/charge-density

     Starting wfcs are    8 atomic wfcs

     Band Structure Calculation
     Davidson diagonalization with overlap

     ethr =  1.25E-10,  avg # of iterations = 12.5

     total cpu time spent up to now is        5.0 secs

     End of band structure calculation

     Number of k-points >= 100: set verbosity='high' to print the bands.

     highest occupied level (ev):     6.2489

     Writing config to output data dir ./tmp/_ph0/si.save/ :
     XML data file

     Si                                                                         

     bravais-lattice index     =            0
     lattice parameter (alat)  =       7.2074  a.u.
     unit-cell volume          =     264.7386 (a.u.)^3
     number of atoms/cell      =            2
     number of atomic types    =            1
     kinetic-energy cut-off    =      35.0000  Ry
     charge density cut-off    =     140.0000  Ry
     convergence threshold     =      1.0E-12
     beta                      =       0.7000
     number of iterations used =            4
     Exchange-correlation= PW
                           (   1   4   0   0   0   0   0)


     celldm(1)=    7.20738  celldm(2)=    0.00000  celldm(3)=    0.00000
     celldm(4)=    0.00000  celldm(5)=    0.00000  celldm(6)=    0.00000

     crystal axes: (cart. coord. in units of alat)
               a(1) = ( -0.7071  0.0000  0.7071 )  
               a(2) = (  0.0000  0.7071  0.7071 )  
               a(3) = ( -0.7071  0.7071  0.0000 )  

     reciprocal axes: (cart. coord. in units 2 pi/alat)
               b(1) = ( -0.7071 -0.7071  0.7071 )  
               b(2) = (  0.7071  0.7071  0.7071 )  
               b(3) = ( -0.7071  0.7071 -0.7071 )  


     Atoms inside the unit cell: 

     Cartesian axes

     site n.  atom      mass           positions (alat units)
        1  Si     28.0860   tau(    1) = (    0.00000    0.00000    0.00000  )
        2  Si     28.0860   tau(    2) = (   -0.35355    0.35355    0.35355  )

     Computing dynamical matrix for 
                    q = (   0.0000000   0.3535534   0.0000000 )
 
      8 Sym.Ops. (no q -> -q+G )


     G cutoff =  184.2142  (    618 G-vectors)     FFT grid: ( 32, 32, 32)
     number of k points=   588

     PseudoPot. # 1 for Si read from file:
     ./Si.upf
     MD5 check sum: 9e2d726316af3d4752eea8ab0afbb951
     Pseudo is Norm-conserving + core correction, Zval =  4.0
     Generated using ONCVPSP code by D. R. Hamann
     Using radial grid of 1510 points,  6 beta functions with: 
                l(1) =   0
                l(2) =   0
                l(3) =   1
                l(4) =   1
                l(5) =   2
                l(6) =   2

     Mode symmetry, C_4v (4mm)  point group:


     Atomic displacements:
     There are    4 irreducible representations

     Representation     1      1 modes -  To be done

     Representation     2      1 modes -  To be done

     Representation     3      2 modes -  To be done

     Representation     4      2 modes -  To be done



     Alpha used in Ewald sum =   1.5000
     PHONON       :     44.34s CPU     48.53s WALL



     Representation #   1 mode #   1

     Self-consistent Calculation

      iter #   1 total cpu time :    49.1 secs   av.it.:   6.6
      thresh= 1.000E-02 alpha_mix =  0.700 |ddv_scf|^2 =  6.288E-04

      iter #   2 total cpu time :    49.7 secs   av.it.:   9.1
      thresh= 2.508E-03 alpha_mix =  0.700 |ddv_scf|^2 =  8.696E-03

      iter #   3 total cpu time :    50.2 secs   av.it.:   7.5
      thresh= 9.325E-03 alpha_mix =  0.700 |ddv_scf|^2 =  3.203E-09

      iter #   4 total cpu time :    50.9 secs   av.it.:  10.1
      thresh= 5.660E-06 alpha_mix =  0.700 |ddv_scf|^2 =  7.721E-10

      iter #   5 total cpu time :    51.5 secs   av.it.:   9.2
      thresh= 2.779E-06 alpha_mix =  0.700 |ddv_scf|^2 =  1.326E-10

      iter #   6 total cpu time :    52.1 secs   av.it.:   8.8
      thresh= 1.152E-06 alpha_mix =  0.700 |ddv_scf|^2 =  2.435E-13

     End of self-consistent calculation

     Convergence has been achieved 


     Representation #   2 mode #   2

     Self-consistent Calculation

      iter #   1 total cpu time :    52.6 secs   av.it.:   5.8
      thresh= 1.000E-02 alpha_mix =  0.700 |ddv_scf|^2 =  9.490E-07

      iter #   2 total cpu time :    53.2 secs   av.it.:   9.8
      thresh= 9.741E-05 alpha_mix =  0.700 |ddv_scf|^2 =  2.516E-07

      iter #   3 total cpu time :    53.9 secs   av.it.:   9.6
      thresh= 5.016E-05 alpha_mix =  0.700 |ddv_scf|^2 =  1.013E-09

      iter #   4 total cpu time :    54.5 secs   av.it.:   9.7
      thresh= 3.183E-06 alpha_mix =  0.700 |ddv_scf|^2 =  5.108E-11

      iter #   5 total cpu time :    55.1 secs   av.it.:   9.8
      thresh= 7.147E-07 alpha_mix =  0.700 |ddv_scf|^2 =  1.038E-13

     End of self-consistent calculation

     Convergence has been achieved 


     Representation #   3 modes #   3   4

     Self-consistent Calculation

      iter #   1 total cpu time :    56.1 secs   av.it.:   6.0
      thresh= 1.000E-02 alpha_mix =  0.700 |ddv_scf|^2 =  1.334E-07

      iter #   2 total cpu time :    57.5 secs   av.it.:  11.0
      thresh= 3.653E-05 alpha_mix =  0.700 |ddv_scf|^2 =  2.032E-08

      iter #   3 total cpu time :    58.9 secs   av.it.:  10.7
      thresh= 1.425E-05 alpha_mix =  0.700 |ddv_scf|^2 =  1.090E-10

      iter #   4 total cpu time :    60.3 secs   av.it.:  11.0
      thresh= 1.044E-06 alpha_mix =  0.700 |ddv_scf|^2 =  5.529E-13

     End of self-consistent calculation

     Convergence has been achieved 


     Representation #   4 modes #   5   6

     Self-consistent Calculation

      iter #   1 total cpu time :    61.3 secs   av.it.:   6.1
      thresh= 1.000E-02 alpha_mix =  0.700 |ddv_scf|^2 =  1.991E-07

      iter #   2 total cpu time :    62.7 secs   av.it.:  11.0
      thresh= 4.462E-05 alpha_mix =  0.700 |ddv_scf|^2 =  3.080E-08

      iter #   3 total cpu time :    64.1 secs   av.it.:  10.7
      thresh= 1.755E-05 alpha_mix =  0.700 |ddv_scf|^2 =  1.184E-10

      iter #   4 total cpu time :    65.5 secs   av.it.:  10.9
      thresh= 1.088E-06 alpha_mix =  0.700 |ddv_scf|^2 =  4.873E-13

     End of self-consistent calculation

     Convergence has been achieved 
 
     Number of q in the star =    6
     List of q in the star:
          1   0.000000000   0.353553391   0.000000000
          2   0.000000000  -0.353553391   0.000000000
          3   0.353553391   0.000000000   0.000000000
          4   0.000000000   0.000000000   0.353553391
          5   0.000000000   0.000000000  -0.353553391
          6  -0.353553391   0.000000000   0.000000000

     Diagonalizing the dynamical matrix

     q = (    0.000000000   0.353553391   0.000000000 ) 

 **************************************************************************
     freq (    1) =       3.673420 [THz] =     122.532092 [cm-1]
     freq (    2) =       3.673420 [THz] =     122.532092 [cm-1]
     freq (    3) =       7.200355 [THz] =     240.177977 [cm-1]
     freq (    4) =      14.204516 [THz] =     473.811646 [cm-1]
     freq (    5) =      14.204516 [THz] =     473.811646 [cm-1]
     freq (    6) =      14.755484 [THz] =     492.189972 [cm-1]
 **************************************************************************

     Mode symmetry, C_4v (4mm)  point group:

     freq (   1-   2) =        122.5  [cm-1]   --> E    G_5 D_5       
     freq (   3-   3) =        240.2  [cm-1]   --> A_1  G_1 D_1       
     freq (   4-   5) =        473.8  [cm-1]   --> E    G_5 D_5       
     freq (   6-   6) =        492.2  [cm-1]   --> B_2  G_4 D_2'      

     Calculation of q =    0.5303301  -0.1767767   0.5303301
 
     Parallelization info
     --------------------
     sticks:   dense  smooth     PW     G-vecs:    dense   smooth      PW
     Min          41      41     16                  614      614     150
     Max          42      42     17                  618      618     152
     Sum         499     499    199                 7391     7391    1807
 
     Using Slab Decomposition
 

     Title: 
     Si                                                                         


     bravais-lattice index     =            0
     lattice parameter (alat)  =       7.2074  a.u.
     unit-cell volume          =     264.7386 (a.u.)^3
     number of atoms/cell      =            2
     number of atomic types    =            1
     number of electrons       =         8.00
     number of Kohn-Sham states=            4
     kinetic-energy cutoff     =      35.0000  Ry
     charge density cutoff     =     140.0000  Ry
     Exchange-correlation= PW
                           (   1   4   0   0   0   0   0)

     celldm(1)=   7.207380  celldm(2)=   0.000000  celldm(3)=   0.000000
     celldm(4)=   0.000000  celldm(5)=   0.000000  celldm(6)=   0.000000

     crystal axes: (cart. coord. in units of alat)
               a(1) = (  -0.707107   0.000000   0.707107 )  
               a(2) = (   0.000000   0.707107   0.707107 )  
               a(3) = (  -0.707107   0.707107   0.000000 )  

     reciprocal axes: (cart. coord. in units 2 pi/alat)
               b(1) = ( -0.707107 -0.707107  0.707107 )  
               b(2) = (  0.707107  0.707107  0.707107 )  
               b(3) = ( -0.707107  0.707107 -0.707107 )  


     PseudoPot. # 1 for Si read from file:
     ./Si.upf
     MD5 check sum: 9e2d726316af3d4752eea8ab0afbb951
     Pseudo is Norm-conserving + core correction, Zval =  4.0
     Generated using ONCVPSP code by D. R. Hamann
     Using radial grid of 1510 points,  6 beta functions with: 
                l(1) =   0
                l(2) =   0
                l(3) =   1
                l(4) =   1
                l(5) =   2
                l(6) =   2

     atomic species   valence    mass     pseudopotential
     Si                4.00    28.08600     Si( 1.00)

     48 Sym. Ops., with inversion, found



   Cartesian axes

     site n.     atom                  positions (alat units)
         1        Si     tau(   1) = (   0.0000000   0.0000000   0.0000000  )
         2        Si     tau(   2) = (  -0.3535534   0.3535534   0.3535534  )

     number of k points=  1872

     Number of k-points >= 100: set verbosity='high' to print them.

     Dense  grid:     7391 G-vectors     FFT dimensions: (  32,  32,  32)

     Estimated max dynamical RAM per process >       1.39 MB

     Estimated total dynamical RAM >      16.66 MB

     The potential is recalculated from file :
     ./tmp/_ph0/si.save/charge-density

     Starting wfcs are    8 atomic wfcs

     Band Structure Calculation
     Davidson diagonalization with overlap

     ethr =  1.25E-10,  avg # of iterations = 12.5

     total cpu time spent up to now is       10.6 secs

     End of band structure calculation

     Number of k-points >= 100: set verbosity='high' to print the bands.

     highest occupied level (ev):     6.2489

     Writing config to output data dir ./tmp/_ph0/si.save/ :
     XML data file

     Si                                                                         

     bravais-lattice index     =            0
     lattice parameter (alat)  =       7.2074  a.u.
     unit-cell volume          =     264.7386 (a.u.)^3
     number of atoms/cell      =            2
     number of atomic types    =            1
     kinetic-energy cut-off    =      35.0000  Ry
     charge density cut-off    =     140.0000  Ry
     convergence threshold     =      1.0E-12
     beta                      =       0.7000
     number of iterations used =            4
     Exchange-correlation= PW
                           (   1   4   0   0   0   0   0)


     celldm(1)=    7.20738  celldm(2)=    0.00000  celldm(3)=    0.00000
     celldm(4)=    0.00000  celldm(5)=    0.00000  celldm(6)=    0.00000

     crystal axes: (cart. coord. in units of alat)
               a(1) = ( -0.7071  0.0000  0.7071 )  
               a(2) = (  0.0000  0.7071  0.7071 )  
               a(3) = ( -0.7071  0.7071  0.0000 )  

     reciprocal axes: (cart. coord. in units 2 pi/alat)
               b(1) = ( -0.7071 -0.7071  0.7071 )  
               b(2) = (  0.7071  0.7071  0.7071 )  
               b(3) = ( -0.7071  0.7071 -0.7071 )  


     Atoms inside the unit cell: 

     Cartesian axes

     site n.  atom      mass           positions (alat units)
        1  Si     28.0860   tau(    1) = (    0.00000    0.00000    0.00000  )
        2  Si     28.0860   tau(    2) = (   -0.35355    0.35355    0.35355  )

     Computing dynamical matrix for 
                    q = (   0.5303301  -0.1767767   0.5303301 )
 
      2 Sym.Ops. (no q -> -q+G )


     G cutoff =  184.2142  (    618 G-vectors)     FFT grid: ( 32, 32, 32)
     number of k points=  1872

     PseudoPot. # 1 for Si read from file:
     ./Si.upf
     MD5 check sum: 9e2d726316af3d4752eea8ab0afbb951
     Pseudo is Norm-conserving + core correction, Zval =  4.0
     Generated using ONCVPSP code by D. R. Hamann
     Using radial grid of 1510 points,  6 beta functions with: 
                l(1) =   0
                l(2) =   0
                l(3) =   1
                l(4) =   1
                l(5) =   2
                l(6) =   2

     Mode symmetry, C_s (m)     point group:


     Atomic displacements:
     There are    6 irreducible representations

     Representation     1      1 modes -  To be done

     Representation     2      1 modes -  To be done

     Representation     3      1 modes -  To be done

     Representation     4      1 modes -  To be done

     Representation     5      1 modes -  To be done

     Representation     6      1 modes -  To be done



     Alpha used in Ewald sum =   1.5000
     PHONON       :   1m 5.29s CPU   1m11.35s WALL



     Representation #   1 mode #   1

     Self-consistent Calculation

      iter #   1 total cpu time :    73.0 secs   av.it.:   6.6
      thresh= 1.000E-02 alpha_mix =  0.700 |ddv_scf|^2 =  2.605E-05

      iter #   2 total cpu time :    75.1 secs   av.it.:  10.2
      thresh= 5.104E-04 alpha_mix =  0.700 |ddv_scf|^2 =  7.761E-05

      iter #   3 total cpu time :    77.0 secs   av.it.:   9.1
      thresh= 8.810E-04 alpha_mix =  0.700 |ddv_scf|^2 =  2.924E-07

      iter #   4 total cpu time :    79.0 secs   av.it.:   9.6
      thresh= 5.407E-05 alpha_mix =  0.700 |ddv_scf|^2 =  1.716E-09

      iter #   5 total cpu time :    81.1 secs   av.it.:  10.1
      thresh= 4.143E-06 alpha_mix =  0.700 |ddv_scf|^2 =  1.914E-10

      iter #   6 total cpu time :    83.2 secs   av.it.:  10.1
      thresh= 1.383E-06 alpha_mix =  0.700 |ddv_scf|^2 =  4.958E-12

      iter #   7 total cpu time :    85.3 secs   av.it.:  10.4
      thresh= 2.227E-07 alpha_mix =  0.700 |ddv_scf|^2 =  1.356E-13

     End of self-consistent calculation

     Convergence has been achieved 


     Representation #   2 mode #   2

     Self-consistent Calculation

      iter #   1 total cpu time :    87.0 secs   av.it.:   6.5
      thresh= 1.000E-02 alpha_mix =  0.700 |ddv_scf|^2 =  1.735E-05

      iter #   2 total cpu time :    89.3 secs   av.it.:  10.2
      thresh= 4.165E-04 alpha_mix =  0.700 |ddv_scf|^2 =  5.108E-05

      iter #   3 total cpu time :    91.2 secs   av.it.:   9.1
      thresh= 7.147E-04 alpha_mix =  0.700 |ddv_scf|^2 =  1.883E-07

      iter #   4 total cpu time :    93.2 secs   av.it.:   9.7
      thresh= 4.340E-05 alpha_mix =  0.700 |ddv_scf|^2 =  2.880E-09

      iter #   5 total cpu time :    95.3 secs   av.it.:  10.0
      thresh= 5.367E-06 alpha_mix =  0.700 |ddv_scf|^2 =  3.281E-10

      iter #   6 total cpu time :    97.4 secs   av.it.:  10.0
      thresh= 1.811E-06 alpha_mix =  0.700 |ddv_scf|^2 =  7.883E-12

      iter #   7 total cpu time :    99.5 secs   av.it.:  10.4
      thresh= 2.808E-07 alpha_mix =  0.700 |ddv_scf|^2 =  3.467E-13

     End of self-consistent calculation

     Convergence has been achieved 


     Representation #   3 mode #   3

     Self-consistent Calculation

      iter #   1 total cpu time :   101.2 secs   av.it.:   6.4
      thresh= 1.000E-02 alpha_mix =  0.700 |ddv_scf|^2 =  1.359E-05

      iter #   2 total cpu time :   103.3 secs   av.it.:  10.2
      thresh= 3.686E-04 alpha_mix =  0.700 |ddv_scf|^2 =  3.592E-05

      iter #   3 total cpu time :   105.3 secs   av.it.:   9.1
      thresh= 5.994E-04 alpha_mix =  0.700 |ddv_scf|^2 =  3.462E-07

      iter #   4 total cpu time :   107.3 secs   av.it.:   9.5
      thresh= 5.884E-05 alpha_mix =  0.700 |ddv_scf|^2 =  3.215E-09

      iter #   5 total cpu time :   109.4 secs   av.it.:  10.0
      thresh= 5.670E-06 alpha_mix =  0.700 |ddv_scf|^2 =  3.191E-10

      iter #   6 total cpu time :   111.4 secs   av.it.:  10.0
      thresh= 1.786E-06 alpha_mix =  0.700 |ddv_scf|^2 =  4.278E-12

      iter #   7 total cpu time :   113.6 secs   av.it.:  10.3
      thresh= 2.068E-07 alpha_mix =  0.700 |ddv_scf|^2 =  1.823E-13

     End of self-consistent calculation

     Convergence has been achieved 


     Representation #   4 mode #   4

     Self-consistent Calculation

      iter #   1 total cpu time :   115.2 secs   av.it.:   6.2
      thresh= 1.000E-02 alpha_mix =  0.700 |ddv_scf|^2 =  4.874E-06

      iter #   2 total cpu time :   117.3 secs   av.it.:  10.3
      thresh= 2.208E-04 alpha_mix =  0.700 |ddv_scf|^2 =  9.342E-06

      iter #   3 total cpu time :   119.3 secs   av.it.:   9.3
      thresh= 3.056E-04 alpha_mix =  0.700 |ddv_scf|^2 =  2.774E-07

      iter #   4 total cpu time :   121.3 secs   av.it.:   9.6
      thresh= 5.267E-05 alpha_mix =  0.700 |ddv_scf|^2 =  3.094E-09

      iter #   5 total cpu time :   123.3 secs   av.it.:  10.0
      thresh= 5.563E-06 alpha_mix =  0.700 |ddv_scf|^2 =  4.096E-10

      iter #   6 total cpu time :   125.4 secs   av.it.:  10.1
      thresh= 2.024E-06 alpha_mix =  0.700 |ddv_scf|^2 =  8.143E-12

      iter #   7 total cpu time :   127.6 secs   av.it.:  10.4
      thresh= 2.854E-07 alpha_mix =  0.700 |ddv_scf|^2 =  3.518E-13

     End of self-consistent calculation

     Convergence has been achieved 


     Representation #   5 mode #   5

     Self-consistent Calculation

      iter #   1 total cpu time :   129.2 secs   av.it.:   6.0
      thresh= 1.000E-02 alpha_mix =  0.700 |ddv_scf|^2 =  8.114E-07

      iter #   2 total cpu time :   131.4 secs   av.it.:  10.2
      thresh= 9.008E-05 alpha_mix =  0.700 |ddv_scf|^2 =  1.517E-07

      iter #   3 total cpu time :   133.4 secs   av.it.:   9.8
      thresh= 3.894E-05 alpha_mix =  0.700 |ddv_scf|^2 =  4.852E-10

      iter #   4 total cpu time :   135.5 secs   av.it.:  10.1
      thresh= 2.203E-06 alpha_mix =  0.700 |ddv_scf|^2 =  1.557E-12

      iter #   5 total cpu time :   137.6 secs   av.it.:  10.1
      thresh= 1.248E-07 alpha_mix =  0.700 |ddv_scf|^2 =  2.802E-14

     End of self-consistent calculation

     Convergence has been achieved 


     Representation #   6 mode #   6

     Self-consistent Calculation

      iter #   1 total cpu time :   139.2 secs   av.it.:   6.0
      thresh= 1.000E-02 alpha_mix =  0.700 |ddv_scf|^2 =  8.114E-07

      iter #   2 total cpu time :   141.4 secs   av.it.:  10.2
      thresh= 9.008E-05 alpha_mix =  0.700 |ddv_scf|^2 =  1.517E-07

      iter #   3 total cpu time :   143.5 secs   av.it.:   9.8
      thresh= 3.894E-05 alpha_mix =  0.700 |ddv_scf|^2 =  4.852E-10

      iter #   4 total cpu time :   145.6 secs   av.it.:  10.1
      thresh= 2.203E-06 alpha_mix =  0.700 |ddv_scf|^2 =  1.556E-12

      iter #   5 total cpu time :   147.7 secs   av.it.:  10.1
      thresh= 1.248E-07 alpha_mix =  0.700 |ddv_scf|^2 =  2.800E-14

     End of self-consistent calculation

     Convergence has been achieved 
 
     Number of q in the star =   24
     List of q in the star:
          1   0.530330086  -0.176776695   0.530330086
          2   0.530330086  -0.176776695  -0.530330086
          3  -0.530330086  -0.176776695  -0.530330086
          4  -0.530330086  -0.176776695   0.530330086
          5  -0.530330086   0.176776695  -0.530330086
          6  -0.176776695   0.530330086  -0.530330086
          7  -0.530330086   0.530330086  -0.176776695
          8   0.530330086   0.176776695   0.530330086
          9  -0.530330086   0.176776695   0.530330086
         10   0.530330086   0.176776695  -0.530330086
         11  -0.530330086   0.530330086   0.176776695
         12  -0.176776695   0.530330086   0.530330086
         13   0.176776695   0.530330086  -0.530330086
         14  -0.176776695  -0.530330086  -0.530330086
         15   0.530330086   0.530330086  -0.176776695
         16   0.530330086  -0.530330086   0.176776695
         17  -0.530330086  -0.530330086  -0.176776695
         18   0.176776695  -0.530330086   0.530330086
         19  -0.530330086  -0.530330086   0.176776695
         20   0.176776695   0.530330086   0.530330086
         21  -0.176776695  -0.530330086   0.530330086
         22   0.530330086   0.530330086   0.176776695
         23   0.176776695  -0.530330086  -0.530330086
         24   0.530330086  -0.530330086  -0.176776695

     Diagonalizing the dynamical matrix

     q = (    0.530330086  -0.176776695   0.530330086 ) 

 **************************************************************************
     freq (    1) =       4.064241 [THz] =     135.568504 [cm-1]
     freq (    2) =       5.815299 [THz] =     193.977500 [cm-1]
     freq (    3) =       9.508198 [THz] =     317.159351 [cm-1]
     freq (    4) =      12.385950 [THz] =     413.150833 [cm-1]
     freq (    5) =      14.019622 [THz] =     467.644267 [cm-1]
     freq (    6) =      14.408933 [THz] =     480.630264 [cm-1]
 **************************************************************************

     Mode symmetry, C_s (m)     point group:

     freq (   1-   1) =        135.6  [cm-1]   --> A''                
     freq (   2-   2) =        194.0  [cm-1]   --> A'                 
     freq (   3-   3) =        317.2  [cm-1]   --> A'                 
     freq (   4-   4) =        413.2  [cm-1]   --> A'                 
     freq (   5-   5) =        467.6  [cm-1]   --> A''                
     freq (   6-   6) =        480.6  [cm-1]   --> A'                 

     Calculation of q =    0.3535534   0.0000000   0.3535534
 
     Parallelization info
     --------------------
     sticks:   dense  smooth     PW     G-vecs:    dense   smooth      PW
     Min          41      41     15                  614      614     135
     Max          42      42     16                  618      618     137
     Sum         499     499    187                 7391     7391    1639
 
     Using Slab Decomposition
 

     Title: 
     Si                                                                         


     bravais-lattice index     =            0
     lattice parameter (alat)  =       7.2074  a.u.
     unit-cell volume          =     264.7386 (a.u.)^3
     number of atoms/cell      =            2
     number of atomic types    =            1
     number of electrons       =         8.00
     number of Kohn-Sham states=            4
     kinetic-energy cutoff     =      35.0000  Ry
     charge density cutoff     =     140.0000  Ry
     Exchange-correlation= PW
                           (   1   4   0   0   0   0   0)

     celldm(1)=   7.207380  celldm(2)=   0.000000  celldm(3)=   0.000000
     celldm(4)=   0.000000  celldm(5)=   0.000000  celldm(6)=   0.000000

     crystal axes: (cart. coord. in units of alat)
               a(1) = (  -0.707107   0.000000   0.707107 )  
               a(2) = (   0.000000   0.707107   0.707107 )  
               a(3) = (  -0.707107   0.707107   0.000000 )  

     reciprocal axes: (cart. coord. in units 2 pi/alat)
               b(1) = ( -0.707107 -0.707107  0.707107 )  
               b(2) = (  0.707107  0.707107  0.707107 )  
               b(3) = ( -0.707107  0.707107 -0.707107 )  


     PseudoPot. # 1 for Si read from file:
     ./Si.upf
     MD5 check sum: 9e2d726316af3d4752eea8ab0afbb951
     Pseudo is Norm-conserving + core correction, Zval =  4.0
     Generated using ONCVPSP code by D. R. Hamann
     Using radial grid of 1510 points,  6 beta functions with: 
                l(1) =   0
                l(2) =   0
                l(3) =   1
                l(4) =   1
                l(5) =   2
                l(6) =   2

     atomic species   valence    mass     pseudopotential
     Si                4.00    28.08600     Si( 1.00)

     48 Sym. Ops., with inversion, found



   Cartesian axes

     site n.     atom                  positions (alat units)
         1        Si     tau(   1) = (   0.0000000   0.0000000   0.0000000  )
         2        Si     tau(   2) = (  -0.3535534   0.3535534   0.3535534  )

     number of k points=  1020

     Number of k-points >= 100: set verbosity='high' to print them.

     Dense  grid:     7391 G-vectors     FFT dimensions: (  32,  32,  32)

     Estimated max dynamical RAM per process >       1.37 MB

     Estimated total dynamical RAM >      16.43 MB

     The potential is recalculated from file :
     ./tmp/_ph0/si.save/charge-density

     Starting wfcs are    8 atomic wfcs

     Band Structure Calculation
     Davidson diagonalization with overlap

     ethr =  1.25E-10,  avg # of iterations = 12.5

     total cpu time spent up to now is       13.7 secs

     End of band structure calculation

     Number of k-points >= 100: set verbosity='high' to print the bands.

     highest occupied level (ev):     6.2489

     Writing config to output data dir ./tmp/_ph0/si.save/ :
     XML data file

     Si                                                                         

     bravais-lattice index     =            0
     lattice parameter (alat)  =       7.2074  a.u.
     unit-cell volume          =     264.7386 (a.u.)^3
     number of atoms/cell      =            2
     number of atomic types    =            1
     kinetic-energy cut-off    =      35.0000  Ry
     charge density cut-off    =     140.0000  Ry
     convergence threshold     =      1.0E-12
     beta                      =       0.7000
     number of iterations used =            4
     Exchange-correlation= PW
                           (   1   4   0   0   0   0   0)


     celldm(1)=    7.20738  celldm(2)=    0.00000  celldm(3)=    0.00000
     celldm(4)=    0.00000  celldm(5)=    0.00000  celldm(6)=    0.00000

     crystal axes: (cart. coord. in units of alat)
               a(1) = ( -0.7071  0.0000  0.7071 )  
               a(2) = (  0.0000  0.7071  0.7071 )  
               a(3) = ( -0.7071  0.7071  0.0000 )  

     reciprocal axes: (cart. coord. in units 2 pi/alat)
               b(1) = ( -0.7071 -0.7071  0.7071 )  
               b(2) = (  0.7071  0.7071  0.7071 )  
               b(3) = ( -0.7071  0.7071 -0.7071 )  


     Atoms inside the unit cell: 

     Cartesian axes

     site n.  atom      mass           positions (alat units)
        1  Si     28.0860   tau(    1) = (    0.00000    0.00000    0.00000  )
        2  Si     28.0860   tau(    2) = (   -0.35355    0.35355    0.35355  )

     Computing dynamical matrix for 
                    q = (   0.3535534   0.0000000   0.3535534 )
 
      4 Sym.Ops. (no q -> -q+G )


     G cutoff =  184.2142  (    618 G-vectors)     FFT grid: ( 32, 32, 32)
     number of k points=  1020

     PseudoPot. # 1 for Si read from file:
     ./Si.upf
     MD5 check sum: 9e2d726316af3d4752eea8ab0afbb951
     Pseudo is Norm-conserving + core correction, Zval =  4.0
     Generated using ONCVPSP code by D. R. Hamann
     Using radial grid of 1510 points,  6 beta functions with: 
                l(1) =   0
                l(2) =   0
                l(3) =   1
                l(4) =   1
                l(5) =   2
                l(6) =   2

     Mode symmetry, C_2v (mm2)  point group:


     Atomic displacements:
     There are    6 irreducible representations

     Representation     1      1 modes -  To be done

     Representation     2      1 modes -  To be done

     Representation     3      1 modes -  To be done

     Representation     4      1 modes -  To be done

     Representation     5      1 modes -  To be done

     Representation     6      1 modes -  To be done



     Alpha used in Ewald sum =   1.5000
     PHONON       :   2m17.72s CPU   2m30.93s WALL



     Representation #   1 mode #   1

     Self-consistent Calculation

      iter #   1 total cpu time :   151.8 secs   av.it.:   6.2
      thresh= 1.000E-02 alpha_mix =  0.700 |ddv_scf|^2 =  1.480E-05

      iter #   2 total cpu time :   152.9 secs   av.it.:   9.9
      thresh= 3.847E-04 alpha_mix =  0.700 |ddv_scf|^2 =  7.263E-05

      iter #   3 total cpu time :   153.9 secs   av.it.:   8.5
      thresh= 8.522E-04 alpha_mix =  0.700 |ddv_scf|^2 =  2.076E-07

      iter #   4 total cpu time :   155.0 secs   av.it.:   9.5
      thresh= 4.556E-05 alpha_mix =  0.700 |ddv_scf|^2 =  3.971E-10

      iter #   5 total cpu time :   156.2 secs   av.it.:   9.9
      thresh= 1.993E-06 alpha_mix =  0.700 |ddv_scf|^2 =  2.488E-11

      iter #   6 total cpu time :   157.3 secs   av.it.:   9.7
      thresh= 4.988E-07 alpha_mix =  0.700 |ddv_scf|^2 =  6.383E-13

     End of self-consistent calculation

     Convergence has been achieved 


     Representation #   2 mode #   2

     Self-consistent Calculation

      iter #   1 total cpu time :   158.2 secs   av.it.:   6.8
      thresh= 1.000E-02 alpha_mix =  0.700 |ddv_scf|^2 =  1.135E-04

      iter #   2 total cpu time :   159.3 secs   av.it.:   9.8
      thresh= 1.065E-03 alpha_mix =  0.700 |ddv_scf|^2 =  6.234E-04

      iter #   3 total cpu time :   160.3 secs   av.it.:   8.5
      thresh= 2.497E-03 alpha_mix =  0.700 |ddv_scf|^2 =  1.569E-07

      iter #   4 total cpu time :   161.4 secs   av.it.:   9.7
      thresh= 3.961E-05 alpha_mix =  0.700 |ddv_scf|^2 =  2.015E-09

      iter #   5 total cpu time :   162.5 secs   av.it.:   9.6
      thresh= 4.488E-06 alpha_mix =  0.700 |ddv_scf|^2 =  2.375E-11

      iter #   6 total cpu time :   163.6 secs   av.it.:   9.8
      thresh= 4.873E-07 alpha_mix =  0.700 |ddv_scf|^2 =  8.560E-13

     End of self-consistent calculation

     Convergence has been achieved 


     Representation #   3 mode #   3

     Self-consistent Calculation

      iter #   1 total cpu time :   164.4 secs   av.it.:   5.9
      thresh= 1.000E-02 alpha_mix =  0.700 |ddv_scf|^2 =  8.106E-07

      iter #   2 total cpu time :   165.6 secs   av.it.:   9.9
      thresh= 9.003E-05 alpha_mix =  0.700 |ddv_scf|^2 =  8.710E-08

      iter #   3 total cpu time :   166.7 secs   av.it.:   9.7
      thresh= 2.951E-05 alpha_mix =  0.700 |ddv_scf|^2 =  4.233E-10

      iter #   4 total cpu time :   167.8 secs   av.it.:   9.8
      thresh= 2.057E-06 alpha_mix =  0.700 |ddv_scf|^2 =  5.537E-13

     End of self-consistent calculation

     Convergence has been achieved 


     Representation #   4 mode #   4

     Self-consistent Calculation

      iter #   1 total cpu time :   168.6 secs   av.it.:   5.4
      thresh= 1.000E-02 alpha_mix =  0.700 |ddv_scf|^2 =  5.367E-08

      iter #   2 total cpu time :   169.7 secs   av.it.:   9.8
      thresh= 2.317E-05 alpha_mix =  0.700 |ddv_scf|^2 =  1.685E-09

      iter #   3 total cpu time :   170.8 secs   av.it.:   9.7
      thresh= 4.104E-06 alpha_mix =  0.700 |ddv_scf|^2 =  6.199E-11

      iter #   4 total cpu time :   171.9 secs   av.it.:   9.8
      thresh= 7.874E-07 alpha_mix =  0.700 |ddv_scf|^2 =  5.347E-13

     End of self-consistent calculation

     Convergence has been achieved 


     Representation #   5 mode #   5

     Self-consistent Calculation

      iter #   1 total cpu time :   172.7 secs   av.it.:   5.2
      thresh= 1.000E-02 alpha_mix =  0.700 |ddv_scf|^2 =  1.296E-07

      iter #   2 total cpu time :   173.8 secs   av.it.:  10.4
      thresh= 3.600E-05 alpha_mix =  0.700 |ddv_scf|^2 =  6.509E-08

      iter #   3 total cpu time :   174.9 secs   av.it.:   9.7
      thresh= 2.551E-05 alpha_mix =  0.700 |ddv_scf|^2 =  1.839E-09

      iter #   4 total cpu time :   176.0 secs   av.it.:   9.8
      thresh= 4.288E-06 alpha_mix =  0.700 |ddv_scf|^2 =  3.767E-11

      iter #   5 total cpu time :   177.1 secs   av.it.:  10.1
      thresh= 6.138E-07 alpha_mix =  0.700 |ddv_scf|^2 =  8.737E-13

     End of self-consistent calculation

     Convergence has been achieved 


     Representation #   6 mode #   6

     Self-consistent Calculation

      iter #   1 total cpu time :   178.0 secs   av.it.:   6.2
      thresh= 1.000E-02 alpha_mix =  0.700 |ddv_scf|^2 =  4.830E-06

      iter #   2 total cpu time :   179.1 secs   av.it.:  10.1
      thresh= 2.198E-04 alpha_mix =  0.700 |ddv_scf|^2 =  3.683E-06

      iter #   3 total cpu time :   180.2 secs   av.it.:   9.5
      thresh= 1.919E-04 alpha_mix =  0.700 |ddv_scf|^2 =  2.058E-09

      iter #   4 total cpu time :   181.3 secs   av.it.:   9.9
      thresh= 4.536E-06 alpha_mix =  0.700 |ddv_scf|^2 =  1.015E-10

      iter #   5 total cpu time :   182.4 secs   av.it.:  10.0
      thresh= 1.007E-06 alpha_mix =  0.700 |ddv_scf|^2 =  3.752E-13

     End of self-consistent calculation

     Convergence has been achieved 
 
     Number of q in the star =   12
     List of q in the star:
          1   0.353553391   0.000000000   0.353553391
          2  -0.353553391   0.000000000   0.353553391
          3  -0.353553391   0.000000000  -0.353553391
          4   0.353553391   0.000000000  -0.353553391
          5   0.000000000   0.353553391  -0.353553391
          6  -0.353553391   0.353553391   0.000000000
          7   0.000000000   0.353553391   0.353553391
          8   0.000000000  -0.353553391  -0.353553391
          9   0.353553391   0.353553391   0.000000000
         10   0.353553391  -0.353553391   0.000000000
         11  -0.353553391  -0.353553391   0.000000000
         12   0.000000000  -0.353553391   0.353553391

     Diagonalizing the dynamical matrix

     q = (    0.353553391   0.000000000   0.353553391 ) 

 **************************************************************************
     freq (    1) =       4.005786 [THz] =     133.618624 [cm-1]
     freq (    2) =       5.726050 [THz] =     191.000464 [cm-1]
     freq (    3) =       8.442360 [THz] =     281.606820 [cm-1]
     freq (    4) =      12.566648 [THz] =     419.178259 [cm-1]
     freq (    5) =      14.204925 [THz] =     473.825282 [cm-1]
     freq (    6) =      14.666873 [THz] =     489.234238 [cm-1]
 **************************************************************************

     Mode symmetry, C_2v (mm2)  point group:

     freq (   1-   1) =        133.6  [cm-1]   --> B_1  D_3  S_3      
     freq (   2-   2) =        191.0  [cm-1]   --> B_2  D_4  S_4      
     freq (   3-   3) =        281.6  [cm-1]   --> A_1  D_1  S_1      
     freq (   4-   4) =        419.2  [cm-1]   --> B_2  D_4  S_4      
     freq (   5-   5) =        473.8  [cm-1]   --> A_2  D_2  S_2      
     freq (   6-   6) =        489.2  [cm-1]   --> A_1  D_1  S_1      

     Calculation of q =    0.0000000  -0.7071068   0.0000000
 
     Parallelization info
     --------------------
     sticks:   dense  smooth     PW     G-vecs:    dense   smooth      PW
     Min          41      41     15                  614      614     135
     Max          42      42     16                  618      618     137
     Sum         499     499    187                 7391     7391    1639
 
     Using Slab Decomposition
 

     Title: 
     Si                                                                         


     bravais-lattice index     =            0
     lattice parameter (alat)  =       7.2074  a.u.
     unit-cell volume          =     264.7386 (a.u.)^3
     number of atoms/cell      =            2
     number of atomic types    =            1
     number of electrons       =         8.00
     number of Kohn-Sham states=            4
     kinetic-energy cutoff     =      35.0000  Ry
     charge density cutoff     =     140.0000  Ry
     Exchange-correlation= PW
                           (   1   4   0   0   0   0   0)

     celldm(1)=   7.207380  celldm(2)=   0.000000  celldm(3)=   0.000000
     celldm(4)=   0.000000  celldm(5)=   0.000000  celldm(6)=   0.000000

     crystal axes: (cart. coord. in units of alat)
               a(1) = (  -0.707107   0.000000   0.707107 )  
               a(2) = (   0.000000   0.707107   0.707107 )  
               a(3) = (  -0.707107   0.707107   0.000000 )  

     reciprocal axes: (cart. coord. in units 2 pi/alat)
               b(1) = ( -0.707107 -0.707107  0.707107 )  
               b(2) = (  0.707107  0.707107  0.707107 )  
               b(3) = ( -0.707107  0.707107 -0.707107 )  


     PseudoPot. # 1 for Si read from file:
     ./Si.upf
     MD5 check sum: 9e2d726316af3d4752eea8ab0afbb951
     Pseudo is Norm-conserving + core correction, Zval =  4.0
     Generated using ONCVPSP code by D. R. Hamann
     Using radial grid of 1510 points,  6 beta functions with: 
                l(1) =   0
                l(2) =   0
                l(3) =   1
                l(4) =   1
                l(5) =   2
                l(6) =   2

     atomic species   valence    mass     pseudopotential
     Si                4.00    28.08600     Si( 1.00)

     48 Sym. Ops., with inversion, found



   Cartesian axes

     site n.     atom                  positions (alat units)
         1        Si     tau(   1) = (   0.0000000   0.0000000   0.0000000  )
         2        Si     tau(   2) = (  -0.3535534   0.3535534   0.3535534  )

     number of k points=   326

     Number of k-points >= 100: set verbosity='high' to print them.

     Dense  grid:     7391 G-vectors     FFT dimensions: (  32,  32,  32)

     Estimated max dynamical RAM per process >       1.38 MB

     Estimated total dynamical RAM >      16.60 MB

     The potential is recalculated from file :
     ./tmp/_ph0/si.save/charge-density

     Starting wfcs are    8 atomic wfcs

     Band Structure Calculation
     Davidson diagonalization with overlap

     ethr =  1.25E-10,  avg # of iterations = 12.5

     total cpu time spent up to now is       14.7 secs

     End of band structure calculation

     Number of k-points >= 100: set verbosity='high' to print the bands.

     highest occupied level (ev):     6.2489

     Writing config to output data dir ./tmp/_ph0/si.save/ :
     XML data file

     Si                                                                         

     bravais-lattice index     =            0
     lattice parameter (alat)  =       7.2074  a.u.
     unit-cell volume          =     264.7386 (a.u.)^3
     number of atoms/cell      =            2
     number of atomic types    =            1
     kinetic-energy cut-off    =      35.0000  Ry
     charge density cut-off    =     140.0000  Ry
     convergence threshold     =      1.0E-12
     beta                      =       0.7000
     number of iterations used =            4
     Exchange-correlation= PW
                           (   1   4   0   0   0   0   0)


     celldm(1)=    7.20738  celldm(2)=    0.00000  celldm(3)=    0.00000
     celldm(4)=    0.00000  celldm(5)=    0.00000  celldm(6)=    0.00000

     crystal axes: (cart. coord. in units of alat)
               a(1) = ( -0.7071  0.0000  0.7071 )  
               a(2) = (  0.0000  0.7071  0.7071 )  
               a(3) = ( -0.7071  0.7071  0.0000 )  

     reciprocal axes: (cart. coord. in units 2 pi/alat)
               b(1) = ( -0.7071 -0.7071  0.7071 )  
               b(2) = (  0.7071  0.7071  0.7071 )  
               b(3) = ( -0.7071  0.7071 -0.7071 )  


     Atoms inside the unit cell: 

     Cartesian axes

     site n.  atom      mass           positions (alat units)
        1  Si     28.0860   tau(    1) = (    0.00000    0.00000    0.00000  )
        2  Si     28.0860   tau(    2) = (   -0.35355    0.35355    0.35355  )

     Computing dynamical matrix for 
                    q = (   0.0000000  -0.7071068   0.0000000 )
 
     17 Sym.Ops. (with q -> -q+G )


     G cutoff =  184.2142  (    618 G-vectors)     FFT grid: ( 32, 32, 32)
     number of k points=   326

     PseudoPot. # 1 for Si read from file:
     ./Si.upf
     MD5 check sum: 9e2d726316af3d4752eea8ab0afbb951
     Pseudo is Norm-conserving + core correction, Zval =  4.0
     Generated using ONCVPSP code by D. R. Hamann
     Using radial grid of 1510 points,  6 beta functions with: 
                l(1) =   0
                l(2) =   0
                l(3) =   1
                l(4) =   1
                l(5) =   2
                l(6) =   2


     Atomic displacements:
     There are    3 irreducible representations

     Representation     1      2 modes -  To be done

     Representation     2      2 modes -  To be done

     Representation     3      2 modes -  To be done



     Alpha used in Ewald sum =   1.5000
     PHONON       :   2m47.42s CPU   3m 3.39s WALL



     Representation #   1 modes #   1   2

     Self-consistent Calculation

      iter #   1 total cpu time :   183.9 secs   av.it.:   5.0
      thresh= 1.000E-02 alpha_mix =  0.700 |ddv_scf|^2 =  5.465E-09

      iter #   2 total cpu time :   184.6 secs   av.it.:  10.6
      thresh= 7.393E-06 alpha_mix =  0.700 |ddv_scf|^2 =  3.013E-10

      iter #   3 total cpu time :   185.4 secs   av.it.:  10.7
      thresh= 1.736E-06 alpha_mix =  0.700 |ddv_scf|^2 =  2.052E-12

      iter #   4 total cpu time :   186.2 secs   av.it.:  10.3
      thresh= 1.433E-07 alpha_mix =  0.700 |ddv_scf|^2 =  3.147E-14

     End of self-consistent calculation

     Convergence has been achieved 


     Representation #   2 modes #   3   4

     Self-consistent Calculation

      iter #   1 total cpu time :   186.8 secs   av.it.:   6.5
      thresh= 1.000E-02 alpha_mix =  0.700 |ddv_scf|^2 =  3.519E-06

      iter #   2 total cpu time :   187.5 secs   av.it.:  10.7
      thresh= 1.876E-04 alpha_mix =  0.700 |ddv_scf|^2 =  4.985E-06

      iter #   3 total cpu time :   188.3 secs   av.it.:  10.0
      thresh= 2.233E-04 alpha_mix =  0.700 |ddv_scf|^2 =  8.679E-10

      iter #   4 total cpu time :   189.0 secs   av.it.:  10.6
      thresh= 2.946E-06 alpha_mix =  0.700 |ddv_scf|^2 =  3.827E-11

      iter #   5 total cpu time :   189.8 secs   av.it.:  10.7
      thresh= 6.186E-07 alpha_mix =  0.700 |ddv_scf|^2 =  3.348E-13

     End of self-consistent calculation

     Convergence has been achieved 


     Representation #   3 modes #   5   6

     Self-consistent Calculation

      iter #   1 total cpu time :   190.4 secs   av.it.:   6.3
      thresh= 1.000E-02 alpha_mix =  0.700 |ddv_scf|^2 =  6.479E-07

      iter #   2 total cpu time :   191.2 secs   av.it.:  10.9
      thresh= 8.049E-05 alpha_mix =  0.700 |ddv_scf|^2 =  1.794E-07

      iter #   3 total cpu time :   192.0 secs   av.it.:  10.7
      thresh= 4.236E-05 alpha_mix =  0.700 |ddv_scf|^2 =  1.921E-10

      iter #   4 total cpu time :   192.7 secs   av.it.:  10.7
      thresh= 1.386E-06 alpha_mix =  0.700 |ddv_scf|^2 =  1.554E-13

     End of self-consistent calculation

     Convergence has been achieved 
 
     Number of q in the star =    3
     List of q in the star:
          1   0.000000000  -0.707106781   0.000000000
          2  -0.707106781   0.000000000   0.000000000
          3   0.000000000   0.000000000  -0.707106781

     Diagonalizing the dynamical matrix

     q = (    0.000000000  -0.707106781   0.000000000 ) 

 **************************************************************************
     freq (    1) =       4.100903 [THz] =     136.791390 [cm-1]
     freq (    2) =       4.100903 [THz] =     136.791390 [cm-1]
     freq (    3) =      12.235934 [THz] =     408.146817 [cm-1]
     freq (    4) =      12.235934 [THz] =     408.146817 [cm-1]
     freq (    5) =      13.835517 [THz] =     461.503184 [cm-1]
     freq (    6) =      13.835517 [THz] =     461.503184 [cm-1]
 **************************************************************************

     Calculation of q =   -0.3535534  -0.7071068   0.0000000
 
     Parallelization info
     --------------------
     sticks:   dense  smooth     PW     G-vecs:    dense   smooth      PW
     Min          41      41     16                  614      614     150
     Max          42      42     17                  618      618     152
     Sum         499     499    199                 7391     7391    1807
 
     Using Slab Decomposition
 

     Title: 
     Si                                                                         


     bravais-lattice index     =            0
     lattice parameter (alat)  =       7.2074  a.u.
     unit-cell volume          =     264.7386 (a.u.)^3
     number of atoms/cell      =            2
     number of atomic types    =            1
     number of electrons       =         8.00
     number of Kohn-Sham states=            4
     kinetic-energy cutoff     =      35.0000  Ry
     charge density cutoff     =     140.0000  Ry
     Exchange-correlation= PW
                           (   1   4   0   0   0   0   0)

     celldm(1)=   7.207380  celldm(2)=   0.000000  celldm(3)=   0.000000
     celldm(4)=   0.000000  celldm(5)=   0.000000  celldm(6)=   0.000000

     crystal axes: (cart. coord. in units of alat)
               a(1) = (  -0.707107   0.000000   0.707107 )  
               a(2) = (   0.000000   0.707107   0.707107 )  
               a(3) = (  -0.707107   0.707107   0.000000 )  

     reciprocal axes: (cart. coord. in units 2 pi/alat)
               b(1) = ( -0.707107 -0.707107  0.707107 )  
               b(2) = (  0.707107  0.707107  0.707107 )  
               b(3) = ( -0.707107  0.707107 -0.707107 )  


     PseudoPot. # 1 for Si read from file:
     ./Si.upf
     MD5 check sum: 9e2d726316af3d4752eea8ab0afbb951
     Pseudo is Norm-conserving + core correction, Zval =  4.0
     Generated using ONCVPSP code by D. R. Hamann
     Using radial grid of 1510 points,  6 beta functions with: 
                l(1) =   0
                l(2) =   0
                l(3) =   1
                l(4) =   1
                l(5) =   2
                l(6) =   2

     atomic species   valence    mass     pseudopotential
     Si                4.00    28.08600     Si( 1.00)

     48 Sym. Ops., with inversion, found



   Cartesian axes

     site n.     atom                  positions (alat units)
         1        Si     tau(   1) = (   0.0000000   0.0000000   0.0000000  )
         2        Si     tau(   2) = (  -0.3535534   0.3535534   0.3535534  )

     number of k points=   524

     Number of k-points >= 100: set verbosity='high' to print them.

     Dense  grid:     7391 G-vectors     FFT dimensions: (  32,  32,  32)

     Estimated max dynamical RAM per process >       1.39 MB

     Estimated total dynamical RAM >      16.68 MB

     The potential is recalculated from file :
     ./tmp/_ph0/si.save/charge-density

     Starting wfcs are    8 atomic wfcs

     Band Structure Calculation
     Davidson diagonalization with overlap

     ethr =  1.25E-10,  avg # of iterations = 12.4

     total cpu time spent up to now is       16.3 secs

     End of band structure calculation

     Number of k-points >= 100: set verbosity='high' to print the bands.

     highest occupied level (ev):     6.2489

     Writing config to output data dir ./tmp/_ph0/si.save/ :
     XML data file

     Si                                                                         

     bravais-lattice index     =            0
     lattice parameter (alat)  =       7.2074  a.u.
     unit-cell volume          =     264.7386 (a.u.)^3
     number of atoms/cell      =            2
     number of atomic types    =            1
     kinetic-energy cut-off    =      35.0000  Ry
     charge density cut-off    =     140.0000  Ry
     convergence threshold     =      1.0E-12
     beta                      =       0.7000
     number of iterations used =            4
     Exchange-correlation= PW
                           (   1   4   0   0   0   0   0)


     celldm(1)=    7.20738  celldm(2)=    0.00000  celldm(3)=    0.00000
     celldm(4)=    0.00000  celldm(5)=    0.00000  celldm(6)=    0.00000

     crystal axes: (cart. coord. in units of alat)
               a(1) = ( -0.7071  0.0000  0.7071 )  
               a(2) = (  0.0000  0.7071  0.7071 )  
               a(3) = ( -0.7071  0.7071  0.0000 )  

     reciprocal axes: (cart. coord. in units 2 pi/alat)
               b(1) = ( -0.7071 -0.7071  0.7071 )  
               b(2) = (  0.7071  0.7071  0.7071 )  
               b(3) = ( -0.7071  0.7071 -0.7071 )  


     Atoms inside the unit cell: 

     Cartesian axes

     site n.  atom      mass           positions (alat units)
        1  Si     28.0860   tau(    1) = (    0.00000    0.00000    0.00000  )
        2  Si     28.0860   tau(    2) = (   -0.35355    0.35355    0.35355  )

     Computing dynamical matrix for 
                    q = (  -0.3535534  -0.7071068   0.0000000 )
 
      8 Sym.Ops. (no q -> -q+G )


     G cutoff =  184.2142  (    618 G-vectors)     FFT grid: ( 32, 32, 32)
     number of k points=   524

     PseudoPot. # 1 for Si read from file:
     ./Si.upf
     MD5 check sum: 9e2d726316af3d4752eea8ab0afbb951
     Pseudo is Norm-conserving + core correction, Zval =  4.0
     Generated using ONCVPSP code by D. R. Hamann
     Using radial grid of 1510 points,  6 beta functions with: 
                l(1) =   0
                l(2) =   0
                l(3) =   1
                l(4) =   1
                l(5) =   2
                l(6) =   2


     Atomic displacements:
     There are    3 irreducible representations

     Representation     1      2 modes -  To be done

     Representation     2      2 modes -  To be done

     Representation     3      2 modes -  To be done



     Alpha used in Ewald sum =   1.5000
     PHONON       :   2m57.45s CPU   3m14.42s WALL



     Representation #   1 modes #   1   2

     Self-consistent Calculation

      iter #   1 total cpu time :   195.3 secs   av.it.:   6.0
      thresh= 1.000E-02 alpha_mix =  0.700 |ddv_scf|^2 =  4.094E-07

      iter #   2 total cpu time :   196.6 secs   av.it.:  11.0
      thresh= 6.398E-05 alpha_mix =  0.700 |ddv_scf|^2 =  2.458E-07

      iter #   3 total cpu time :   197.9 secs   av.it.:  10.6
      thresh= 4.957E-05 alpha_mix =  0.700 |ddv_scf|^2 =  2.833E-10

      iter #   4 total cpu time :   199.2 secs   av.it.:  10.9
      thresh= 1.683E-06 alpha_mix =  0.700 |ddv_scf|^2 =  1.428E-12

      iter #   5 total cpu time :   200.5 secs   av.it.:  10.7
      thresh= 1.195E-07 alpha_mix =  0.700 |ddv_scf|^2 =  1.388E-14

     End of self-consistent calculation

     Convergence has been achieved 


     Representation #   2 modes #   3   4

     Self-consistent Calculation

      iter #   1 total cpu time :   201.4 secs   av.it.:   6.3
      thresh= 1.000E-02 alpha_mix =  0.700 |ddv_scf|^2 =  2.011E-06

      iter #   2 total cpu time :   202.7 secs   av.it.:  11.0
      thresh= 1.418E-04 alpha_mix =  0.700 |ddv_scf|^2 =  2.761E-06

      iter #   3 total cpu time :   203.9 secs   av.it.:  10.2
      thresh= 1.662E-04 alpha_mix =  0.700 |ddv_scf|^2 =  2.797E-10

      iter #   4 total cpu time :   205.1 secs   av.it.:  10.8
      thresh= 1.672E-06 alpha_mix =  0.700 |ddv_scf|^2 =  8.761E-12

      iter #   5 total cpu time :   206.4 secs   av.it.:  10.8
      thresh= 2.960E-07 alpha_mix =  0.700 |ddv_scf|^2 =  5.580E-14

     End of self-consistent calculation

     Convergence has been achieved 


     Representation #   3 modes #   5   6

     Self-consistent Calculation

      iter #   1 total cpu time :   207.4 secs   av.it.:   6.4
      thresh= 1.000E-02 alpha_mix =  0.700 |ddv_scf|^2 =  1.523E-06

      iter #   2 total cpu time :   208.7 secs   av.it.:  10.9
      thresh= 1.234E-04 alpha_mix =  0.700 |ddv_scf|^2 =  9.961E-07

      iter #   3 total cpu time :   209.9 secs   av.it.:  10.4
      thresh= 9.980E-05 alpha_mix =  0.700 |ddv_scf|^2 =  2.049E-10

      iter #   4 total cpu time :   211.2 secs   av.it.:  10.8
      thresh= 1.431E-06 alpha_mix =  0.700 |ddv_scf|^2 =  7.801E-12

      iter #   5 total cpu time :   212.4 secs   av.it.:  10.5
      thresh= 2.793E-07 alpha_mix =  0.700 |ddv_scf|^2 =  2.560E-14

     End of self-consistent calculation

     Convergence has been achieved 
 
     Number of q in the star =    6
     List of q in the star:
          1  -0.353553391  -0.707106781   0.000000000
          2   0.000000000   0.707106781   0.353553391
          3   0.000000000  -0.707106781  -0.353553391
          4   0.353553391   0.707106781   0.000000000
          5  -0.707106781  -0.353553391   0.000000000
          6   0.000000000  -0.353553391  -0.707106781

     Diagonalizing the dynamical matrix

     q = (   -0.353553391  -0.707106781   0.000000000 ) 

 **************************************************************************
     freq (    1) =       5.921833 [THz] =     197.531076 [cm-1]
     freq (    2) =       5.921833 [THz] =     197.531076 [cm-1]
     freq (    3) =      10.548175 [THz] =     351.849258 [cm-1]
     freq (    4) =      10.548175 [THz] =     351.849258 [cm-1]
     freq (    5) =      14.011632 [THz] =     467.377746 [cm-1]
     freq (    6) =      14.011632 [THz] =     467.377746 [cm-1]
 **************************************************************************
 
     init_run     :      0.03s CPU      0.04s WALL (       7 calls)
     electrons    :     14.95s CPU     16.12s WALL (       7 calls)

     Called by init_run:
     wfcinit      :      0.00s CPU      0.00s WALL (       7 calls)
     potinit      :      0.00s CPU      0.00s WALL (       7 calls)
     hinit0       :      0.00s CPU      0.00s WALL (       7 calls)

     Called by electrons:
     c_bands      :     14.95s CPU     16.12s WALL (       7 calls)
     v_of_rho     :      0.00s CPU      0.00s WALL (       8 calls)

     Called by c_bands:
     init_us_2    :      1.18s CPU      1.30s WALL (  114180 calls)
     cegterg      :     12.78s CPU     13.76s WALL (    5436 calls)

     Called by *egterg:
     cdiaghg      :      1.55s CPU      1.67s WALL (   73338 calls)
     h_psi        :    136.29s CPU    149.41s WALL ( 1065192 calls)
     g_psi        :      0.06s CPU      0.07s WALL (   67902 calls)

     Called by h_psi:
     h_psi:calbec :     11.08s CPU     12.13s WALL ( 1065192 calls)
     vloc_psi     :    118.85s CPU    130.32s WALL ( 1065192 calls)
     add_vuspsi   :      3.61s CPU      3.98s WALL ( 1065192 calls)

     General routines
     calbec       :     11.07s CPU     12.16s WALL ( 1160268 calls)
     fft          :      0.09s CPU      0.12s WALL (    2229 calls)
     ffts         :      0.49s CPU      0.54s WALL (   17364 calls)
     fftw         :    126.01s CPU    138.16s WALL ( 9113856 calls)
     davcio       :      1.56s CPU      1.73s WALL (  471288 calls)
 
     Parallel routines
 
     PHONON       :   3m13.78s CPU   3m32.43s WALL

     INITIALIZATION: 
     phq_setup    :      0.01s CPU      0.01s WALL (       8 calls)
     phq_init     :      0.54s CPU      0.58s WALL (       8 calls)
 
     phq_init     :      0.54s CPU      0.58s WALL (       8 calls)
     set_drhoc    :      0.00s CPU      0.00s WALL (      24 calls)
     init_vloc    :      0.00s CPU      0.00s WALL (       8 calls)
     init_us_1    :      0.00s CPU      0.00s WALL (       8 calls)
     init_us_2    :      1.18s CPU      1.30s WALL (  114180 calls)
 
     DYNAMICAL MATRIX:
     dynmat0      :      0.41s CPU      0.43s WALL (       8 calls)
     dynmat_us    :      0.41s CPU      0.42s WALL (       8 calls)
     d2ionq       :      0.00s CPU      0.00s WALL (       8 calls)
     dynmatcc     :      0.00s CPU      0.00s WALL (       8 calls)
     phqscf       :    174.84s CPU    191.91s WALL (       8 calls)
     dynmatrix    :      0.00s CPU      0.00s WALL (       8 calls)
 
     phqscf       :    174.84s CPU    191.91s WALL (       8 calls)
     solve_linter :    173.93s CPU    190.92s WALL (      32 calls)
     sth_kernel   :    170.55s CPU    187.29s WALL (     171 calls)
     h_prec       :      0.44s CPU      0.48s WALL (   75982 calls)
     apply_dpot_b :     10.00s CPU     11.00s WALL (   73507 calls)
     ortho        :      0.82s CPU      0.91s WALL (   90679 calls)
     cgsolve      :    144.99s CPU    159.17s WALL (   90679 calls)
     incdrhoscf   :     12.47s CPU     13.70s WALL (   90463 calls)
                                        0.00s GPU  (   90463 calls)
     dv_of_drho   :      0.02s CPU      0.03s WALL (     249 calls)
     mix_pot      :      0.04s CPU      0.05s WALL (     171 calls)
     drhodv       :      0.89s CPU      0.96s WALL (      32 calls)
     psymdvscf    :      1.56s CPU      1.59s WALL (     171 calls)
     com_dvloc    :      0.61s CPU      0.67s WALL (   17364 calls)
                                        0.00s GPU  (   17364 calls)
     addcore      :      0.06s CPU      0.09s WALL (    1002 calls)
                                        0.00s GPU  (    1002 calls)
 
     dvqpsi_us    :      3.89s CPU      4.25s WALL (   17172 calls)
                                        0.00s GPU  (   17172 calls)
     dvqpsi_us_on :      1.03s CPU      1.12s WALL (   17172 calls)
 
     add_vuspsi   :      3.61s CPU      3.98s WALL ( 1065192 calls)
 
 
      General routines
     calbec       :     11.07s CPU     12.16s WALL ( 1160268 calls)
     fft          :      0.09s CPU      0.12s WALL (    2229 calls)
     ffts         :      0.49s CPU      0.54s WALL (   17364 calls)
     fftw         :    126.01s CPU    138.16s WALL ( 9113856 calls)
     davcio       :      1.56s CPU      1.73s WALL (  471288 calls)
     write_rec    :      0.03s CPU      0.06s WALL (     203 calls)
 
      Additional routines
     ch_psi       :    137.09s CPU    150.49s WALL (  986418 calls)
     last         :      8.73s CPU      9.59s WALL (  986418 calls)
     Hesh         :      0.53s CPU      0.58s WALL (  986418 calls)
     ch_psi_all_k :      6.94s CPU      7.62s WALL (  986418 calls)
                                        0.00s GPU  (  986418 calls)
     h_psi_bgrp   :    137.08s CPU    150.28s WALL ( 1065192 calls)
     h_psi        :    136.29s CPU    149.41s WALL ( 1065192 calls)
     h_psi:pot    :    135.27s CPU    148.29s WALL ( 1065192 calls)
     h_psi:calbec :     11.08s CPU     12.13s WALL ( 1065192 calls)
     s_psi_bgrp   :      0.84s CPU      0.90s WALL ( 2063515 calls)
 
 
     PHONON       :   3m13.78s CPU   3m32.43s WALL

 
   This run was terminated on:  21:37:35  26Apr2026            

=------------------------------------------------------------------------------=
   JOB DONE.
=------------------------------------------------------------------------------=
